??turbo 2.9.4

   ??Packages in scope: @eh/quill-cli, @eh/quill-engine, @eh/shared-types, eh-code-studio-desktop
   ??Running build in 4 packages
   ??Remote caching disabled

@eh/shared-types:build: cache hit, replaying logs 1090fb3441cb95c5
@eh/shared-types:build: 
@eh/shared-types:build: > @eh/shared-types@0.1.0 build C:\eh-universe-web\packages\shared-types
@eh/shared-types:build: > tsc
@eh/shared-types:build: 
@eh/quill-engine:build: cache hit, replaying logs eaa5813e9d7fafde
@eh/quill-engine:build: 
@eh/quill-engine:build: > @eh/quill-engine@0.1.0 build C:\eh-universe-web\packages\quill-engine
@eh/quill-engine:build: > tsc
@eh/quill-engine:build: 
@eh/quill-cli:build: cache hit, replaying logs 2366c8c280321cb2
@eh/quill-cli:build: 
@eh/quill-cli:build: > @eh/quill-cli@0.1.0 build C:\eh-universe-web\packages\quill-cli
@eh/quill-cli:build: > tsc
@eh/quill-cli:build: 
eh-code-studio-desktop:build: cache miss, executing 97daa6dc58da1ba0
eh-code-studio-desktop:build: 
eh-code-studio-desktop:build: > eh-code-studio-desktop@0.1.0-alpha build C:\eh-universe-web\apps\desktop
eh-code-studio-desktop:build: > next build renderer
eh-code-studio-desktop:build: 
eh-code-studio-desktop:build: ??Next.js 16.2.1 (Turbopack)
eh-code-studio-desktop:build: 
eh-code-studio-desktop:build:   Creating an optimized production build ...
eh-code-studio-desktop:build: Turbopack build encountered 3 warnings:
eh-code-studio-desktop:build: ./apps/desktop/renderer/components/ui/ActionBar.tsx:77:56
eh-code-studio-desktop:build: Module not found: Can't resolve '@/lib/web-features'
eh-code-studio-desktop:build:   [90m75 |[0m   [36mconst[0m handleShare = useCallback([36masync[0m () => {
eh-code-studio-desktop:build:   [90m76 |[0m     [36mtry[0m {
eh-code-studio-desktop:build: [31m[1m>[0m [90m77 |[0m       [36mconst[0m { createShareLink, copyShareLink } = [36mawait[0m [36mimport[0m([32m'@/lib/web-features'[0m);
eh-code-studio-desktop:build:   [90m   |[0m                                                        [31m[1m^^^^^^^^^^^^^^^^^^^^^^^^^^^^[0m
eh-code-studio-desktop:build:   [90m78 |[0m       [36mconst[0m result = [36mawait[0m createShareLink({ [36mtype[0m: shareType, title, content });
eh-code-studio-desktop:build:   [90m79 |[0m       [36mawait[0m copyShareLink(result.url);
eh-code-studio-desktop:build:   [90m80 |[0m       setShared([36mtrue[0m);
eh-code-studio-desktop:build: 
eh-code-studio-desktop:build: Import map: aliased to relative './lib/web-features' inside of [project]/apps/desktop/renderer
eh-code-studio-desktop:build: 
eh-code-studio-desktop:build: 
eh-code-studio-desktop:build: Import trace:
eh-code-studio-desktop:build:   Client Component Browser:
eh-code-studio-desktop:build:     ./apps/desktop/renderer/components/ui/ActionBar.tsx [Client Component Browser]
eh-code-studio-desktop:build:     ./apps/desktop/renderer/components/code-studio/AgentPanel.tsx [Client Component Browser]
eh-code-studio-desktop:build:     ./apps/desktop/renderer/components/code-studio/PanelImports.ts [Client Component Browser]
eh-code-studio-desktop:build:     ./apps/desktop/renderer/components/code-studio/CodeStudioShell.tsx [Client Component Browser]
eh-code-studio-desktop:build:     ./apps/desktop/renderer/app/code-studio/page.tsx [Client Component Browser]
eh-code-studio-desktop:build:     ./apps/desktop/renderer/app/code-studio/page.tsx [Server Component]
eh-code-studio-desktop:build: 
eh-code-studio-desktop:build: https://nextjs.org/docs/messages/module-not-found
eh-code-studio-desktop:build: 
eh-code-studio-desktop:build: 
eh-code-studio-desktop:build: ./apps/desktop/renderer/components/code-studio/DeployPanel.tsx:409:31
eh-code-studio-desktop:build: Module not found: Can't resolve 'jszip'
eh-code-studio-desktop:build:   [90m407 |[0m   [36mtry[0m {
eh-code-studio-desktop:build:   [90m408 |[0m     [90m// eslint-disable-next-line @typescript-eslint/no-explicit-any[0m
eh-code-studio-desktop:build: [31m[1m>[0m [90m409 |[0m     [36mconst[0m [33mJSZipModule[0m = [36mawait[0m [36mimport[0m([32m"jszip"[0m [36mas[0m any);
eh-code-studio-desktop:build:   [90m    |[0m                               [31m[1m^^^^^^^^^^^^^^^^^^^^^^[0m
eh-code-studio-desktop:build:   [90m410 |[0m     [36mconst[0m [33mJSZip[0m = [33mJSZipModule[0m.[36mdefault[0m ?? [33mJSZipModule[0m;
eh-code-studio-desktop:build:   [90m411 |[0m     [36mconst[0m zip = [36mnew[0m [33mJSZip[0m();
eh-code-studio-desktop:build:   [90m412 |[0m
eh-code-studio-desktop:build: 
eh-code-studio-desktop:build: 
eh-code-studio-desktop:build: 
eh-code-studio-desktop:build: Import trace:
eh-code-studio-desktop:build:   Client Component Browser:
eh-code-studio-desktop:build:     ./apps/desktop/renderer/components/code-studio/DeployPanel.tsx [Client Component Browser]
eh-code-studio-desktop:build:     ./apps/desktop/renderer/components/code-studio/PanelImports.ts [Client Component Browser]
eh-code-studio-desktop:build:     ./apps/desktop/renderer/components/code-studio/CodeStudioShell.tsx [Client Component Browser]
eh-code-studio-desktop:build:     ./apps/desktop/renderer/app/code-studio/page.tsx [Client Component Browser]
eh-code-studio-desktop:build:     ./apps/desktop/renderer/app/code-studio/page.tsx [Server Component]
eh-code-studio-desktop:build: 
eh-code-studio-desktop:build: https://nextjs.org/docs/messages/module-not-found
eh-code-studio-desktop:build: 
eh-code-studio-desktop:build: 
eh-code-studio-desktop:build: ./apps/desktop/renderer/components/code-studio/DatabasePanel.tsx:86:32
eh-code-studio-desktop:build: Module not found: Can't resolve 'sql.js'
eh-code-studio-desktop:build:   [90m84 |[0m     [36mtry[0m {
eh-code-studio-desktop:build:   [90m85 |[0m       [90m// eslint-disable-next-line @typescript-eslint/no-explicit-any[0m
eh-code-studio-desktop:build: [31m[1m>[0m [90m86 |[0m       [36mconst[0m initSqlJs = ([36mawait[0m [36mimport[0m([32m"sql.js"[0m [36mas[0m any)).[36mdefault[0m [36mas[0m (config?: [33mRecord[0m<string...
eh-code-studio-desktop:build:   [90m   |[0m                                [31m[1m^^^^^^^^^^^^^^^^^^^^^^^[0m
eh-code-studio-desktop:build:   [90m87 |[0m       [36mconst[0m [33mSQL[0m = [36mawait[0m initSqlJs({
eh-code-studio-desktop:build:   [90m88 |[0m         locateFile: (file: string) => [32m`https://sql.js.org/dist/[0m${file[32m}`[0m,
eh-code-studio-desktop:build:   [90m89 |[0m       });
eh-code-studio-desktop:build: 
eh-code-studio-desktop:build: 
eh-code-studio-desktop:build: 
eh-code-studio-desktop:build: Import trace:
eh-code-studio-desktop:build:   Client Component Browser:
eh-code-studio-desktop:build:     ./apps/desktop/renderer/components/code-studio/DatabasePanel.tsx [Client Component Browser]
eh-code-studio-desktop:build:     ./apps/desktop/renderer/components/code-studio/PanelImports.ts [Client Component Browser]
eh-code-studio-desktop:build:     ./apps/desktop/renderer/components/code-studio/CodeStudioShell.tsx [Client Component Browser]
eh-code-studio-desktop:build:     ./apps/desktop/renderer/app/code-studio/page.tsx [Client Component Browser]
eh-code-studio-desktop:build:     ./apps/desktop/renderer/app/code-studio/page.tsx [Server Component]
eh-code-studio-desktop:build: 
eh-code-studio-desktop:build: https://nextjs.org/docs/messages/module-not-found
eh-code-studio-desktop:build: 
eh-code-studio-desktop:build: 
eh-code-studio-desktop:build: 
eh-code-studio-desktop:build: > Build error occurred
eh-code-studio-desktop:build: Error: Turbopack build failed with 92 errors:
eh-code-studio-desktop:build: ./apps/desktop/renderer/hooks/useCodeStudioChat.ts:12:1
eh-code-studio-desktop:build: Module not found: Can't resolve '../_stubs/ai-providers'
eh-code-studio-desktop:build:   [90m10 |[0m
eh-code-studio-desktop:build:   [90m11 |[0m [36mimport[0m { useState, useCallback, useRef } [36mfrom[0m [32m'react'[0m;
eh-code-studio-desktop:build: [31m[1m>[0m [90m12 |[0m [36mimport[0m { streamChat, [36mtype[0m [33mChatMsg[0m } [36mfrom[0m [32m'../_stubs/ai-providers'[0m;
eh-code-studio-desktop:build:   [90m   |[0m [31m[1m^^^^^^^^^^^^^^^^^^^^^^^^^^^^^^^^^^^^^^^^^^^^^^^^^^^^^^^^^^^^^^^^^^[0m
eh-code-studio-desktop:build:   [90m13 |[0m [36mimport[0m { saveChatSession, loadChatSession, [36mtype[0m [33mStoredChatSession[0m } [36mfrom[0m [32m'@/lib/code-studi...[0m
eh-code-studio-desktop:build:   [90m14 |[0m [36mimport[0m { [33mDESIGN_SYSTEM_MINIMAL[0m } [36mfrom[0m [32m'@/lib/code-studio/core/design-system-spec'[0m;
eh-code-studio-desktop:build:   [90m15 |[0m
eh-code-studio-desktop:build: 
eh-code-studio-desktop:build: 
eh-code-studio-desktop:build: 
eh-code-studio-desktop:build: Import trace:
eh-code-studio-desktop:build:   Client Component Browser:
eh-code-studio-desktop:build:     ./apps/desktop/renderer/hooks/useCodeStudioChat.ts [Client Component Browser]
eh-code-studio-desktop:build:     ./apps/desktop/renderer/components/code-studio/ChatPanel.tsx [Client Component Browser]
eh-code-studio-desktop:build:     ./apps/desktop/renderer/components/code-studio/PanelImports.ts [Client Component Browser]
eh-code-studio-desktop:build:     ./apps/desktop/renderer/components/code-studio/CodeStudioShell.tsx [Client Component Browser]
eh-code-studio-desktop:build:     ./apps/desktop/renderer/app/code-studio/page.tsx [Client Component Browser]
eh-code-studio-desktop:build:     ./apps/desktop/renderer/app/code-studio/page.tsx [Server Component]
eh-code-studio-desktop:build: 
eh-code-studio-desktop:build: https://nextjs.org/docs/messages/module-not-found
eh-code-studio-desktop:build: 
eh-code-studio-desktop:build: 
eh-code-studio-desktop:build: ./apps/desktop/renderer/hooks/useCodeStudioComposer.ts:6:1
eh-code-studio-desktop:build: Module not found: Can't resolve '../_stubs/ai-providers'
eh-code-studio-desktop:build:   [90m4 |[0m
eh-code-studio-desktop:build:   [90m5 |[0m [36mimport[0m { useState, useCallback, useRef, useMemo } [36mfrom[0m [32m'react'[0m;
eh-code-studio-desktop:build: [31m[1m>[0m [90m6 |[0m [36mimport[0m { streamChat } [36mfrom[0m [32m'../_stubs/ai-providers'[0m;
eh-code-studio-desktop:build:   [90m  |[0m [31m[1m^^^^^^^^^^^^^^^^^^^^^^^^^^^^^^^^^^^^^^^^^^^^^^^^^^^^[0m
eh-code-studio-desktop:build:   [90m7 |[0m [36mimport[0m { logger } [36mfrom[0m [32m'../_stubs/logger'[0m;
eh-code-studio-desktop:build:   [90m8 |[0m [36mimport[0m [36mtype[0m { [33mFileNode[0m } [36mfrom[0m [32m'@eh/quill-engine/types'[0m;
eh-code-studio-desktop:build:   [90m9 |[0m [36mimport[0m {
eh-code-studio-desktop:build: 
eh-code-studio-desktop:build: 
eh-code-studio-desktop:build: 
eh-code-studio-desktop:build: Import trace:
eh-code-studio-desktop:build:   Client Component Browser:
eh-code-studio-desktop:build:     ./apps/desktop/renderer/hooks/useCodeStudioComposer.ts [Client Component Browser]
eh-code-studio-desktop:build:     ./apps/desktop/renderer/components/code-studio/CodeStudioShell.tsx [Client Component Browser]
eh-code-studio-desktop:build:     ./apps/desktop/renderer/app/code-studio/page.tsx [Client Component Browser]
eh-code-studio-desktop:build:     ./apps/desktop/renderer/app/code-studio/page.tsx [Server Component]
eh-code-studio-desktop:build: 
eh-code-studio-desktop:build: https://nextjs.org/docs/messages/module-not-found
eh-code-studio-desktop:build: 
eh-code-studio-desktop:build: 
eh-code-studio-desktop:build: ./apps/desktop/renderer/hooks/useCodeStudioPanels.ts:13:1
eh-code-studio-desktop:build: Module not found: Can't resolve '../_stubs/ai-providers'
eh-code-studio-desktop:build:   [90m11 |[0m
eh-code-studio-desktop:build:   [90m12 |[0m [36mimport[0m { useState, useCallback, useRef, useMemo } [36mfrom[0m [32m"react"[0m;
eh-code-studio-desktop:build: [31m[1m>[0m [90m13 |[0m [36mimport[0m { streamChat, [36mtype[0m [33mChatMsg[0m } [36mfrom[0m [32m"../_stubs/ai-providers"[0m;
eh-code-studio-desktop:build:   [90m   |[0m [31m[1m^^^^^^^^^^^^^^^^^^^^^^^^^^^^^^^^^^^^^^^^^^^^^^^^^^^^^^^^^^^^^^^^^^[0m
eh-code-studio-desktop:build:   [90m14 |[0m [36mimport[0m [36mtype[0m { [33mAgentRole[0m } [36mfrom[0m [32m"@/lib/code-studio/ai/agents"[0m;
eh-code-studio-desktop:build:   [90m15 |[0m [36mimport[0m [36mtype[0m { [33mFileNode[0m } [36mfrom[0m [32m"@eh/quill-engine/types"[0m;
eh-code-studio-desktop:build:   [90m16 |[0m [36mimport[0m [36mtype[0m { [33mCanvasNode[0m, [33mCanvasConnection[0m } [36mfrom[0m [32m"@/components/code-studio/CanvasPanel"[0m;
eh-code-studio-desktop:build: 
eh-code-studio-desktop:build: 
eh-code-studio-desktop:build: 
eh-code-studio-desktop:build: Import trace:
eh-code-studio-desktop:build:   Client Component Browser:
eh-code-studio-desktop:build:     ./apps/desktop/renderer/hooks/useCodeStudioPanels.ts [Client Component Browser]
eh-code-studio-desktop:build:     ./apps/desktop/renderer/components/code-studio/CodeStudioShell.tsx [Client Component Browser]
eh-code-studio-desktop:build:     ./apps/desktop/renderer/app/code-studio/page.tsx [Client Component Browser]
eh-code-studio-desktop:build:     ./apps/desktop/renderer/app/code-studio/page.tsx [Server Component]
eh-code-studio-desktop:build: 
eh-code-studio-desktop:build: https://nextjs.org/docs/messages/module-not-found
eh-code-studio-desktop:build: 
eh-code-studio-desktop:build: 
eh-code-studio-desktop:build: ./apps/desktop/renderer/lib/code-studio/ai/agents.ts:5:1
eh-code-studio-desktop:build: Module not found: Can't resolve '../_stubs/ai-providers'
eh-code-studio-desktop:build:   [90m3 |[0m [90m// ============================================================[0m
eh-code-studio-desktop:build:   [90m4 |[0m
eh-code-studio-desktop:build: [31m[1m>[0m [90m5 |[0m [36mimport[0m { streamChat } [36mfrom[0m [32m'../_stubs/ai-providers'[0m;
eh-code-studio-desktop:build:   [90m  |[0m [31m[1m^^^^^^^^^^^^^^^^^^^^^^^^^^^^^^^^^^^^^^^^^^^^^^^^^^^^[0m
eh-code-studio-desktop:build:   [90m6 |[0m [36mimport[0m { streamWithMultiKey, isMultiKeyActive } [36mfrom[0m [32m'@/lib/multi-key-bridge'[0m;
eh-code-studio-desktop:build:   [90m7 |[0m [36mimport[0m { [36mtype[0m [33mAgentRole[0m [36mas[0m [33mMultiKeyAgentRole[0m } [36mfrom[0m [32m'@/lib/multi-key-manager'[0m;
eh-code-studio-desktop:build:   [90m8 |[0m [36mimport[0m { [33mCODE_STUDIO_ARCHITECTURE_APPENDIX[0m } [36mfrom[0m [32m'@/lib/code-studio/core/architecture-spec'[0m;
eh-code-studio-desktop:build: 
eh-code-studio-desktop:build: 
eh-code-studio-desktop:build: 
eh-code-studio-desktop:build: Import trace:
eh-code-studio-desktop:build:   Client Component Browser:
eh-code-studio-desktop:build:     ./apps/desktop/renderer/lib/code-studio/ai/agents.ts [Client Component Browser]
eh-code-studio-desktop:build:     ./apps/desktop/renderer/components/code-studio/AgentPanel.tsx [Client Component Browser]
eh-code-studio-desktop:build:     ./apps/desktop/renderer/components/code-studio/PanelImports.ts [Client Component Browser]
eh-code-studio-desktop:build:     ./apps/desktop/renderer/components/code-studio/CodeStudioShell.tsx [Client Component Browser]
eh-code-studio-desktop:build:     ./apps/desktop/renderer/app/code-studio/page.tsx [Client Component Browser]
eh-code-studio-desktop:build:     ./apps/desktop/renderer/app/code-studio/page.tsx [Server Component]
eh-code-studio-desktop:build: 
eh-code-studio-desktop:build: https://nextjs.org/docs/messages/module-not-found
eh-code-studio-desktop:build: 
eh-code-studio-desktop:build: 
eh-code-studio-desktop:build: ./apps/desktop/renderer/lib/code-studio/ai/agents.ts:14:1
eh-code-studio-desktop:build: Module not found: Can't resolve '../_stubs/ai-providers'
eh-code-studio-desktop:build:   [90m12 |[0m
eh-code-studio-desktop:build:   [90m13 |[0m [90m// Re-export for consumers that need provider info alongside agent sessions.[0m
eh-code-studio-desktop:build: [31m[1m>[0m [90m14 |[0m [36mexport[0m { getApiKey, getActiveProvider } [36mfrom[0m [32m'../_stubs/ai-providers'[0m;
eh-code-studio-desktop:build:   [90m   |[0m [31m[1m^^^^^^^^^^^^^^^^^^^^^^^^^^^^^^^^^^^^^^^^^^^^^^^^^^^^^^^^^^^^^^^^^^^^^^[0m
eh-code-studio-desktop:build:   [90m15 |[0m
eh-code-studio-desktop:build:   [90m16 |[0m [36mimport[0m { [36mtype[0m [33mAgentRole[0m, [33mAGENT_REGISTRY[0m } [36mfrom[0m [32m'@/types/code-studio-agent'[0m;
eh-code-studio-desktop:build:   [90m17 |[0m
eh-code-studio-desktop:build: 
eh-code-studio-desktop:build: 
eh-code-studio-desktop:build: 
eh-code-studio-desktop:build: Import trace:
eh-code-studio-desktop:build:   Client Component Browser:
eh-code-studio-desktop:build:     ./apps/desktop/renderer/lib/code-studio/ai/agents.ts [Client Component Browser]
eh-code-studio-desktop:build:     ./apps/desktop/renderer/components/code-studio/AgentPanel.tsx [Client Component Browser]
eh-code-studio-desktop:build:     ./apps/desktop/renderer/components/code-studio/PanelImports.ts [Client Component Browser]
eh-code-studio-desktop:build:     ./apps/desktop/renderer/components/code-studio/CodeStudioShell.tsx [Client Component Browser]
eh-code-studio-desktop:build:     ./apps/desktop/renderer/app/code-studio/page.tsx [Client Component Browser]
eh-code-studio-desktop:build:     ./apps/desktop/renderer/app/code-studio/page.tsx [Server Component]
eh-code-studio-desktop:build: 
eh-code-studio-desktop:build: https://nextjs.org/docs/messages/module-not-found
eh-code-studio-desktop:build: 
eh-code-studio-desktop:build: 
eh-code-studio-desktop:build: ./apps/desktop/renderer/lib/code-studio/ai/ai-features.ts:6:1
eh-code-studio-desktop:build: Module not found: Can't resolve '../_stubs/ai-providers'
eh-code-studio-desktop:build:   [90m4 |[0m [90m// ============================================================[0m
eh-code-studio-desktop:build:   [90m5 |[0m
eh-code-studio-desktop:build: [31m[1m>[0m [90m6 |[0m [36mimport[0m { streamChat, getActiveProvider, [33mPROVIDERS[0m } [36mfrom[0m [32m'../_stubs/ai-providers'[0m;
eh-code-studio-desktop:build:   [90m  |[0m [31m[1m^^^^^^^^^^^^^^^^^^^^^^^^^^^^^^^^^^^^^^^^^^^^^^^^^^^^^^^^^^^^^^^^^^^^^^^^^^^^^^^^^^[0m
eh-code-studio-desktop:build:   [90m7 |[0m [36mimport[0m { logger } [36mfrom[0m [32m'../_stubs/logger'[0m;
eh-code-studio-desktop:build:   [90m8 |[0m [36mimport[0m { buildQualityRulesPrompt, buildFPSuppressionPrompt } [36mfrom[0m [32m'@eh/quill-engine/quality...[0m
eh-code-studio-desktop:build:   [90m9 |[0m [36mimport[0m { ariManager } [36mfrom[0m [32m'@eh/quill-engine/ari-engine'[0m;
eh-code-studio-desktop:build: 
eh-code-studio-desktop:build: 
eh-code-studio-desktop:build: 
eh-code-studio-desktop:build: Import trace:
eh-code-studio-desktop:build:   Client Component Browser:
eh-code-studio-desktop:build:     ./apps/desktop/renderer/lib/code-studio/ai/ai-features.ts [Client Component Browser]
eh-code-studio-desktop:build:     ./apps/desktop/renderer/components/code-studio/CodeStudioPanelManager.tsx [Client Component Browser]
eh-code-studio-desktop:build:     ./apps/desktop/renderer/components/code-studio/CodeStudioShell.tsx [Client Component Browser]
eh-code-studio-desktop:build:     ./apps/desktop/renderer/app/code-studio/page.tsx [Client Component Browser]
eh-code-studio-desktop:build:     ./apps/desktop/renderer/app/code-studio/page.tsx [Server Component]
eh-code-studio-desktop:build: 
eh-code-studio-desktop:build: https://nextjs.org/docs/messages/module-not-found
eh-code-studio-desktop:build: 
eh-code-studio-desktop:build: 
eh-code-studio-desktop:build: ./apps/desktop/renderer/lib/code-studio/ai/ghost.ts:9:1
eh-code-studio-desktop:build: Module not found: Can't resolve '../_stubs/ai-providers'
eh-code-studio-desktop:build:   [90m 7 |[0m [90m// Tab?쇰줈 ?섎씫, Escape濡?嫄곕?.[0m
eh-code-studio-desktop:build:   [90m 8 |[0m
eh-code-studio-desktop:build: [31m[1m>[0m [90m 9 |[0m [36mimport[0m { streamChat, getApiKey, getActiveProvider } [36mfrom[0m [32m'../_stubs/ai-providers'[0m;
eh-code-studio-desktop:build:   [90m   |[0m [31m[1m^^^^^^^^^^^^^^^^^^^^^^^^^^^^^^^^^^^^^^^^^^^^^^^^^^^^^^^^^^^^^^^^^^^^^^^^^^^^^^^^^^[0m
eh-code-studio-desktop:build:   [90m10 |[0m
eh-code-studio-desktop:build:   [90m11 |[0m [90m// ?붾컮?댁뒪 + 痍⑥냼 ?쒖뼱[0m
eh-code-studio-desktop:build:   [90m12 |[0m [36mlet[0m debounceTimer: [33mReturnType[0m<[36mtypeof[0m setTimeout> | [36mundefined[0m;
eh-code-studio-desktop:build: 
eh-code-studio-desktop:build: 
eh-code-studio-desktop:build: 
eh-code-studio-desktop:build: Import trace:
eh-code-studio-desktop:build:   Client Component Browser:
eh-code-studio-desktop:build:     ./apps/desktop/renderer/lib/code-studio/ai/ghost.ts [Client Component Browser]
eh-code-studio-desktop:build:     ./apps/desktop/renderer/components/code-studio/CodeStudioEditor.tsx [Client Component Browser]
eh-code-studio-desktop:build:     ./apps/desktop/renderer/components/code-studio/CodeStudioShell.tsx [Client Component Browser]
eh-code-studio-desktop:build:     ./apps/desktop/renderer/app/code-studio/page.tsx [Client Component Browser]
eh-code-studio-desktop:build:     ./apps/desktop/renderer/app/code-studio/page.tsx [Server Component]
eh-code-studio-desktop:build: 
eh-code-studio-desktop:build: https://nextjs.org/docs/messages/module-not-found
eh-code-studio-desktop:build: 
eh-code-studio-desktop:build: 
eh-code-studio-desktop:build: ./apps/desktop/renderer/lib/code-studio/features/app-generator.ts:5:1
eh-code-studio-desktop:build: Module not found: Can't resolve '../_stubs/ai-providers'
eh-code-studio-desktop:build:   [90m3 |[0m [90m// ============================================================[0m
eh-code-studio-desktop:build:   [90m4 |[0m
eh-code-studio-desktop:build: [31m[1m>[0m [90m5 |[0m [36mimport[0m { streamChat } [36mfrom[0m [32m'../_stubs/ai-providers'[0m;
eh-code-studio-desktop:build:   [90m  |[0m [31m[1m^^^^^^^^^^^^^^^^^^^^^^^^^^^^^^^^^^^^^^^^^^^^^^^^^^^^[0m
eh-code-studio-desktop:build:   [90m6 |[0m [36mimport[0m { [33mDESIGN_SYSTEM_COMPACT[0m } [36mfrom[0m [32m'@/lib/code-studio/core/design-system-spec'[0m;
eh-code-studio-desktop:build:   [90m7 |[0m [36mimport[0m { detectPreset, buildPresetPrompt } [36mfrom[0m [32m'@/lib/code-studio/core/design-presets'[0m;
eh-code-studio-desktop:build:   [90m8 |[0m
eh-code-studio-desktop:build: 
eh-code-studio-desktop:build: 
eh-code-studio-desktop:build: 
eh-code-studio-desktop:build: Import trace:
eh-code-studio-desktop:build:   Client Component Browser:
eh-code-studio-desktop:build:     ./apps/desktop/renderer/lib/code-studio/features/app-generator.ts [Client Component Browser]
eh-code-studio-desktop:build:     ./apps/desktop/renderer/components/code-studio/CodeCreatorPanel.tsx [Client Component Browser]
eh-code-studio-desktop:build:     ./apps/desktop/renderer/components/code-studio/PanelImports.ts [Client Component Browser]
eh-code-studio-desktop:build:     ./apps/desktop/renderer/components/code-studio/CodeStudioShell.tsx [Client Component Browser]
eh-code-studio-desktop:build:     ./apps/desktop/renderer/app/code-studio/page.tsx [Client Component Browser]
eh-code-studio-desktop:build:     ./apps/desktop/renderer/app/code-studio/page.tsx [Server Component]
eh-code-studio-desktop:build: 
eh-code-studio-desktop:build: https://nextjs.org/docs/messages/module-not-found
eh-code-studio-desktop:build: 
eh-code-studio-desktop:build: 
eh-code-studio-desktop:build: ./apps/desktop/renderer/hooks/useCodeStudioComposer.ts:7:1
eh-code-studio-desktop:build: Module not found: Can't resolve '../_stubs/logger'
eh-code-studio-desktop:build:   [90m 5 |[0m [36mimport[0m { useState, useCallback, useRef, useMemo } [36mfrom[0m [32m'react'[0m;
eh-code-studio-desktop:build:   [90m 6 |[0m [36mimport[0m { streamChat } [36mfrom[0m [32m'../_stubs/ai-providers'[0m;
eh-code-studio-desktop:build: [31m[1m>[0m [90m 7 |[0m [36mimport[0m { logger } [36mfrom[0m [32m'../_stubs/logger'[0m;
eh-code-studio-desktop:build:   [90m   |[0m [31m[1m^^^^^^^^^^^^^^^^^^^^^^^^^^^^^^^^^^^^^^^^^^[0m
eh-code-studio-desktop:build:   [90m 8 |[0m [36mimport[0m [36mtype[0m { [33mFileNode[0m } [36mfrom[0m [32m'@eh/quill-engine/types'[0m;
eh-code-studio-desktop:build:   [90m 9 |[0m [36mimport[0m {
eh-code-studio-desktop:build:   [90m10 |[0m   [36mtype[0m [33mComposerMode[0m,
eh-code-studio-desktop:build: 
eh-code-studio-desktop:build: 
eh-code-studio-desktop:build: 
eh-code-studio-desktop:build: Import trace:
eh-code-studio-desktop:build:   Client Component Browser:
eh-code-studio-desktop:build:     ./apps/desktop/renderer/hooks/useCodeStudioComposer.ts [Client Component Browser]
eh-code-studio-desktop:build:     ./apps/desktop/renderer/components/code-studio/CodeStudioShell.tsx [Client Component Browser]
eh-code-studio-desktop:build:     ./apps/desktop/renderer/app/code-studio/page.tsx [Client Component Browser]
eh-code-studio-desktop:build:     ./apps/desktop/renderer/app/code-studio/page.tsx [Server Component]
eh-code-studio-desktop:build: 
eh-code-studio-desktop:build: https://nextjs.org/docs/messages/module-not-found
eh-code-studio-desktop:build: 
eh-code-studio-desktop:build: 
eh-code-studio-desktop:build: ./apps/desktop/renderer/lib/ai-providers.ts:6:1
eh-code-studio-desktop:build: Module not found: Can't resolve '../_stubs/logger'
eh-code-studio-desktop:build:   [90m4 |[0m
eh-code-studio-desktop:build:   [90m5 |[0m [36mimport[0m { truncateMessages, getMaxOutputTokens } [36mfrom[0m [32m'./token-utils'[0m;
eh-code-studio-desktop:build: [31m[1m>[0m [90m6 |[0m [36mimport[0m { logger } [36mfrom[0m [32m'../_stubs/logger'[0m;
eh-code-studio-desktop:build:   [90m  |[0m [31m[1m^^^^^^^^^^^^^^^^^^^^^^^^^^^^^^^^^^^^^^^^^^[0m
eh-code-studio-desktop:build:   [90m7 |[0m [36mimport[0m { [33mL4[0m } [36mfrom[0m [32m'@/lib/i18n'[0m;
eh-code-studio-desktop:build:   [90m8 |[0m [36mimport[0m { lazyFirebaseAuth } [36mfrom[0m [32m'@/lib/firebase'[0m;
eh-code-studio-desktop:build:   [90m9 |[0m [36mimport[0m { ariManager } [36mfrom[0m [32m'@eh/quill-engine/ari-engine'[0m;
eh-code-studio-desktop:build: 
eh-code-studio-desktop:build: 
eh-code-studio-desktop:build: 
eh-code-studio-desktop:build: Import trace:
eh-code-studio-desktop:build:   Client Component Browser:
eh-code-studio-desktop:build:     ./apps/desktop/renderer/lib/ai-providers.ts [Client Component Browser]
eh-code-studio-desktop:build:     ./apps/desktop/renderer/components/code-studio/InlineEditWidget.tsx [Client Component Browser]
eh-code-studio-desktop:build:     ./apps/desktop/renderer/components/code-studio/PanelImports.ts [Client Component Browser]
eh-code-studio-desktop:build:     ./apps/desktop/renderer/components/code-studio/CodeStudioShell.tsx [Client Component Browser]
eh-code-studio-desktop:build:     ./apps/desktop/renderer/app/code-studio/page.tsx [Client Component Browser]
eh-code-studio-desktop:build:     ./apps/desktop/renderer/app/code-studio/page.tsx [Server Component]
eh-code-studio-desktop:build: 
eh-code-studio-desktop:build: https://nextjs.org/docs/messages/module-not-found
eh-code-studio-desktop:build: 
eh-code-studio-desktop:build: 
eh-code-studio-desktop:build: ./apps/desktop/renderer/lib/code-studio/ai/ai-features.ts:7:1
eh-code-studio-desktop:build: Module not found: Can't resolve '../_stubs/logger'
eh-code-studio-desktop:build:   [90m 5 |[0m
eh-code-studio-desktop:build:   [90m 6 |[0m [36mimport[0m { streamChat, getActiveProvider, [33mPROVIDERS[0m } [36mfrom[0m [32m'../_stubs/ai-providers'[0m;
eh-code-studio-desktop:build: [31m[1m>[0m [90m 7 |[0m [36mimport[0m { logger } [36mfrom[0m [32m'../_stubs/logger'[0m;
eh-code-studio-desktop:build:   [90m   |[0m [31m[1m^^^^^^^^^^^^^^^^^^^^^^^^^^^^^^^^^^^^^^^^^^[0m
eh-code-studio-desktop:build:   [90m 8 |[0m [36mimport[0m { buildQualityRulesPrompt, buildFPSuppressionPrompt } [36mfrom[0m [32m'@eh/quill-engine/qualit...[0m
eh-code-studio-desktop:build:   [90m 9 |[0m [36mimport[0m { ariManager } [36mfrom[0m [32m'@eh/quill-engine/ari-engine'[0m;
eh-code-studio-desktop:build:   [90m10 |[0m
eh-code-studio-desktop:build: 
eh-code-studio-desktop:build: 
eh-code-studio-desktop:build: 
eh-code-studio-desktop:build: Import trace:
eh-code-studio-desktop:build:   Client Component Browser:
eh-code-studio-desktop:build:     ./apps/desktop/renderer/lib/code-studio/ai/ai-features.ts [Client Component Browser]
eh-code-studio-desktop:build:     ./apps/desktop/renderer/components/code-studio/CodeStudioPanelManager.tsx [Client Component Browser]
eh-code-studio-desktop:build:     ./apps/desktop/renderer/components/code-studio/CodeStudioShell.tsx [Client Component Browser]
eh-code-studio-desktop:build:     ./apps/desktop/renderer/app/code-studio/page.tsx [Client Component Browser]
eh-code-studio-desktop:build:     ./apps/desktop/renderer/app/code-studio/page.tsx [Server Component]
eh-code-studio-desktop:build: 
eh-code-studio-desktop:build: https://nextjs.org/docs/messages/module-not-found
eh-code-studio-desktop:build: 
eh-code-studio-desktop:build: 
eh-code-studio-desktop:build: ./apps/desktop/renderer/lib/code-studio/core/composer-state.ts:1:1
eh-code-studio-desktop:build: Module not found: Can't resolve '../_stubs/logger'
eh-code-studio-desktop:build: [31m[1m>[0m [90m1 |[0m [36mimport[0m { logger } [36mfrom[0m [32m'../_stubs/logger'[0m;
eh-code-studio-desktop:build:   [90m  |[0m [31m[1m^^^^^^^^^^^^^^^^^^^^^^^^^^^^^^^^^^^^^^^^^^[0m
eh-code-studio-desktop:build:   [90m2 |[0m
eh-code-studio-desktop:build:   [90m3 |[0m [90m// ============================================================[0m
eh-code-studio-desktop:build:   [90m4 |[0m [90m// PART 1 ??Composer Mode Types & Transition Map[0m
eh-code-studio-desktop:build: 
eh-code-studio-desktop:build: 
eh-code-studio-desktop:build: 
eh-code-studio-desktop:build: Import trace:
eh-code-studio-desktop:build:   Client Component Browser:
eh-code-studio-desktop:build:     ./apps/desktop/renderer/lib/code-studio/core/composer-state.ts [Client Component Browser]
eh-code-studio-desktop:build:     ./apps/desktop/renderer/hooks/useCodeStudioComposer.ts [Client Component Browser]
eh-code-studio-desktop:build:     ./apps/desktop/renderer/components/code-studio/CodeStudioShell.tsx [Client Component Browser]
eh-code-studio-desktop:build:     ./apps/desktop/renderer/app/code-studio/page.tsx [Client Component Browser]
eh-code-studio-desktop:build:     ./apps/desktop/renderer/app/code-studio/page.tsx [Server Component]
eh-code-studio-desktop:build: 
eh-code-studio-desktop:build: https://nextjs.org/docs/messages/module-not-found
eh-code-studio-desktop:build: 
eh-code-studio-desktop:build: 
eh-code-studio-desktop:build: ./apps/desktop/renderer/lib/code-studio/core/cross-file.ts:9:1
eh-code-studio-desktop:build: Module not found: Can't resolve '../_stubs/logger'
eh-code-studio-desktop:build:   [90m 7 |[0m [90m// ============================================================[0m
eh-code-studio-desktop:build:   [90m 8 |[0m
eh-code-studio-desktop:build: [31m[1m>[0m [90m 9 |[0m [36mimport[0m { logger } [36mfrom[0m [32m'../_stubs/logger'[0m;
eh-code-studio-desktop:build:   [90m   |[0m [31m[1m^^^^^^^^^^^^^^^^^^^^^^^^^^^^^^^^^^^^^^^^^^[0m
eh-code-studio-desktop:build:   [90m10 |[0m
eh-code-studio-desktop:build:   [90m11 |[0m [36mtype[0m [33mMonaco[0m = [36mtypeof[0m [36mimport[0m([32m"monaco-editor"[0m);
eh-code-studio-desktop:build:   [90m12 |[0m [36mtype[0m [33mITextModel[0m = [36mimport[0m([32m"monaco-editor"[0m).editor.[33mITextModel[0m;
eh-code-studio-desktop:build: 
eh-code-studio-desktop:build: 
eh-code-studio-desktop:build: 
eh-code-studio-desktop:build: Import trace:
eh-code-studio-desktop:build:   Client Component Browser:
eh-code-studio-desktop:build:     ./apps/desktop/renderer/lib/code-studio/core/cross-file.ts [Client Component Browser]
eh-code-studio-desktop:build:     ./apps/desktop/renderer/components/code-studio/CodeStudioEditor.tsx [Client Component Browser]
eh-code-studio-desktop:build:     ./apps/desktop/renderer/components/code-studio/CodeStudioShell.tsx [Client Component Browser]
eh-code-studio-desktop:build:     ./apps/desktop/renderer/app/code-studio/page.tsx [Client Component Browser]
eh-code-studio-desktop:build:     ./apps/desktop/renderer/app/code-studio/page.tsx [Server Component]
eh-code-studio-desktop:build: 
eh-code-studio-desktop:build: https://nextjs.org/docs/messages/module-not-found
eh-code-studio-desktop:build: 
eh-code-studio-desktop:build: 
eh-code-studio-desktop:build: ./apps/desktop/renderer/lib/code-studio/core/store.ts:7:1
eh-code-studio-desktop:build: Module not found: Can't resolve '../_stubs/logger'
eh-code-studio-desktop:build:   [90m 5 |[0m [36mimport[0m [36mtype[0m { [33mFileNode[0m, [33mCodeStudioSettings[0m } [36mfrom[0m [32m'./types'[0m;
eh-code-studio-desktop:build:   [90m 6 |[0m [36mimport[0m { [33mDEFAULT_SETTINGS[0m, detectLanguage } [36mfrom[0m [32m'./types'[0m;
eh-code-studio-desktop:build: [31m[1m>[0m [90m 7 |[0m [36mimport[0m { logger } [36mfrom[0m [32m'../_stubs/logger'[0m;
eh-code-studio-desktop:build:   [90m   |[0m [31m[1m^^^^^^^^^^^^^^^^^^^^^^^^^^^^^^^^^^^^^^^^^^[0m
eh-code-studio-desktop:build:   [90m 8 |[0m
eh-code-studio-desktop:build:   [90m 9 |[0m [36mconst[0m [33mDB_NAME[0m = [32m'eh-code-studio'[0m;
eh-code-studio-desktop:build:   [90m10 |[0m [36mconst[0m [33mDB_VERSION[0m = [35m2[0m;
eh-code-studio-desktop:build: 
eh-code-studio-desktop:build: 
eh-code-studio-desktop:build: 
eh-code-studio-desktop:build: Import trace:
eh-code-studio-desktop:build:   Client Component Browser:
eh-code-studio-desktop:build:     ./apps/desktop/renderer/lib/code-studio/core/store.ts [Client Component Browser]
eh-code-studio-desktop:build:     ./apps/desktop/renderer/components/code-studio/CodeStudioShell.tsx [Client Component Browser]
eh-code-studio-desktop:build:     ./apps/desktop/renderer/app/code-studio/page.tsx [Client Component Browser]
eh-code-studio-desktop:build:     ./apps/desktop/renderer/app/code-studio/page.tsx [Server Component]
eh-code-studio-desktop:build: 
eh-code-studio-desktop:build: https://nextjs.org/docs/messages/module-not-found
eh-code-studio-desktop:build: 
eh-code-studio-desktop:build: 
eh-code-studio-desktop:build: ./apps/desktop/renderer/lib/code-studio/features/git.ts:7:1
eh-code-studio-desktop:build: Module not found: Can't resolve '../_stubs/logger'
eh-code-studio-desktop:build:   [90m 5 |[0m [90m// stage, commit, push, pull, branch, checkout, merge, status, diff, log, blame.[0m
eh-code-studio-desktop:build:   [90m 6 |[0m
eh-code-studio-desktop:build: [31m[1m>[0m [90m 7 |[0m [36mimport[0m { logger } [36mfrom[0m [32m'../_stubs/logger'[0m;
eh-code-studio-desktop:build:   [90m   |[0m [31m[1m^^^^^^^^^^^^^^^^^^^^^^^^^^^^^^^^^^^^^^^^^^[0m
eh-code-studio-desktop:build:   [90m 8 |[0m
eh-code-studio-desktop:build:   [90m 9 |[0m [90m// ============================================================[0m
eh-code-studio-desktop:build:   [90m10 |[0m [90m// PART 1 ??Types[0m
eh-code-studio-desktop:build: 
eh-code-studio-desktop:build: 
eh-code-studio-desktop:build: 
eh-code-studio-desktop:build: Import trace:
eh-code-studio-desktop:build:   Client Component Browser:
eh-code-studio-desktop:build:     ./apps/desktop/renderer/lib/code-studio/features/git.ts [Client Component Browser]
eh-code-studio-desktop:build:     ./apps/desktop/renderer/components/code-studio/GitPanel.tsx [Client Component Browser]
eh-code-studio-desktop:build:     ./apps/desktop/renderer/components/code-studio/PanelImports.ts [Client Component Browser]
eh-code-studio-desktop:build:     ./apps/desktop/renderer/components/code-studio/CodeStudioShell.tsx [Client Component Browser]
eh-code-studio-desktop:build:     ./apps/desktop/renderer/app/code-studio/page.tsx [Client Component Browser]
eh-code-studio-desktop:build:     ./apps/desktop/renderer/app/code-studio/page.tsx [Server Component]
eh-code-studio-desktop:build: 
eh-code-studio-desktop:build: https://nextjs.org/docs/messages/module-not-found
eh-code-studio-desktop:build: 
eh-code-studio-desktop:build: 
eh-code-studio-desktop:build: ./apps/desktop/renderer/lib/env.ts:5:1
eh-code-studio-desktop:build: Module not found: Can't resolve '../_stubs/logger'
eh-code-studio-desktop:build:   [90m3 |[0m [90m// ============================================================[0m
eh-code-studio-desktop:build:   [90m4 |[0m
eh-code-studio-desktop:build: [31m[1m>[0m [90m5 |[0m [36mimport[0m { logger } [36mfrom[0m [32m'../_stubs/logger'[0m;
eh-code-studio-desktop:build:   [90m  |[0m [31m[1m^^^^^^^^^^^^^^^^^^^^^^^^^^^^^^^^^^^^^^^^^^[0m
eh-code-studio-desktop:build:   [90m6 |[0m
eh-code-studio-desktop:build:   [90m7 |[0m /**
eh-code-studio-desktop:build:   [90m8 |[0m  * [33mValidates[0m required environment variables at module load time.
eh-code-studio-desktop:build: 
eh-code-studio-desktop:build: 
eh-code-studio-desktop:build: 
eh-code-studio-desktop:build: Import trace:
eh-code-studio-desktop:build:   Server Component:
eh-code-studio-desktop:build:     ./apps/desktop/renderer/lib/env.ts
eh-code-studio-desktop:build:     ./apps/desktop/renderer/app/layout.tsx
eh-code-studio-desktop:build: 
eh-code-studio-desktop:build: https://nextjs.org/docs/messages/module-not-found
eh-code-studio-desktop:build: 
eh-code-studio-desktop:build: 
eh-code-studio-desktop:build: ./apps/desktop/renderer/lib/code-studio/harness/index.ts:11:1
eh-code-studio-desktop:build: Module not found: Can't resolve '../pipeline/ast-hollow-scanner'
eh-code-studio-desktop:build:   [90m 9 |[0m ...
eh-code-studio-desktop:build:   [90m10 |[0m ...[90mcanner (Gate 1 Backend)[0m
eh-code-studio-desktop:build: [31m[1m>[0m [90m11 |[0m ...rHollowCode, scanProjectForHollowCode, [36mtype[0m [33mHollowCodeFinding[0m } [36mfrom[0m [32m'../pipeline/ast-h...[0m
eh-code-studio-desktop:build:   [90m   |[0m    [31m[1m^^^^^^^^^^^^^^^^^^^^^^^^^^^^^^^^^^^^^^^^^^^^^^^^^^^^^^^^^^^^^^^^^^^^^^^^^^^^^^^^^^^^^^^^^^[0m
eh-code-studio-desktop:build:   [90m12 |[0m ...
eh-code-studio-desktop:build:   [90m13 |[0m ...[90me 1: 5-State + Dead DOM[0m
eh-code-studio-desktop:build:   [90m14 |[0m ...ntendGate1, scan5States, scanDeadDOM, [36mtype[0m [33mFrontendGateFinding[0m } [36mfrom[0m [32m'../pipeline/fron...[0m
eh-code-studio-desktop:build: 
eh-code-studio-desktop:build: 
eh-code-studio-desktop:build: 
eh-code-studio-desktop:build: Import trace:
eh-code-studio-desktop:build:   Client Component Browser:
eh-code-studio-desktop:build:     ./apps/desktop/renderer/lib/code-studio/harness/index.ts [Client Component Browser]
eh-code-studio-desktop:build:     ./apps/desktop/renderer/components/code-studio/AgentPanel.tsx [Client Component Browser]
eh-code-studio-desktop:build:     ./apps/desktop/renderer/components/code-studio/PanelImports.ts [Client Component Browser]
eh-code-studio-desktop:build:     ./apps/desktop/renderer/components/code-studio/CodeStudioShell.tsx [Client Component Browser]
eh-code-studio-desktop:build:     ./apps/desktop/renderer/app/code-studio/page.tsx [Client Component Browser]
eh-code-studio-desktop:build:     ./apps/desktop/renderer/app/code-studio/page.tsx [Server Component]
eh-code-studio-desktop:build: 
eh-code-studio-desktop:build: https://nextjs.org/docs/messages/module-not-found
eh-code-studio-desktop:build: 
eh-code-studio-desktop:build: 
eh-code-studio-desktop:build: ./apps/desktop/renderer/lib/code-studio/harness/index.ts:75:39
eh-code-studio-desktop:build: Module not found: Can't resolve '../pipeline/ast-hollow-scanner'
eh-code-studio-desktop:build:   [90m73 |[0m
eh-code-studio-desktop:build:   [90m74 |[0m   [90m// ?? Gate 1: AST ?뺤쟻 ?ㅼ틪 (0.1珥???鍮덇묀??pass/TODO ?щ깷) ??[0m
eh-code-studio-desktop:build: [31m[1m>[0m [90m75 |[0m   [36mconst[0m { scanForHollowCode } = [36mawait[0m [36mimport[0m([32m'../pipeline/ast-hollow-scanner'[0m);
eh-code-studio-desktop:build:   [90m   |[0m                                       [31m[1m^^^^^^^^^^^^^^^^^^^^^^^^^^^^^^^^^^^^^^^^[0m
eh-code-studio-desktop:build:   [90m76 |[0m   [36mconst[0m hollowFindings = scanForHollowCode(code, opts.entryFunction);
eh-code-studio-desktop:build:   [90m77 |[0m   [36mconst[0m hollowErrors = hollowFindings.filter(f => f.severity === [32m'error'[0m);
eh-code-studio-desktop:build:   [90m78 |[0m   [36mconst[0m gate1: [33mGateResult[0m = {
eh-code-studio-desktop:build: 
eh-code-studio-desktop:build: 
eh-code-studio-desktop:build: 
eh-code-studio-desktop:build: Import trace:
eh-code-studio-desktop:build:   Client Component Browser:
eh-code-studio-desktop:build:     ./apps/desktop/renderer/lib/code-studio/harness/index.ts [Client Component Browser]
eh-code-studio-desktop:build:     ./apps/desktop/renderer/components/code-studio/AgentPanel.tsx [Client Component Browser]
eh-code-studio-desktop:build:     ./apps/desktop/renderer/components/code-studio/PanelImports.ts [Client Component Browser]
eh-code-studio-desktop:build:     ./apps/desktop/renderer/components/code-studio/CodeStudioShell.tsx [Client Component Browser]
eh-code-studio-desktop:build:     ./apps/desktop/renderer/app/code-studio/page.tsx [Client Component Browser]
eh-code-studio-desktop:build:     ./apps/desktop/renderer/app/code-studio/page.tsx [Server Component]
eh-code-studio-desktop:build: 
eh-code-studio-desktop:build: https://nextjs.org/docs/messages/module-not-found
eh-code-studio-desktop:build: 
eh-code-studio-desktop:build: 
eh-code-studio-desktop:build: ./apps/desktop/renderer/lib/code-studio/harness/headless-first.ts:7:1
eh-code-studio-desktop:build: Module not found: Can't resolve '../pipeline/frontend-gate1'
eh-code-studio-desktop:build:   [90m 5 |[0m [90m// 2?④퀎濡?遺꾨━: 堉덈?(湲곕뒫) ??寃利????붿옄???낇엳湲???寃利?[0m
eh-code-studio-desktop:build:   [90m 6 |[0m
eh-code-studio-desktop:build: [31m[1m>[0m [90m 7 |[0m [36mimport[0m { runFrontendGate1 } [36mfrom[0m [32m'../pipeline/frontend-gate1'[0m;
eh-code-studio-desktop:build:   [90m   |[0m [31m[1m^^^^^^^^^^^^^^^^^^^^^^^^^^^^^^^^^^^^^^^^^^^^^^^^^^^^^^^^^^^^^^[0m
eh-code-studio-desktop:build:   [90m 8 |[0m [36mimport[0m { runFrontendGate2 } [36mfrom[0m [32m'../pipeline/frontend-gate2'[0m;
eh-code-studio-desktop:build:   [90m 9 |[0m [36mimport[0m { analyzeSpyPatterns, analyzeFuzzVulnerabilities, buildHarnessFeedback, [36mtype[0m [33mGateRe...[0m
eh-code-studio-desktop:build:   [90m10 |[0m
eh-code-studio-desktop:build: 
eh-code-studio-desktop:build: 
eh-code-studio-desktop:build: 
eh-code-studio-desktop:build: Import trace:
eh-code-studio-desktop:build:   Client Component Browser:
eh-code-studio-desktop:build:     ./apps/desktop/renderer/lib/code-studio/harness/headless-first.ts [Client Component Browser]
eh-code-studio-desktop:build:     ./apps/desktop/renderer/lib/code-studio/harness/index.ts [Client Component Browser]
eh-code-studio-desktop:build:     ./apps/desktop/renderer/components/code-studio/AgentPanel.tsx [Client Component Browser]
eh-code-studio-desktop:build:     ./apps/desktop/renderer/components/code-studio/PanelImports.ts [Client Component Browser]
eh-code-studio-desktop:build:     ./apps/desktop/renderer/components/code-studio/CodeStudioShell.tsx [Client Component Browser]
eh-code-studio-desktop:build:     ./apps/desktop/renderer/app/code-studio/page.tsx [Client Component Browser]
eh-code-studio-desktop:build:     ./apps/desktop/renderer/app/code-studio/page.tsx [Server Component]
eh-code-studio-desktop:build: 
eh-code-studio-desktop:build: https://nextjs.org/docs/messages/module-not-found
eh-code-studio-desktop:build: 
eh-code-studio-desktop:build: 
eh-code-studio-desktop:build: ./apps/desktop/renderer/lib/code-studio/harness/index.ts:14:1
eh-code-studio-desktop:build: Module not found: Can't resolve '../pipeline/frontend-gate1'
eh-code-studio-desktop:build:   [90m12 |[0m ...
eh-code-studio-desktop:build:   [90m13 |[0m ...[90mte 1: 5-State + Dead DOM[0m
eh-code-studio-desktop:build: [31m[1m>[0m [90m14 |[0m ...ontendGate1, scan5States, scanDeadDOM, [36mtype[0m [33mFrontendGateFinding[0m } [36mfrom[0m [32m'../pipeline/fro...[0m
eh-code-studio-desktop:build:   [90m   |[0m    [31m[1m^^^^^^^^^^^^^^^^^^^^^^^^^^^^^^^^^^^^^^^^^^^^^^^^^^^^^^^^^^^^^^^^^^^^^^^^^^^^^^^^^^^^^^^^^^[0m
eh-code-studio-desktop:build:   [90m15 |[0m ...
eh-code-studio-desktop:build:   [90m16 |[0m ...[90mte 2: Design Token Linter[0m
eh-code-studio-desktop:build:   [90m17 |[0m ...ontendGate2, scanDesignTokens, [36mtype[0m [33mDesignTokenFinding[0m } [36mfrom[0m [32m'../pipeline/frontend-gat...[0m
eh-code-studio-desktop:build: 
eh-code-studio-desktop:build: 
eh-code-studio-desktop:build: 
eh-code-studio-desktop:build: Import trace:
eh-code-studio-desktop:build:   Client Component Browser:
eh-code-studio-desktop:build:     ./apps/desktop/renderer/lib/code-studio/harness/index.ts [Client Component Browser]
eh-code-studio-desktop:build:     ./apps/desktop/renderer/components/code-studio/AgentPanel.tsx [Client Component Browser]
eh-code-studio-desktop:build:     ./apps/desktop/renderer/components/code-studio/PanelImports.ts [Client Component Browser]
eh-code-studio-desktop:build:     ./apps/desktop/renderer/components/code-studio/CodeStudioShell.tsx [Client Component Browser]
eh-code-studio-desktop:build:     ./apps/desktop/renderer/app/code-studio/page.tsx [Client Component Browser]
eh-code-studio-desktop:build:     ./apps/desktop/renderer/app/code-studio/page.tsx [Server Component]
eh-code-studio-desktop:build: 
eh-code-studio-desktop:build: https://nextjs.org/docs/messages/module-not-found
eh-code-studio-desktop:build: 
eh-code-studio-desktop:build: 
eh-code-studio-desktop:build: ./apps/desktop/renderer/lib/code-studio/harness/index.ts:99:38
eh-code-studio-desktop:build: Module not found: Can't resolve '../pipeline/frontend-gate1'
eh-code-studio-desktop:build:   [90m 97 |[0m   [90m// ?? Gate 2: Frontend ?뺤쟻 寃??(0.2珥???5-State/DeadDOM/?붿옄?명넗?? ??[0m
eh-code-studio-desktop:build:   [90m 98 |[0m   [36mconst[0m gate2Start = [33mDate[0m.now();
eh-code-studio-desktop:build: [31m[1m>[0m [90m 99 |[0m   [36mconst[0m { runFrontendGate1 } = [36mawait[0m [36mimport[0m([32m'../pipeline/frontend-gate1'[0m);
eh-code-studio-desktop:build:   [90m    |[0m                                      [31m[1m^^^^^^^^^^^^^^^^^^^^^^^^^^^^^^^^^^^^[0m
eh-code-studio-desktop:build:   [90m100 |[0m   [36mconst[0m { scanDesignTokens } = [36mawait[0m [36mimport[0m([32m'../pipeline/frontend-gate2'[0m);
eh-code-studio-desktop:build:   [90m101 |[0m   [36mconst[0m fg1 = runFrontendGate1(code, opts.language);
eh-code-studio-desktop:build:   [90m102 |[0m   [36mconst[0m fg2 = scanDesignTokens(code);
eh-code-studio-desktop:build: 
eh-code-studio-desktop:build: 
eh-code-studio-desktop:build: 
eh-code-studio-desktop:build: Import trace:
eh-code-studio-desktop:build:   Client Component Browser:
eh-code-studio-desktop:build:     ./apps/desktop/renderer/lib/code-studio/harness/index.ts [Client Component Browser]
eh-code-studio-desktop:build:     ./apps/desktop/renderer/components/code-studio/AgentPanel.tsx [Client Component Browser]
eh-code-studio-desktop:build:     ./apps/desktop/renderer/components/code-studio/PanelImports.ts [Client Component Browser]
eh-code-studio-desktop:build:     ./apps/desktop/renderer/components/code-studio/CodeStudioShell.tsx [Client Component Browser]
eh-code-studio-desktop:build:     ./apps/desktop/renderer/app/code-studio/page.tsx [Client Component Browser]
eh-code-studio-desktop:build:     ./apps/desktop/renderer/app/code-studio/page.tsx [Server Component]
eh-code-studio-desktop:build: 
eh-code-studio-desktop:build: https://nextjs.org/docs/messages/module-not-found
eh-code-studio-desktop:build: 
eh-code-studio-desktop:build: 
eh-code-studio-desktop:build: ./apps/desktop/renderer/lib/code-studio/harness/headless-first.ts:8:1
eh-code-studio-desktop:build: Module not found: Can't resolve '../pipeline/frontend-gate2'
eh-code-studio-desktop:build:   [90m 6 |[0m
eh-code-studio-desktop:build:   [90m 7 |[0m [36mimport[0m { runFrontendGate1 } [36mfrom[0m [32m'../pipeline/frontend-gate1'[0m;
eh-code-studio-desktop:build: [31m[1m>[0m [90m 8 |[0m [36mimport[0m { runFrontendGate2 } [36mfrom[0m [32m'../pipeline/frontend-gate2'[0m;
eh-code-studio-desktop:build:   [90m   |[0m [31m[1m^^^^^^^^^^^^^^^^^^^^^^^^^^^^^^^^^^^^^^^^^^^^^^^^^^^^^^^^^^^^^^[0m
eh-code-studio-desktop:build:   [90m 9 |[0m [36mimport[0m { analyzeSpyPatterns, analyzeFuzzVulnerabilities, buildHarnessFeedback, [36mtype[0m [33mGateRe...[0m
eh-code-studio-desktop:build:   [90m10 |[0m
eh-code-studio-desktop:build:   [90m11 |[0m [36mexport[0m [36minterface[0m [33mHeadlessFirstConfig[0m {
eh-code-studio-desktop:build: 
eh-code-studio-desktop:build: 
eh-code-studio-desktop:build: 
eh-code-studio-desktop:build: Import trace:
eh-code-studio-desktop:build:   Client Component Browser:
eh-code-studio-desktop:build:     ./apps/desktop/renderer/lib/code-studio/harness/headless-first.ts [Client Component Browser]
eh-code-studio-desktop:build:     ./apps/desktop/renderer/lib/code-studio/harness/index.ts [Client Component Browser]
eh-code-studio-desktop:build:     ./apps/desktop/renderer/components/code-studio/AgentPanel.tsx [Client Component Browser]
eh-code-studio-desktop:build:     ./apps/desktop/renderer/components/code-studio/PanelImports.ts [Client Component Browser]
eh-code-studio-desktop:build:     ./apps/desktop/renderer/components/code-studio/CodeStudioShell.tsx [Client Component Browser]
eh-code-studio-desktop:build:     ./apps/desktop/renderer/app/code-studio/page.tsx [Client Component Browser]
eh-code-studio-desktop:build:     ./apps/desktop/renderer/app/code-studio/page.tsx [Server Component]
eh-code-studio-desktop:build: 
eh-code-studio-desktop:build: https://nextjs.org/docs/messages/module-not-found
eh-code-studio-desktop:build: 
eh-code-studio-desktop:build: 
eh-code-studio-desktop:build: ./apps/desktop/renderer/lib/code-studio/harness/index.ts:17:1
eh-code-studio-desktop:build: Module not found: Can't resolve '../pipeline/frontend-gate2'
eh-code-studio-desktop:build:   [90m15 |[0m ...
eh-code-studio-desktop:build:   [90m16 |[0m ...[90mnd Gate 2: Design Token Linter[0m
eh-code-studio-desktop:build: [31m[1m>[0m [90m17 |[0m ...runFrontendGate2, scanDesignTokens, [36mtype[0m [33mDesignTokenFinding[0m } [36mfrom[0m [32m'../pipeline/fronten...[0m
eh-code-studio-desktop:build:   [90m   |[0m    [31m[1m^^^^^^^^^^^^^^^^^^^^^^^^^^^^^^^^^^^^^^^^^^^^^^^^^^^^^^^^^^^^^^^^^^^^^^^^^^^^^^^^^^^^^^^^^^[0m
eh-code-studio-desktop:build:   [90m18 |[0m ...
eh-code-studio-desktop:build:   [90m19 |[0m ...[90marial Core (Spy + Fuzz + Mutation)[0m
eh-code-studio-desktop:build:   [90m20 |[0m ...analyzeSpyPatterns, generateFuzzInputs, extractFunctionParams, analyzeFuzzVulnerabiliti...
eh-code-studio-desktop:build: 
eh-code-studio-desktop:build: 
eh-code-studio-desktop:build: 
eh-code-studio-desktop:build: Import trace:
eh-code-studio-desktop:build:   Client Component Browser:
eh-code-studio-desktop:build:     ./apps/desktop/renderer/lib/code-studio/harness/index.ts [Client Component Browser]
eh-code-studio-desktop:build:     ./apps/desktop/renderer/components/code-studio/AgentPanel.tsx [Client Component Browser]
eh-code-studio-desktop:build:     ./apps/desktop/renderer/components/code-studio/PanelImports.ts [Client Component Browser]
eh-code-studio-desktop:build:     ./apps/desktop/renderer/components/code-studio/CodeStudioShell.tsx [Client Component Browser]
eh-code-studio-desktop:build:     ./apps/desktop/renderer/app/code-studio/page.tsx [Client Component Browser]
eh-code-studio-desktop:build:     ./apps/desktop/renderer/app/code-studio/page.tsx [Server Component]
eh-code-studio-desktop:build: 
eh-code-studio-desktop:build: https://nextjs.org/docs/messages/module-not-found
eh-code-studio-desktop:build: 
eh-code-studio-desktop:build: 
eh-code-studio-desktop:build: ./apps/desktop/renderer/lib/code-studio/harness/index.ts:100:38
eh-code-studio-desktop:build: Module not found: Can't resolve '../pipeline/frontend-gate2'
eh-code-studio-desktop:build:   [90m 98 |[0m   [36mconst[0m gate2Start = [33mDate[0m.now();
eh-code-studio-desktop:build:   [90m 99 |[0m   [36mconst[0m { runFrontendGate1 } = [36mawait[0m [36mimport[0m([32m'../pipeline/frontend-gate1'[0m);
eh-code-studio-desktop:build: [31m[1m>[0m [90m100 |[0m   [36mconst[0m { scanDesignTokens } = [36mawait[0m [36mimport[0m([32m'../pipeline/frontend-gate2'[0m);
eh-code-studio-desktop:build:   [90m    |[0m                                      [31m[1m^^^^^^^^^^^^^^^^^^^^^^^^^^^^^^^^^^^^[0m
eh-code-studio-desktop:build:   [90m101 |[0m   [36mconst[0m fg1 = runFrontendGate1(code, opts.language);
eh-code-studio-desktop:build:   [90m102 |[0m   [36mconst[0m fg2 = scanDesignTokens(code);
eh-code-studio-desktop:build:   [90m103 |[0m   [36mconst[0m fg1Errors = fg1.findings.filter(f => f.severity === [32m'error'[0m);
eh-code-studio-desktop:build: 
eh-code-studio-desktop:build: 
eh-code-studio-desktop:build: 
eh-code-studio-desktop:build: Import trace:
eh-code-studio-desktop:build:   Client Component Browser:
eh-code-studio-desktop:build:     ./apps/desktop/renderer/lib/code-studio/harness/index.ts [Client Component Browser]
eh-code-studio-desktop:build:     ./apps/desktop/renderer/components/code-studio/AgentPanel.tsx [Client Component Browser]
eh-code-studio-desktop:build:     ./apps/desktop/renderer/components/code-studio/PanelImports.ts [Client Component Browser]
eh-code-studio-desktop:build:     ./apps/desktop/renderer/components/code-studio/CodeStudioShell.tsx [Client Component Browser]
eh-code-studio-desktop:build:     ./apps/desktop/renderer/app/code-studio/page.tsx [Client Component Browser]
eh-code-studio-desktop:build:     ./apps/desktop/renderer/app/code-studio/page.tsx [Server Component]
eh-code-studio-desktop:build: 
eh-code-studio-desktop:build: https://nextjs.org/docs/messages/module-not-found
eh-code-studio-desktop:build: 
eh-code-studio-desktop:build: 
eh-code-studio-desktop:build: ./apps/desktop/renderer/lib/code-studio/harness/index.ts:29:1
eh-code-studio-desktop:build: Module not found: Can't resolve '../pipeline/good-pattern-detector'
eh-code-studio-desktop:build:   [90m27 |[0m ...
eh-code-studio-desktop:build:   [90m28 |[0m ...[90m???먯? ??false-positive ?듭젣 + ?먯닔 媛??[0m
eh-code-studio-desktop:build: [31m[1m>[0m [90m29 |[0m ...sFindings, downgradeFindings, [36mtype[0m [33mDetectedGoodPattern[0m, [36mtype[0m [33mGoodPatternReport[0m } [36mfrom[0m [32m'...[0m
eh-code-studio-desktop:build:   [90m   |[0m    [31m[1m^^^^^^^^^^^^^^^^^^^^^^^^^^^^^^^^^^^^^^^^^^^^^^^^^^^^^^^^^^^^^^^^^^^^^^^^^^^^^^^^^^^^^^^^^^[0m
eh-code-studio-desktop:build:   [90m30 |[0m ...
eh-code-studio-desktop:build:   [90m31 |[0m ...[90m===========================[0m
eh-code-studio-desktop:build:   [90m32 |[0m ...[90m 吏꾩엯??[0m
eh-code-studio-desktop:build: 
eh-code-studio-desktop:build: 
eh-code-studio-desktop:build: 
eh-code-studio-desktop:build: Import trace:
eh-code-studio-desktop:build:   Client Component Browser:
eh-code-studio-desktop:build:     ./apps/desktop/renderer/lib/code-studio/harness/index.ts [Client Component Browser]
eh-code-studio-desktop:build:     ./apps/desktop/renderer/components/code-studio/AgentPanel.tsx [Client Component Browser]
eh-code-studio-desktop:build:     ./apps/desktop/renderer/components/code-studio/PanelImports.ts [Client Component Browser]
eh-code-studio-desktop:build:     ./apps/desktop/renderer/components/code-studio/CodeStudioShell.tsx [Client Component Browser]
eh-code-studio-desktop:build:     ./apps/desktop/renderer/app/code-studio/page.tsx [Client Component Browser]
eh-code-studio-desktop:build:     ./apps/desktop/renderer/app/code-studio/page.tsx [Server Component]
eh-code-studio-desktop:build: 
eh-code-studio-desktop:build: https://nextjs.org/docs/messages/module-not-found
eh-code-studio-desktop:build: 
eh-code-studio-desktop:build: 
eh-code-studio-desktop:build: ./apps/desktop/renderer/lib/code-studio/harness/index.ts:181:70
eh-code-studio-desktop:build: Module not found: Can't resolve '../pipeline/good-pattern-detector'
eh-code-studio-desktop:build:   [90m179 |[0m ...
eh-code-studio-desktop:build:   [90m180 |[0m ...[90m?댁쑝濡?finding ?듭젣 + ?먯닔 蹂댁젙 ??[0m
eh-code-studio-desktop:build: [31m[1m>[0m [90m181 |[0m ...: downgrade } = [36mawait[0m [36mimport[0m([32m'../pipeline/good-pattern-detector'[0m);
eh-code-studio-desktop:build:   [90m    |[0m                          [31m[1m^^^^^^^^^^^^^^^^^^^^^^^^^^^^^^^^^^^^^^^^^^^[0m
eh-code-studio-desktop:build:   [90m182 |[0m ...
eh-code-studio-desktop:build:   [90m183 |[0m ...
eh-code-studio-desktop:build:   [90m184 |[0m ...[90m findings瑜??ㅼ슫洹몃젅?대뱶[0m
eh-code-studio-desktop:build: 
eh-code-studio-desktop:build: 
eh-code-studio-desktop:build: 
eh-code-studio-desktop:build: Import trace:
eh-code-studio-desktop:build:   Client Component Browser:
eh-code-studio-desktop:build:     ./apps/desktop/renderer/lib/code-studio/harness/index.ts [Client Component Browser]
eh-code-studio-desktop:build:     ./apps/desktop/renderer/components/code-studio/AgentPanel.tsx [Client Component Browser]
eh-code-studio-desktop:build:     ./apps/desktop/renderer/components/code-studio/PanelImports.ts [Client Component Browser]
eh-code-studio-desktop:build:     ./apps/desktop/renderer/components/code-studio/CodeStudioShell.tsx [Client Component Browser]
eh-code-studio-desktop:build:     ./apps/desktop/renderer/app/code-studio/page.tsx [Client Component Browser]
eh-code-studio-desktop:build:     ./apps/desktop/renderer/app/code-studio/page.tsx [Server Component]
eh-code-studio-desktop:build: 
eh-code-studio-desktop:build: https://nextjs.org/docs/messages/module-not-found
eh-code-studio-desktop:build: 
eh-code-studio-desktop:build: 
eh-code-studio-desktop:build: ./apps/desktop/renderer/lib/i18n.ts:2:1
eh-code-studio-desktop:build: Module not found: Can't resolve './studio-translations'
eh-code-studio-desktop:build:   [90m1 |[0m [36mimport[0m [36mtype[0m { [33mAppLanguage[0m } [36mfrom[0m [32m'./studio-types'[0m;
eh-code-studio-desktop:build: [31m[1m>[0m [90m2 |[0m [36mimport[0m { [33mTRANSLATIONS[0m } [36mfrom[0m [32m'./studio-translations'[0m;
eh-code-studio-desktop:build:   [90m  |[0m [31m[1m^^^^^^^^^^^^^^^^^^^^^^^^^^^^^^^^^^^^^^^^^^^^^^^^^^^^^[0m
eh-code-studio-desktop:build:   [90m3 |[0m [36mimport[0m [36mtype[0m { [33mLang[0m } [36mfrom[0m [32m'./LangContext'[0m;
eh-code-studio-desktop:build:   [90m4 |[0m
eh-code-studio-desktop:build:   [90m5 |[0m [90m/** 4媛??몄뼱 ?몃씪??踰덉뿭 ?ы띁 ??JP/CN ?놁쑝硫?KO濡?fallback */[0m
eh-code-studio-desktop:build: 
eh-code-studio-desktop:build: 
eh-code-studio-desktop:build: 
eh-code-studio-desktop:build: Import traces:
eh-code-studio-desktop:build:   Client Component Browser:
eh-code-studio-desktop:build:     ./apps/desktop/renderer/lib/i18n.ts [Client Component Browser]
eh-code-studio-desktop:build:     ./apps/desktop/renderer/app/error.tsx [Client Component Browser]
eh-code-studio-desktop:build:     ./apps/desktop/renderer/app/error.tsx [Server Component]
eh-code-studio-desktop:build: 
eh-code-studio-desktop:build:   Client Component SSR:
eh-code-studio-desktop:build:     ./apps/desktop/renderer/lib/i18n.ts [Client Component SSR]
eh-code-studio-desktop:build:     ./apps/desktop/renderer/app/code-studio/loading.tsx [Client Component SSR]
eh-code-studio-desktop:build:     ./apps/desktop/renderer/app/code-studio/loading.tsx [Server Component]
eh-code-studio-desktop:build: 
eh-code-studio-desktop:build: https://nextjs.org/docs/messages/module-not-found
eh-code-studio-desktop:build: 
eh-code-studio-desktop:build: 
eh-code-studio-desktop:build: ./apps/desktop/renderer/lib/ai-providers.ts:5:1
eh-code-studio-desktop:build: Module not found: Can't resolve './token-utils'
eh-code-studio-desktop:build:   [90m3 |[0m [90m// ============================================================[0m
eh-code-studio-desktop:build:   [90m4 |[0m
eh-code-studio-desktop:build: [31m[1m>[0m [90m5 |[0m [36mimport[0m { truncateMessages, getMaxOutputTokens } [36mfrom[0m [32m'./token-utils'[0m;
eh-code-studio-desktop:build:   [90m  |[0m [31m[1m^^^^^^^^^^^^^^^^^^^^^^^^^^^^^^^^^^^^^^^^^^^^^^^^^^^^^^^^^^^^^^^^^^^^^[0m
eh-code-studio-desktop:build:   [90m6 |[0m [36mimport[0m { logger } [36mfrom[0m [32m'../_stubs/logger'[0m;
eh-code-studio-desktop:build:   [90m7 |[0m [36mimport[0m { [33mL4[0m } [36mfrom[0m [32m'@/lib/i18n'[0m;
eh-code-studio-desktop:build:   [90m8 |[0m [36mimport[0m { lazyFirebaseAuth } [36mfrom[0m [32m'@/lib/firebase'[0m;
eh-code-studio-desktop:build: 
eh-code-studio-desktop:build: 
eh-code-studio-desktop:build: 
eh-code-studio-desktop:build: Import trace:
eh-code-studio-desktop:build:   Client Component Browser:
eh-code-studio-desktop:build:     ./apps/desktop/renderer/lib/ai-providers.ts [Client Component Browser]
eh-code-studio-desktop:build:     ./apps/desktop/renderer/components/code-studio/InlineEditWidget.tsx [Client Component Browser]
eh-code-studio-desktop:build:     ./apps/desktop/renderer/components/code-studio/PanelImports.ts [Client Component Browser]
eh-code-studio-desktop:build:     ./apps/desktop/renderer/components/code-studio/CodeStudioShell.tsx [Client Component Browser]
eh-code-studio-desktop:build:     ./apps/desktop/renderer/app/code-studio/page.tsx [Client Component Browser]
eh-code-studio-desktop:build:     ./apps/desktop/renderer/app/code-studio/page.tsx [Server Component]
eh-code-studio-desktop:build: 
eh-code-studio-desktop:build: https://nextjs.org/docs/messages/module-not-found
eh-code-studio-desktop:build: 
eh-code-studio-desktop:build: 
eh-code-studio-desktop:build: ./apps/desktop/renderer/lib/code-studio/core/store.ts:6:1
eh-code-studio-desktop:build: Module not found: Can't resolve './types'
eh-code-studio-desktop:build:   [90m4 |[0m
eh-code-studio-desktop:build:   [90m5 |[0m [36mimport[0m [36mtype[0m { [33mFileNode[0m, [33mCodeStudioSettings[0m } [36mfrom[0m [32m'./types'[0m;
eh-code-studio-desktop:build: [31m[1m>[0m [90m6 |[0m [36mimport[0m { [33mDEFAULT_SETTINGS[0m, detectLanguage } [36mfrom[0m [32m'./types'[0m;
eh-code-studio-desktop:build:   [90m  |[0m [31m[1m^^^^^^^^^^^^^^^^^^^^^^^^^^^^^^^^^^^^^^^^^^^^^^^^^^^^^^^^^^^[0m
eh-code-studio-desktop:build:   [90m7 |[0m [36mimport[0m { logger } [36mfrom[0m [32m'../_stubs/logger'[0m;
eh-code-studio-desktop:build:   [90m8 |[0m
eh-code-studio-desktop:build:   [90m9 |[0m [36mconst[0m [33mDB_NAME[0m = [32m'eh-code-studio'[0m;
eh-code-studio-desktop:build: 
eh-code-studio-desktop:build: 
eh-code-studio-desktop:build: 
eh-code-studio-desktop:build: Import trace:
eh-code-studio-desktop:build:   Client Component Browser:
eh-code-studio-desktop:build:     ./apps/desktop/renderer/lib/code-studio/core/store.ts [Client Component Browser]
eh-code-studio-desktop:build:     ./apps/desktop/renderer/components/code-studio/CodeStudioShell.tsx [Client Component Browser]
eh-code-studio-desktop:build:     ./apps/desktop/renderer/app/code-studio/page.tsx [Client Component Browser]
eh-code-studio-desktop:build:     ./apps/desktop/renderer/app/code-studio/page.tsx [Server Component]
eh-code-studio-desktop:build: 
eh-code-studio-desktop:build: https://nextjs.org/docs/messages/module-not-found
eh-code-studio-desktop:build: 
eh-code-studio-desktop:build: 
eh-code-studio-desktop:build: ./apps/desktop/renderer/app/layout.tsx:9:1
eh-code-studio-desktop:build: Module not found: Can't resolve '@/components/ApiKeyHydrator'
eh-code-studio-desktop:build:   [90m 7 |[0m [36mimport[0m { [33mUnifiedSettingsProvider[0m } [36mfrom[0m [32m"@/lib/UnifiedSettingsContext"[0m;
eh-code-studio-desktop:build:   [90m 8 |[0m [36mimport[0m { [33mDeferredClientMetrics[0m } [36mfrom[0m [32m"@/components/DeferredClientMetrics"[0m;
eh-code-studio-desktop:build: [31m[1m>[0m [90m 9 |[0m [36mimport[0m [33mApiKeyHydrator[0m [36mfrom[0m [32m"@/components/ApiKeyHydrator"[0m;
eh-code-studio-desktop:build:   [90m   |[0m [31m[1m^^^^^^^^^^^^^^^^^^^^^^^^^^^^^^^^^^^^^^^^^^^^^^^^^^^^^^^^^[0m
eh-code-studio-desktop:build:   [90m10 |[0m [36mimport[0m { [33mMainContentRegion[0m } [36mfrom[0m [32m"@/components/MainContentRegion"[0m;
eh-code-studio-desktop:build:   [90m11 |[0m [36mimport[0m [32m"@/lib/env"[0m; [90m// validate environment variables at startup[0m
eh-code-studio-desktop:build:   [90m12 |[0m [36mimport[0m {
eh-code-studio-desktop:build: 
eh-code-studio-desktop:build: Import map: aliased to relative './components/ApiKeyHydrator' inside of [project]/apps/desktop/renderer
eh-code-studio-desktop:build: 
eh-code-studio-desktop:build: 
eh-code-studio-desktop:build: https://nextjs.org/docs/messages/module-not-found
eh-code-studio-desktop:build: 
eh-code-studio-desktop:build: 
eh-code-studio-desktop:build: ./apps/desktop/renderer/app/layout.tsx:8:1
eh-code-studio-desktop:build: Module not found: Can't resolve '@/components/DeferredClientMetrics'
eh-code-studio-desktop:build:   [90m 6 |[0m [36mimport[0m { [33mStatusIndicator[0m } [36mfrom[0m [32m"@/components/ui/StatusIndicator"[0m;
eh-code-studio-desktop:build:   [90m 7 |[0m [36mimport[0m { [33mUnifiedSettingsProvider[0m } [36mfrom[0m [32m"@/lib/UnifiedSettingsContext"[0m;
eh-code-studio-desktop:build: [31m[1m>[0m [90m 8 |[0m [36mimport[0m { [33mDeferredClientMetrics[0m } [36mfrom[0m [32m"@/components/DeferredClientMetrics"[0m;
eh-code-studio-desktop:build:   [90m   |[0m [31m[1m^^^^^^^^^^^^^^^^^^^^^^^^^^^^^^^^^^^^^^^^^^^^^^^^^^^^^^^^^^^^^^^^^^^^^^^^^^^[0m
eh-code-studio-desktop:build:   [90m 9 |[0m [36mimport[0m [33mApiKeyHydrator[0m [36mfrom[0m [32m"@/components/ApiKeyHydrator"[0m;
eh-code-studio-desktop:build:   [90m10 |[0m [36mimport[0m { [33mMainContentRegion[0m } [36mfrom[0m [32m"@/components/MainContentRegion"[0m;
eh-code-studio-desktop:build:   [90m11 |[0m [36mimport[0m [32m"@/lib/env"[0m; [90m// validate environment variables at startup[0m
eh-code-studio-desktop:build: 
eh-code-studio-desktop:build: Import map: aliased to relative './components/DeferredClientMetrics' inside of [project]/apps/desktop/renderer
eh-code-studio-desktop:build: 
eh-code-studio-desktop:build: 
eh-code-studio-desktop:build: https://nextjs.org/docs/messages/module-not-found
eh-code-studio-desktop:build: 
eh-code-studio-desktop:build: 
eh-code-studio-desktop:build: ./apps/desktop/renderer/app/layout.tsx:4:1
eh-code-studio-desktop:build: Module not found: Can't resolve '@/components/ErrorReporterInit'
eh-code-studio-desktop:build:   [90m2 |[0m [36mimport[0m { [33mLangProvider[0m } [36mfrom[0m [32m"@/lib/LangContext"[0m;
eh-code-studio-desktop:build:   [90m3 |[0m [36mimport[0m { [33mAuthProvider[0m } [36mfrom[0m [32m"@/lib/AuthContext"[0m;
eh-code-studio-desktop:build: [31m[1m>[0m [90m4 |[0m [36mimport[0m [33mErrorReporterInit[0m [36mfrom[0m [32m"@/components/ErrorReporterInit"[0m;
eh-code-studio-desktop:build:   [90m  |[0m [31m[1m^^^^^^^^^^^^^^^^^^^^^^^^^^^^^^^^^^^^^^^^^^^^^^^^^^^^^^^^^^^^^^^[0m
eh-code-studio-desktop:build:   [90m5 |[0m [36mimport[0m [33mWebFeaturesInit[0m [36mfrom[0m [32m"@/components/WebFeaturesInit"[0m;
eh-code-studio-desktop:build:   [90m6 |[0m [36mimport[0m { [33mStatusIndicator[0m } [36mfrom[0m [32m"@/components/ui/StatusIndicator"[0m;
eh-code-studio-desktop:build:   [90m7 |[0m [36mimport[0m { [33mUnifiedSettingsProvider[0m } [36mfrom[0m [32m"@/lib/UnifiedSettingsContext"[0m;
eh-code-studio-desktop:build: 
eh-code-studio-desktop:build: Import map: aliased to relative './components/ErrorReporterInit' inside of [project]/apps/desktop/renderer
eh-code-studio-desktop:build: 
eh-code-studio-desktop:build: 
eh-code-studio-desktop:build: https://nextjs.org/docs/messages/module-not-found
eh-code-studio-desktop:build: 
eh-code-studio-desktop:build: 
eh-code-studio-desktop:build: ./apps/desktop/renderer/app/error.tsx:5:1
eh-code-studio-desktop:build: Module not found: Can't resolve '@/components/Header'
eh-code-studio-desktop:build:   [90m3 |[0m [36mimport[0m { useEffect } [36mfrom[0m [32m"react"[0m;
eh-code-studio-desktop:build:   [90m4 |[0m [36mimport[0m { logger } [36mfrom[0m [32m"@/lib/logger"[0m;
eh-code-studio-desktop:build: [31m[1m>[0m [90m5 |[0m [36mimport[0m [33mHeader[0m [36mfrom[0m [32m"@/components/Header"[0m;
eh-code-studio-desktop:build:   [90m  |[0m [31m[1m^^^^^^^^^^^^^^^^^^^^^^^^^^^^^^^^^^^^^^^^^[0m
eh-code-studio-desktop:build:   [90m6 |[0m [36mimport[0m { useLang } [36mfrom[0m [32m"@/lib/LangContext"[0m;
eh-code-studio-desktop:build:   [90m7 |[0m [36mimport[0m { [33mL4[0m } [36mfrom[0m [32m"@/lib/i18n"[0m;
eh-code-studio-desktop:build:   [90m8 |[0m
eh-code-studio-desktop:build: 
eh-code-studio-desktop:build: Import map: aliased to relative './components/Header' inside of [project]/apps/desktop/renderer
eh-code-studio-desktop:build: 
eh-code-studio-desktop:build: 
eh-code-studio-desktop:build: Import traces:
eh-code-studio-desktop:build:   Client Component Browser:
eh-code-studio-desktop:build:     ./apps/desktop/renderer/app/error.tsx [Client Component Browser]
eh-code-studio-desktop:build:     ./apps/desktop/renderer/app/error.tsx [Server Component]
eh-code-studio-desktop:build: 
eh-code-studio-desktop:build:   Client Component SSR:
eh-code-studio-desktop:build:     ./apps/desktop/renderer/app/error.tsx [Client Component SSR]
eh-code-studio-desktop:build:     ./apps/desktop/renderer/app/error.tsx [Server Component]
eh-code-studio-desktop:build: 
eh-code-studio-desktop:build: https://nextjs.org/docs/messages/module-not-found
eh-code-studio-desktop:build: 
eh-code-studio-desktop:build: 
eh-code-studio-desktop:build: ./apps/desktop/renderer/app/not-found.tsx:4:1
eh-code-studio-desktop:build: Module not found: Can't resolve '@/components/Header'
eh-code-studio-desktop:build:   [90m2 |[0m
eh-code-studio-desktop:build:   [90m3 |[0m [36mimport[0m [33mLink[0m [36mfrom[0m [32m"next/link"[0m;
eh-code-studio-desktop:build: [31m[1m>[0m [90m4 |[0m [36mimport[0m [33mHeader[0m [36mfrom[0m [32m"@/components/Header"[0m;
eh-code-studio-desktop:build:   [90m  |[0m [31m[1m^^^^^^^^^^^^^^^^^^^^^^^^^^^^^^^^^^^^^^^^^[0m
eh-code-studio-desktop:build:   [90m5 |[0m [36mimport[0m { useLang } [36mfrom[0m [32m"@/lib/LangContext"[0m;
eh-code-studio-desktop:build:   [90m6 |[0m [36mimport[0m { [33mL4[0m } [36mfrom[0m [32m"@/lib/i18n"[0m;
eh-code-studio-desktop:build:   [90m7 |[0m
eh-code-studio-desktop:build: 
eh-code-studio-desktop:build: Import map: aliased to relative './components/Header' inside of [project]/apps/desktop/renderer
eh-code-studio-desktop:build: 
eh-code-studio-desktop:build: 
eh-code-studio-desktop:build: Import traces:
eh-code-studio-desktop:build:   Client Component Browser:
eh-code-studio-desktop:build:     ./apps/desktop/renderer/app/not-found.tsx [Client Component Browser]
eh-code-studio-desktop:build:     ./apps/desktop/renderer/app/not-found.tsx [Server Component]
eh-code-studio-desktop:build: 
eh-code-studio-desktop:build:   Client Component SSR:
eh-code-studio-desktop:build:     ./apps/desktop/renderer/app/not-found.tsx [Client Component SSR]
eh-code-studio-desktop:build:     ./apps/desktop/renderer/app/not-found.tsx [Server Component]
eh-code-studio-desktop:build: 
eh-code-studio-desktop:build: https://nextjs.org/docs/messages/module-not-found
eh-code-studio-desktop:build: 
eh-code-studio-desktop:build: 
eh-code-studio-desktop:build: ./apps/desktop/renderer/app/layout.tsx:10:1
eh-code-studio-desktop:build: Module not found: Can't resolve '@/components/MainContentRegion'
eh-code-studio-desktop:build:   [90m 8 |[0m [36mimport[0m { [33mDeferredClientMetrics[0m } [36mfrom[0m [32m"@/components/DeferredClientMetrics"[0m;
eh-code-studio-desktop:build:   [90m 9 |[0m [36mimport[0m [33mApiKeyHydrator[0m [36mfrom[0m [32m"@/components/ApiKeyHydrator"[0m;
eh-code-studio-desktop:build: [31m[1m>[0m [90m10 |[0m [36mimport[0m { [33mMainContentRegion[0m } [36mfrom[0m [32m"@/components/MainContentRegion"[0m;
eh-code-studio-desktop:build:   [90m   |[0m [31m[1m^^^^^^^^^^^^^^^^^^^^^^^^^^^^^^^^^^^^^^^^^^^^^^^^^^^^^^^^^^^^^^^^^^^[0m
eh-code-studio-desktop:build:   [90m11 |[0m [36mimport[0m [32m"@/lib/env"[0m; [90m// validate environment variables at startup[0m
eh-code-studio-desktop:build:   [90m12 |[0m [36mimport[0m {
eh-code-studio-desktop:build:   [90m13 |[0m   [33mIBM_Plex_Mono[0m,
eh-code-studio-desktop:build: 
eh-code-studio-desktop:build: Import map: aliased to relative './components/MainContentRegion' inside of [project]/apps/desktop/renderer
eh-code-studio-desktop:build: 
eh-code-studio-desktop:build: 
eh-code-studio-desktop:build: https://nextjs.org/docs/messages/module-not-found
eh-code-studio-desktop:build: 
eh-code-studio-desktop:build: 
eh-code-studio-desktop:build: ./apps/desktop/renderer/app/code-studio/page.tsx:8:1
eh-code-studio-desktop:build: Module not found: Can't resolve '@/components/SkeletonLoader'
eh-code-studio-desktop:build:   [90m 6 |[0m [36mimport[0m { [33mTRANSLATIONS[0m } [36mfrom[0m [32m"@/lib/studio-translations"[0m;
eh-code-studio-desktop:build:   [90m 7 |[0m [36mimport[0m [36mtype[0m { [33mAppLanguage[0m } [36mfrom[0m [32m"@/types/i18n"[0m;
eh-code-studio-desktop:build: [31m[1m>[0m [90m 8 |[0m [36mimport[0m { [33mCodeStudioSkeleton[0m } [36mfrom[0m [32m"@/components/SkeletonLoader"[0m;
eh-code-studio-desktop:build:   [90m   |[0m [31m[1m^^^^^^^^^^^^^^^^^^^^^^^^^^^^^^^^^^^^^^^^^^^^^^^^^^^^^^^^^^^^^^^^^[0m
eh-code-studio-desktop:build:   [90m 9 |[0m
eh-code-studio-desktop:build:   [90m10 |[0m [36mfunction[0m [33mCodeStudioLoading[0m() {
eh-code-studio-desktop:build:   [90m11 |[0m   [36mconst[0m { lang } = useLang();
eh-code-studio-desktop:build: 
eh-code-studio-desktop:build: Import map: aliased to relative './components/SkeletonLoader' inside of [project]/apps/desktop/renderer
eh-code-studio-desktop:build: 
eh-code-studio-desktop:build: 
eh-code-studio-desktop:build: Import traces:
eh-code-studio-desktop:build:   Client Component Browser:
eh-code-studio-desktop:build:     ./apps/desktop/renderer/app/code-studio/page.tsx [Client Component Browser]
eh-code-studio-desktop:build:     ./apps/desktop/renderer/app/code-studio/page.tsx [Server Component]
eh-code-studio-desktop:build: 
eh-code-studio-desktop:build:   Client Component SSR:
eh-code-studio-desktop:build:     ./apps/desktop/renderer/app/code-studio/page.tsx [Client Component SSR]
eh-code-studio-desktop:build:     ./apps/desktop/renderer/app/code-studio/page.tsx [Server Component]
eh-code-studio-desktop:build: 
eh-code-studio-desktop:build: https://nextjs.org/docs/messages/module-not-found
eh-code-studio-desktop:build: 
eh-code-studio-desktop:build: 
eh-code-studio-desktop:build: ./apps/desktop/renderer/app/layout.tsx:5:1
eh-code-studio-desktop:build: Module not found: Can't resolve '@/components/WebFeaturesInit'
eh-code-studio-desktop:build:   [90m3 |[0m [36mimport[0m { [33mAuthProvider[0m } [36mfrom[0m [32m"@/lib/AuthContext"[0m;
eh-code-studio-desktop:build:   [90m4 |[0m [36mimport[0m [33mErrorReporterInit[0m [36mfrom[0m [32m"@/components/ErrorReporterInit"[0m;
eh-code-studio-desktop:build: [31m[1m>[0m [90m5 |[0m [36mimport[0m [33mWebFeaturesInit[0m [36mfrom[0m [32m"@/components/WebFeaturesInit"[0m;
eh-code-studio-desktop:build:   [90m  |[0m [31m[1m^^^^^^^^^^^^^^^^^^^^^^^^^^^^^^^^^^^^^^^^^^^^^^^^^^^^^^^^^^^[0m
eh-code-studio-desktop:build:   [90m6 |[0m [36mimport[0m { [33mStatusIndicator[0m } [36mfrom[0m [32m"@/components/ui/StatusIndicator"[0m;
eh-code-studio-desktop:build:   [90m7 |[0m [36mimport[0m { [33mUnifiedSettingsProvider[0m } [36mfrom[0m [32m"@/lib/UnifiedSettingsContext"[0m;
eh-code-studio-desktop:build:   [90m8 |[0m [36mimport[0m { [33mDeferredClientMetrics[0m } [36mfrom[0m [32m"@/components/DeferredClientMetrics"[0m;
eh-code-studio-desktop:build: 
eh-code-studio-desktop:build: Import map: aliased to relative './components/WebFeaturesInit' inside of [project]/apps/desktop/renderer
eh-code-studio-desktop:build: 
eh-code-studio-desktop:build: 
eh-code-studio-desktop:build: https://nextjs.org/docs/messages/module-not-found
eh-code-studio-desktop:build: 
eh-code-studio-desktop:build: 
eh-code-studio-desktop:build: ./apps/desktop/renderer/components/code-studio/PanelImports.ts
eh-code-studio-desktop:build: Module not found: Can't resolve '@/components/home/APIKeySlotManager'
eh-code-studio-desktop:build: Import map: aliased to relative './components/home/APIKeySlotManager' inside of [project]/apps/desktop/renderer
eh-code-studio-desktop:build: 
eh-code-studio-desktop:build: 
eh-code-studio-desktop:build: Import trace:
eh-code-studio-desktop:build:   Client Component Browser:
eh-code-studio-desktop:build:     ./apps/desktop/renderer/components/code-studio/PanelImports.ts [Client Component Browser]
eh-code-studio-desktop:build:     ./apps/desktop/renderer/components/code-studio/CodeStudioShell.tsx [Client Component Browser]
eh-code-studio-desktop:build:     ./apps/desktop/renderer/app/code-studio/page.tsx [Client Component Browser]
eh-code-studio-desktop:build:     ./apps/desktop/renderer/app/code-studio/page.tsx [Server Component]
eh-code-studio-desktop:build: 
eh-code-studio-desktop:build: https://nextjs.org/docs/messages/module-not-found
eh-code-studio-desktop:build: 
eh-code-studio-desktop:build: 
eh-code-studio-desktop:build: ./apps/desktop/renderer/components/code-studio/PanelImports.ts:218:9
eh-code-studio-desktop:build: Module not found: Can't resolve '@/components/home/APIKeySlotManager'
eh-code-studio-desktop:build:   [90m216 |[0m [90m// ?? api-config (unified) ??????????????????????????????????????[0m
eh-code-studio-desktop:build:   [90m217 |[0m [36mexport[0m [36mconst[0m [33mAPIKeyConfigComponent[0m = dynamic(
eh-code-studio-desktop:build: [31m[1m>[0m [90m218 |[0m   () => [36mimport[0m([32m"@/components/home/APIKeySlotManager"[0m).then((m) => ({ [36mdefault[0m: m.[33mAPIKeySlo...[0m
eh-code-studio-desktop:build:   [90m    |[0m         [31m[1m^^^^^^^^^^^^^^^^^^^^^^^^^^^^^^^^^^^^^^^^^^^^^[0m
eh-code-studio-desktop:build:   [90m219 |[0m   { ssr: [36mfalse[0m },
eh-code-studio-desktop:build:   [90m220 |[0m );
eh-code-studio-desktop:build:   [90m221 |[0m
eh-code-studio-desktop:build: 
eh-code-studio-desktop:build: Import map: aliased to relative './components/home/APIKeySlotManager' inside of [project]/apps/desktop/renderer
eh-code-studio-desktop:build: 
eh-code-studio-desktop:build: 
eh-code-studio-desktop:build: Import trace:
eh-code-studio-desktop:build:   Client Component Browser:
eh-code-studio-desktop:build:     ./apps/desktop/renderer/components/code-studio/PanelImports.ts [Client Component Browser]
eh-code-studio-desktop:build:     ./apps/desktop/renderer/components/code-studio/CodeStudioShell.tsx [Client Component Browser]
eh-code-studio-desktop:build:     ./apps/desktop/renderer/app/code-studio/page.tsx [Client Component Browser]
eh-code-studio-desktop:build:     ./apps/desktop/renderer/app/code-studio/page.tsx [Server Component]
eh-code-studio-desktop:build: 
eh-code-studio-desktop:build: https://nextjs.org/docs/messages/module-not-found
eh-code-studio-desktop:build: 
eh-code-studio-desktop:build: 
eh-code-studio-desktop:build: ./apps/desktop/renderer/components/code-studio/CodeStudioEditor.tsx
eh-code-studio-desktop:build: Module not found: Can't resolve '@/components/studio/MultiKeyPanel'
eh-code-studio-desktop:build: Import map: aliased to relative './components/studio/MultiKeyPanel' inside of [project]/apps/desktop/renderer
eh-code-studio-desktop:build: 
eh-code-studio-desktop:build: 
eh-code-studio-desktop:build: Import trace:
eh-code-studio-desktop:build:   Client Component Browser:
eh-code-studio-desktop:build:     ./apps/desktop/renderer/components/code-studio/CodeStudioEditor.tsx [Client Component Browser]
eh-code-studio-desktop:build:     ./apps/desktop/renderer/components/code-studio/CodeStudioShell.tsx [Client Component Browser]
eh-code-studio-desktop:build:     ./apps/desktop/renderer/app/code-studio/page.tsx [Client Component Browser]
eh-code-studio-desktop:build:     ./apps/desktop/renderer/app/code-studio/page.tsx [Server Component]
eh-code-studio-desktop:build: 
eh-code-studio-desktop:build: https://nextjs.org/docs/messages/module-not-found
eh-code-studio-desktop:build: 
eh-code-studio-desktop:build: 
eh-code-studio-desktop:build: ./apps/desktop/renderer/components/code-studio/CodeStudioEditor.tsx:37:37
eh-code-studio-desktop:build: Module not found: Can't resolve '@/components/studio/MultiKeyPanel'
eh-code-studio-desktop:build:   [90m35 |[0m ...
eh-code-studio-desktop:build:   [90m36 |[0m ...
eh-code-studio-desktop:build: [31m[1m>[0m [90m37 |[0m ...[33mPanel[0m = dynamic(() => [36mimport[0m([32m"@/components/studio/MultiKeyPanel"[0m), { ssr: [36mfalse[0m });
eh-code-studio-desktop:build:   [90m   |[0m                          [31m[1m^^^^^^^^^^^^^^^^^^^^^^^^^^^^^^^^^^^^^^^^^^^[0m
eh-code-studio-desktop:build:   [90m38 |[0m ...
eh-code-studio-desktop:build:   [90m39 |[0m ...[90m file tree by file name (basename match). */[0m
eh-code-studio-desktop:build:   [90m40 |[0m ...ileNodeByName(nodes: [33mFileNode[0m[], name: string): [33mFileNode[0m | [36mnull[0m {
eh-code-studio-desktop:build: 
eh-code-studio-desktop:build: Import map: aliased to relative './components/studio/MultiKeyPanel' inside of [project]/apps/desktop/renderer
eh-code-studio-desktop:build: 
eh-code-studio-desktop:build: 
eh-code-studio-desktop:build: Import trace:
eh-code-studio-desktop:build:   Client Component Browser:
eh-code-studio-desktop:build:     ./apps/desktop/renderer/components/code-studio/CodeStudioEditor.tsx [Client Component Browser]
eh-code-studio-desktop:build:     ./apps/desktop/renderer/components/code-studio/CodeStudioShell.tsx [Client Component Browser]
eh-code-studio-desktop:build:     ./apps/desktop/renderer/app/code-studio/page.tsx [Client Component Browser]
eh-code-studio-desktop:build:     ./apps/desktop/renderer/app/code-studio/page.tsx [Server Component]
eh-code-studio-desktop:build: 
eh-code-studio-desktop:build: https://nextjs.org/docs/messages/module-not-found
eh-code-studio-desktop:build: 
eh-code-studio-desktop:build: 
eh-code-studio-desktop:build: ./apps/desktop/renderer/app/layout.tsx:3:1
eh-code-studio-desktop:build: Module not found: Can't resolve '@/lib/AuthContext'
eh-code-studio-desktop:build:   [90m1 |[0m [36mimport[0m [36mtype[0m { [33mMetadata[0m } [36mfrom[0m [32m"next"[0m;
eh-code-studio-desktop:build:   [90m2 |[0m [36mimport[0m { [33mLangProvider[0m } [36mfrom[0m [32m"@/lib/LangContext"[0m;
eh-code-studio-desktop:build: [31m[1m>[0m [90m3 |[0m [36mimport[0m { [33mAuthProvider[0m } [36mfrom[0m [32m"@/lib/AuthContext"[0m;
eh-code-studio-desktop:build:   [90m  |[0m [31m[1m^^^^^^^^^^^^^^^^^^^^^^^^^^^^^^^^^^^^^^^^^^^^^^^^^[0m
eh-code-studio-desktop:build:   [90m4 |[0m [36mimport[0m [33mErrorReporterInit[0m [36mfrom[0m [32m"@/components/ErrorReporterInit"[0m;
eh-code-studio-desktop:build:   [90m5 |[0m [36mimport[0m [33mWebFeaturesInit[0m [36mfrom[0m [32m"@/components/WebFeaturesInit"[0m;
eh-code-studio-desktop:build:   [90m6 |[0m [36mimport[0m { [33mStatusIndicator[0m } [36mfrom[0m [32m"@/components/ui/StatusIndicator"[0m;
eh-code-studio-desktop:build: 
eh-code-studio-desktop:build: Import map: aliased to relative './lib/AuthContext' inside of [project]/apps/desktop/renderer
eh-code-studio-desktop:build: 
eh-code-studio-desktop:build: 
eh-code-studio-desktop:build: https://nextjs.org/docs/messages/module-not-found
eh-code-studio-desktop:build: 
eh-code-studio-desktop:build: 
eh-code-studio-desktop:build: ./apps/desktop/renderer/app/layout.tsx:7:1
eh-code-studio-desktop:build: Module not found: Can't resolve '@/lib/UnifiedSettingsContext'
eh-code-studio-desktop:build:   [90m 5 |[0m [36mimport[0m [33mWebFeaturesInit[0m [36mfrom[0m [32m"@/components/WebFeaturesInit"[0m;
eh-code-studio-desktop:build:   [90m 6 |[0m [36mimport[0m { [33mStatusIndicator[0m } [36mfrom[0m [32m"@/components/ui/StatusIndicator"[0m;
eh-code-studio-desktop:build: [31m[1m>[0m [90m 7 |[0m [36mimport[0m { [33mUnifiedSettingsProvider[0m } [36mfrom[0m [32m"@/lib/UnifiedSettingsContext"[0m;
eh-code-studio-desktop:build:   [90m   |[0m [31m[1m^^^^^^^^^^^^^^^^^^^^^^^^^^^^^^^^^^^^^^^^^^^^^^^^^^^^^^^^^^^^^^^^^^^^^^^[0m
eh-code-studio-desktop:build:   [90m 8 |[0m [36mimport[0m { [33mDeferredClientMetrics[0m } [36mfrom[0m [32m"@/components/DeferredClientMetrics"[0m;
eh-code-studio-desktop:build:   [90m 9 |[0m [36mimport[0m [33mApiKeyHydrator[0m [36mfrom[0m [32m"@/components/ApiKeyHydrator"[0m;
eh-code-studio-desktop:build:   [90m10 |[0m [36mimport[0m { [33mMainContentRegion[0m } [36mfrom[0m [32m"@/components/MainContentRegion"[0m;
eh-code-studio-desktop:build: 
eh-code-studio-desktop:build: Import map: aliased to relative './lib/UnifiedSettingsContext' inside of [project]/apps/desktop/renderer
eh-code-studio-desktop:build: 
eh-code-studio-desktop:build: 
eh-code-studio-desktop:build: https://nextjs.org/docs/messages/module-not-found
eh-code-studio-desktop:build: 
eh-code-studio-desktop:build: 
eh-code-studio-desktop:build: ./apps/desktop/renderer/components/code-studio/AgentPanel.tsx:296:27
eh-code-studio-desktop:build: Module not found: Can't resolve '@/lib/browser'
eh-code-studio-desktop:build:   [90m294 |[0m     setSummary([36mnull[0m);
eh-code-studio-desktop:build:   [90m295 |[0m     [90m// Wake Lock + ?뚮┝ 以鍮?[0m
eh-code-studio-desktop:build: [31m[1m>[0m [90m296 |[0m     [36mconst[0m browser = [36mawait[0m [36mimport[0m([32m'@/lib/browser'[0m);
eh-code-studio-desktop:build:   [90m    |[0m                           [31m[1m^^^^^^^^^^^^^^^^^^^^^^^[0m
eh-code-studio-desktop:build:   [90m297 |[0m     browser.acquireWakeLock().[36mcatch[0m(() => {});
eh-code-studio-desktop:build:   [90m298 |[0m     browser.requestNotificationPermission().[36mcatch[0m(() => {});
eh-code-studio-desktop:build:   [90m299 |[0m     [36mtry[0m {
eh-code-studio-desktop:build: 
eh-code-studio-desktop:build: Import map: aliased to relative './lib/browser' inside of [project]/apps/desktop/renderer
eh-code-studio-desktop:build: 
eh-code-studio-desktop:build: 
eh-code-studio-desktop:build: Import trace:
eh-code-studio-desktop:build:   Client Component Browser:
eh-code-studio-desktop:build:     ./apps/desktop/renderer/components/code-studio/AgentPanel.tsx [Client Component Browser]
eh-code-studio-desktop:build:     ./apps/desktop/renderer/components/code-studio/PanelImports.ts [Client Component Browser]
eh-code-studio-desktop:build:     ./apps/desktop/renderer/components/code-studio/CodeStudioShell.tsx [Client Component Browser]
eh-code-studio-desktop:build:     ./apps/desktop/renderer/app/code-studio/page.tsx [Client Component Browser]
eh-code-studio-desktop:build:     ./apps/desktop/renderer/app/code-studio/page.tsx [Server Component]
eh-code-studio-desktop:build: 
eh-code-studio-desktop:build: https://nextjs.org/docs/messages/module-not-found
eh-code-studio-desktop:build: 
eh-code-studio-desktop:build: 
eh-code-studio-desktop:build: ./apps/desktop/renderer/components/code-studio/CodeStudioPanelManager.tsx:509:9
eh-code-studio-desktop:build: Module not found: Can't resolve '@/lib/code-studio/audit/audit-engine'
eh-code-studio-desktop:build:   [90m507 |[0m       })}
eh-code-studio-desktop:build:   [90m508 |[0m       onRunAudit={() => {
eh-code-studio-desktop:build: [31m[1m>[0m [90m509 |[0m         [36mimport[0m([32m'@/lib/code-studio/audit/audit-engine'[0m).then(({ runProjectAudit }) => {
eh-code-studio-desktop:build:   [90m    |[0m         [31m[1m^^^^^^^^^^^^^^^^^^^^^^^^^^^^^^^^^^^^^^^^^^^^^^[0m
eh-code-studio-desktop:build:   [90m510 |[0m           [36mconst[0m ctx = {
eh-code-studio-desktop:build:   [90m511 |[0m             files: files.flatMap([36mfunction[0m flatFiles(n: [36mtypeof[0m files[number]): { path: str...
eh-code-studio-desktop:build:   [90m512 |[0m               [36mif[0m (n.[36mtype[0m === [32m'file'[0m) [36mreturn[0m [{ path: n.name, content: n.content ?? [32m''[0m, la...
eh-code-studio-desktop:build: 
eh-code-studio-desktop:build: Import map: aliased to relative './lib/code-studio/audit/audit-engine' inside of [project]/apps/desktop/renderer
eh-code-studio-desktop:build: 
eh-code-studio-desktop:build: 
eh-code-studio-desktop:build: Import trace:
eh-code-studio-desktop:build:   Client Component Browser:
eh-code-studio-desktop:build:     ./apps/desktop/renderer/components/code-studio/CodeStudioPanelManager.tsx [Client Component Browser]
eh-code-studio-desktop:build:     ./apps/desktop/renderer/components/code-studio/CodeStudioShell.tsx [Client Component Browser]
eh-code-studio-desktop:build:     ./apps/desktop/renderer/app/code-studio/page.tsx [Client Component Browser]
eh-code-studio-desktop:build:     ./apps/desktop/renderer/app/code-studio/page.tsx [Server Component]
eh-code-studio-desktop:build: 
eh-code-studio-desktop:build: https://nextjs.org/docs/messages/module-not-found
eh-code-studio-desktop:build: 
eh-code-studio-desktop:build: 
eh-code-studio-desktop:build: ./apps/desktop/renderer/app/code-studio/layout.tsx:2:1
eh-code-studio-desktop:build: Module not found: Can't resolve '@/lib/feature-flags'
eh-code-studio-desktop:build:   [90m1 |[0m [36mimport[0m { notFound } [36mfrom[0m [32m"next/navigation"[0m;
eh-code-studio-desktop:build: [31m[1m>[0m [90m2 |[0m [36mimport[0m { isFeatureEnabledServer } [36mfrom[0m [32m"@/lib/feature-flags"[0m;
eh-code-studio-desktop:build:   [90m  |[0m [31m[1m^^^^^^^^^^^^^^^^^^^^^^^^^^^^^^^^^^^^^^^^^^^^^^^^^^^^^^^^^^^^^[0m
eh-code-studio-desktop:build:   [90m3 |[0m
eh-code-studio-desktop:build:   [90m4 |[0m [36mexport[0m [36mdefault[0m [36mfunction[0m [33mCodeStudioLayout[0m({ children }: { children: [33mReact[0m.[33mReactNode[0m }) {
eh-code-studio-desktop:build:   [90m5 |[0m   [36mif[0m (!isFeatureEnabledServer([32m"CODE_STUDIO"[0m)) {
eh-code-studio-desktop:build: 
eh-code-studio-desktop:build: Import map: aliased to relative './lib/feature-flags' inside of [project]/apps/desktop/renderer
eh-code-studio-desktop:build: 
eh-code-studio-desktop:build: 
eh-code-studio-desktop:build: https://nextjs.org/docs/messages/module-not-found
eh-code-studio-desktop:build: 
eh-code-studio-desktop:build: 
eh-code-studio-desktop:build: ./apps/desktop/renderer/lib/ai-providers.ts:8:1
eh-code-studio-desktop:build: Module not found: Can't resolve '@/lib/firebase'
eh-code-studio-desktop:build:   [90m 6 |[0m [36mimport[0m { logger } [36mfrom[0m [32m'../_stubs/logger'[0m;
eh-code-studio-desktop:build:   [90m 7 |[0m [36mimport[0m { [33mL4[0m } [36mfrom[0m [32m'@/lib/i18n'[0m;
eh-code-studio-desktop:build: [31m[1m>[0m [90m 8 |[0m [36mimport[0m { lazyFirebaseAuth } [36mfrom[0m [32m'@/lib/firebase'[0m;
eh-code-studio-desktop:build:   [90m   |[0m [31m[1m^^^^^^^^^^^^^^^^^^^^^^^^^^^^^^^^^^^^^^^^^^^^^^^^^^[0m
eh-code-studio-desktop:build:   [90m 9 |[0m [36mimport[0m { ariManager } [36mfrom[0m [32m'@eh/quill-engine/ari-engine'[0m;
eh-code-studio-desktop:build:   [90m10 |[0m
eh-code-studio-desktop:build:   [90m11 |[0m [90m/** Provider ID key tuple ??single source of truth for all provider keys */[0m
eh-code-studio-desktop:build: 
eh-code-studio-desktop:build: Import map: aliased to relative './lib/firebase' inside of [project]/apps/desktop/renderer
eh-code-studio-desktop:build: 
eh-code-studio-desktop:build: 
eh-code-studio-desktop:build: Import trace:
eh-code-studio-desktop:build:   Client Component Browser:
eh-code-studio-desktop:build:     ./apps/desktop/renderer/lib/ai-providers.ts [Client Component Browser]
eh-code-studio-desktop:build:     ./apps/desktop/renderer/components/code-studio/InlineEditWidget.tsx [Client Component Browser]
eh-code-studio-desktop:build:     ./apps/desktop/renderer/components/code-studio/PanelImports.ts [Client Component Browser]
eh-code-studio-desktop:build:     ./apps/desktop/renderer/components/code-studio/CodeStudioShell.tsx [Client Component Browser]
eh-code-studio-desktop:build:     ./apps/desktop/renderer/app/code-studio/page.tsx [Client Component Browser]
eh-code-studio-desktop:build:     ./apps/desktop/renderer/app/code-studio/page.tsx [Server Component]
eh-code-studio-desktop:build: 
eh-code-studio-desktop:build: https://nextjs.org/docs/messages/module-not-found
eh-code-studio-desktop:build: 
eh-code-studio-desktop:build: 
eh-code-studio-desktop:build: ./apps/desktop/renderer/components/code-studio/DependencyGraph.tsx:19:1
eh-code-studio-desktop:build: Module not found: Can't resolve '@/lib/force-graph'
eh-code-studio-desktop:build:   [90m17 |[0m [36mimport[0m [33mReact[0m, { useState, useRef, useCallback, useMemo, useEffect } [36mfrom[0m [32m"react"[0m;
eh-code-studio-desktop:build:   [90m18 |[0m [36mimport[0m { [33mRotateCcw[0m, [33mAlertTriangle[0m } [36mfrom[0m [32m"lucide-react"[0m;
eh-code-studio-desktop:build: [31m[1m>[0m [90m19 |[0m [36mimport[0m {
eh-code-studio-desktop:build:   [90m   |[0m [31m[1m^^^^^^^[0m
eh-code-studio-desktop:build: [31m[1m>[0m [90m20 |[0m   [33mForceNode[0m,
eh-code-studio-desktop:build:   [90m   |[0m [31m[1m^^^^^^^^^^^^[0m
eh-code-studio-desktop:build: [31m[1m>[0m [90m21 |[0m   [33mForceEdge[0m,
eh-code-studio-desktop:build:   [90m   |[0m [31m[1m^^^^^^^^^^^^[0m
eh-code-studio-desktop:build: [31m[1m>[0m [90m22 |[0m   simulateForceLayout,
eh-code-studio-desktop:build:   [90m   |[0m [31m[1m^^^^^^^^^^^^^^^^^^^^^^[0m
eh-code-studio-desktop:build: [31m[1m>[0m [90m23 |[0m   initializePositions,
eh-code-studio-desktop:build:   [90m   |[0m [31m[1m^^^^^^^^^^^^^^^^^^^^^^[0m
eh-code-studio-desktop:build: [31m[1m>[0m [90m24 |[0m   tickForceLayout,
eh-code-studio-desktop:build:   [90m   |[0m [31m[1m^^^^^^^^^^^^^^^^^^[0m
eh-code-studio-desktop:build: [31m[1m>[0m [90m25 |[0m } [36mfrom[0m [32m"@/lib/force-graph"[0m;
eh-code-studio-desktop:build:   [90m   |[0m [31m[1m^^^^^^^^^^^^^^^^^^^^^^^^^^^[0m
eh-code-studio-desktop:build:   [90m26 |[0m
eh-code-studio-desktop:build:   [90m27 |[0m [90m/** Files map: path -> content */[0m
eh-code-studio-desktop:build:   [90m28 |[0m [36minterface[0m [33mProps[0m {
eh-code-studio-desktop:build: 
eh-code-studio-desktop:build: Import map: aliased to relative './lib/force-graph' inside of [project]/apps/desktop/renderer
eh-code-studio-desktop:build: 
eh-code-studio-desktop:build: 
eh-code-studio-desktop:build: Import trace:
eh-code-studio-desktop:build:   Client Component Browser:
eh-code-studio-desktop:build:     ./apps/desktop/renderer/components/code-studio/DependencyGraph.tsx [Client Component Browser]
eh-code-studio-desktop:build:     ./apps/desktop/renderer/components/code-studio/PanelImports.ts [Client Component Browser]
eh-code-studio-desktop:build:     ./apps/desktop/renderer/components/code-studio/CodeStudioShell.tsx [Client Component Browser]
eh-code-studio-desktop:build:     ./apps/desktop/renderer/app/code-studio/page.tsx [Client Component Browser]
eh-code-studio-desktop:build:     ./apps/desktop/renderer/app/code-studio/page.tsx [Server Component]
eh-code-studio-desktop:build: 
eh-code-studio-desktop:build: https://nextjs.org/docs/messages/module-not-found
eh-code-studio-desktop:build: 
eh-code-studio-desktop:build: 
eh-code-studio-desktop:build: ./apps/desktop/renderer/components/code-studio/SettingsPanel.tsx:10:1
eh-code-studio-desktop:build: Module not found: Can't resolve '@/lib/noa/lora-swap'
eh-code-studio-desktop:build:   [90m 8 |[0m [36mimport[0m { useState, useCallback, useEffect } [36mfrom[0m [32m"react"[0m;
eh-code-studio-desktop:build:   [90m 9 |[0m [36mimport[0m { [33mX[0m, [33mRotateCcw[0m, [33mShieldCheck[0m, [33mShield[0m, [33mShieldOff[0m, [33mAlertTriangle[0m, [33mBriefcase[0m, [33mCode2[0m, [33mLa...[0m
eh-code-studio-desktop:build: [31m[1m>[0m [90m10 |[0m [36mimport[0m { setCodingMode, getCodingMode, [36mtype[0m [33mCodingMode[0m } [36mfrom[0m [32m"@/lib/noa/lora-swap"[0m;
eh-code-studio-desktop:build:   [90m   |[0m [31m[1m^^^^^^^^^^^^^^^^^^^^^^^^^^^^^^^^^^^^^^^^^^^^^^^^^^^^^^^^^^^^^^^^^^^^^^^^^^^^^^^^^^^^[0m
eh-code-studio-desktop:build:   [90m11 |[0m
eh-code-studio-desktop:build:   [90m12 |[0m [36mexport[0m [36minterface[0m [33mIDESettings[0m {
eh-code-studio-desktop:build:   [90m13 |[0m   fontSize: number;
eh-code-studio-desktop:build: 
eh-code-studio-desktop:build: Import map: aliased to relative './lib/noa/lora-swap' inside of [project]/apps/desktop/renderer
eh-code-studio-desktop:build: 
eh-code-studio-desktop:build: 
eh-code-studio-desktop:build: Import trace:
eh-code-studio-desktop:build:   Client Component Browser:
eh-code-studio-desktop:build:     ./apps/desktop/renderer/components/code-studio/SettingsPanel.tsx [Client Component Browser]
eh-code-studio-desktop:build:     ./apps/desktop/renderer/components/code-studio/PanelImports.ts [Client Component Browser]
eh-code-studio-desktop:build:     ./apps/desktop/renderer/components/code-studio/CodeStudioShell.tsx [Client Component Browser]
eh-code-studio-desktop:build:     ./apps/desktop/renderer/app/code-studio/page.tsx [Client Component Browser]
eh-code-studio-desktop:build:     ./apps/desktop/renderer/app/code-studio/page.tsx [Server Component]
eh-code-studio-desktop:build: 
eh-code-studio-desktop:build: https://nextjs.org/docs/messages/module-not-found
eh-code-studio-desktop:build: 
eh-code-studio-desktop:build: 
eh-code-studio-desktop:build: ./apps/desktop/renderer/components/code-studio/AgentPanel.tsx:19:1
eh-code-studio-desktop:build: Module not found: Can't resolve '@/lib/noa/saga-transaction'
eh-code-studio-desktop:build:   [90m17 |[0m [36mimport[0m { useLang } [36mfrom[0m [32m"@/lib/LangContext"[0m;
eh-code-studio-desktop:build:   [90m18 |[0m [36mimport[0m { [33mL4[0m } [36mfrom[0m [32m"@/lib/i18n"[0m;
eh-code-studio-desktop:build: [31m[1m>[0m [90m19 |[0m [36mimport[0m { [33mSagaOrchestrator[0m } [36mfrom[0m [32m"@/lib/noa/saga-transaction"[0m;
eh-code-studio-desktop:build:   [90m   |[0m [31m[1m^^^^^^^^^^^^^^^^^^^^^^^^^^^^^^^^^^^^^^^^^^^^^^^^^^^^^^^^^^^^^^[0m
eh-code-studio-desktop:build:   [90m20 |[0m
eh-code-studio-desktop:build:   [90m21 |[0m [36mtype[0m [33mAgentMode[0m = [32m"idle"[0m | [32m"planning"[0m | [32m"executing"[0m | [32m"paused"[0m | [32m"complete"[0m | [32m"error"[0m;
eh-code-studio-desktop:build:   [90m22 |[0m
eh-code-studio-desktop:build: 
eh-code-studio-desktop:build: Import map: aliased to relative './lib/noa/saga-transaction' inside of [project]/apps/desktop/renderer
eh-code-studio-desktop:build: 
eh-code-studio-desktop:build: 
eh-code-studio-desktop:build: Import trace:
eh-code-studio-desktop:build:   Client Component Browser:
eh-code-studio-desktop:build:     ./apps/desktop/renderer/components/code-studio/AgentPanel.tsx [Client Component Browser]
eh-code-studio-desktop:build:     ./apps/desktop/renderer/components/code-studio/PanelImports.ts [Client Component Browser]
eh-code-studio-desktop:build:     ./apps/desktop/renderer/components/code-studio/CodeStudioShell.tsx [Client Component Browser]
eh-code-studio-desktop:build:     ./apps/desktop/renderer/app/code-studio/page.tsx [Client Component Browser]
eh-code-studio-desktop:build:     ./apps/desktop/renderer/app/code-studio/page.tsx [Server Component]
eh-code-studio-desktop:build: 
eh-code-studio-desktop:build: https://nextjs.org/docs/messages/module-not-found
eh-code-studio-desktop:build: 
eh-code-studio-desktop:build: 
eh-code-studio-desktop:build: ./apps/desktop/renderer/app/code-studio/page.tsx:6:1
eh-code-studio-desktop:build: Module not found: Can't resolve '@/lib/studio-translations'
eh-code-studio-desktop:build:   [90m4 |[0m [36mimport[0m dynamic [36mfrom[0m [32m"next/dynamic"[0m;
eh-code-studio-desktop:build:   [90m5 |[0m [36mimport[0m { useLang } [36mfrom[0m [32m"@/lib/LangContext"[0m;
eh-code-studio-desktop:build: [31m[1m>[0m [90m6 |[0m [36mimport[0m { [33mTRANSLATIONS[0m } [36mfrom[0m [32m"@/lib/studio-translations"[0m;
eh-code-studio-desktop:build:   [90m  |[0m [31m[1m^^^^^^^^^^^^^^^^^^^^^^^^^^^^^^^^^^^^^^^^^^^^^^^^^^^^^^^^^[0m
eh-code-studio-desktop:build:   [90m7 |[0m [36mimport[0m [36mtype[0m { [33mAppLanguage[0m } [36mfrom[0m [32m"@/types/i18n"[0m;
eh-code-studio-desktop:build:   [90m8 |[0m [36mimport[0m { [33mCodeStudioSkeleton[0m } [36mfrom[0m [32m"@/components/SkeletonLoader"[0m;
eh-code-studio-desktop:build:   [90m9 |[0m
eh-code-studio-desktop:build: 
eh-code-studio-desktop:build: Import map: aliased to relative './lib/studio-translations' inside of [project]/apps/desktop/renderer
eh-code-studio-desktop:build: 
eh-code-studio-desktop:build: 
eh-code-studio-desktop:build: Import traces:
eh-code-studio-desktop:build:   Client Component Browser:
eh-code-studio-desktop:build:     ./apps/desktop/renderer/app/code-studio/page.tsx [Client Component Browser]
eh-code-studio-desktop:build:     ./apps/desktop/renderer/app/code-studio/page.tsx [Server Component]
eh-code-studio-desktop:build: 
eh-code-studio-desktop:build:   Client Component SSR:
eh-code-studio-desktop:build:     ./apps/desktop/renderer/app/code-studio/page.tsx [Client Component SSR]
eh-code-studio-desktop:build:     ./apps/desktop/renderer/app/code-studio/page.tsx [Server Component]
eh-code-studio-desktop:build: 
eh-code-studio-desktop:build: https://nextjs.org/docs/messages/module-not-found
eh-code-studio-desktop:build: 
eh-code-studio-desktop:build: 
eh-code-studio-desktop:build: ./apps/desktop/renderer/components/code-studio/CodeStudioShell.tsx:24:1
eh-code-studio-desktop:build: Module not found: Can't resolve '@/lib/studio-translations'
eh-code-studio-desktop:build:   [90m22 |[0m [36mimport[0m { useSessionRestore, [36mtype[0m [33mSessionSnapshot[0m } [36mfrom[0m [32m"@/hooks/useSessionRestore"[0m;
eh-code-studio-desktop:build:   [90m23 |[0m [36mimport[0m { useLang } [36mfrom[0m [32m"@/lib/LangContext"[0m;
eh-code-studio-desktop:build: [31m[1m>[0m [90m24 |[0m [36mimport[0m { [33mTRANSLATIONS[0m } [36mfrom[0m [32m"@/lib/studio-translations"[0m;
eh-code-studio-desktop:build:   [90m   |[0m [31m[1m^^^^^^^^^^^^^^^^^^^^^^^^^^^^^^^^^^^^^^^^^^^^^^^^^^^^^^^^^[0m
eh-code-studio-desktop:build:   [90m25 |[0m [36mimport[0m { [33mL4[0m } [36mfrom[0m [32m"@/lib/i18n"[0m;
eh-code-studio-desktop:build:   [90m26 |[0m [36mimport[0m [36mtype[0m { [33mAppLanguage[0m } [36mfrom[0m [32m"@/types/i18n"[0m;
eh-code-studio-desktop:build:   [90m27 |[0m
eh-code-studio-desktop:build: 
eh-code-studio-desktop:build: Import map: aliased to relative './lib/studio-translations' inside of [project]/apps/desktop/renderer
eh-code-studio-desktop:build: 
eh-code-studio-desktop:build: 
eh-code-studio-desktop:build: Import trace:
eh-code-studio-desktop:build:   Client Component Browser:
eh-code-studio-desktop:build:     ./apps/desktop/renderer/components/code-studio/CodeStudioShell.tsx [Client Component Browser]
eh-code-studio-desktop:build:     ./apps/desktop/renderer/app/code-studio/page.tsx [Client Component Browser]
eh-code-studio-desktop:build:     ./apps/desktop/renderer/app/code-studio/page.tsx [Server Component]
eh-code-studio-desktop:build: 
eh-code-studio-desktop:build: https://nextjs.org/docs/messages/module-not-found
eh-code-studio-desktop:build: 
eh-code-studio-desktop:build: 
eh-code-studio-desktop:build: ./apps/desktop/renderer/components/code-studio/WelcomeScreen.tsx:12:1
eh-code-studio-desktop:build: Module not found: Can't resolve '@/lib/studio-translations'
eh-code-studio-desktop:build:   [90m10 |[0m [36mimport[0m { useLang } [36mfrom[0m [32m"@/lib/LangContext"[0m;
eh-code-studio-desktop:build:   [90m11 |[0m [36mimport[0m { [33mL4[0m } [36mfrom[0m [32m"@/lib/i18n"[0m;
eh-code-studio-desktop:build: [31m[1m>[0m [90m12 |[0m [36mimport[0m { [33mTRANSLATIONS[0m } [36mfrom[0m [32m"@/lib/studio-translations"[0m;
eh-code-studio-desktop:build:   [90m   |[0m [31m[1m^^^^^^^^^^^^^^^^^^^^^^^^^^^^^^^^^^^^^^^^^^^^^^^^^^^^^^^^^[0m
eh-code-studio-desktop:build:   [90m13 |[0m [36mimport[0m { listProjects } [36mfrom[0m [32m"@/lib/code-studio/core/store"[0m;
eh-code-studio-desktop:build:   [90m14 |[0m [36mimport[0m [36mtype[0m { [33mAppLanguage[0m } [36mfrom[0m [32m"@/types/i18n"[0m;
eh-code-studio-desktop:build:   [90m15 |[0m [36mimport[0m [32m"./welcome-screen.css"[0m;
eh-code-studio-desktop:build: 
eh-code-studio-desktop:build: Import map: aliased to relative './lib/studio-translations' inside of [project]/apps/desktop/renderer
eh-code-studio-desktop:build: 
eh-code-studio-desktop:build: 
eh-code-studio-desktop:build: Import trace:
eh-code-studio-desktop:build:   Client Component Browser:
eh-code-studio-desktop:build:     ./apps/desktop/renderer/components/code-studio/WelcomeScreen.tsx [Client Component Browser]
eh-code-studio-desktop:build:     ./apps/desktop/renderer/components/code-studio/CodeStudioShell.tsx [Client Component Browser]
eh-code-studio-desktop:build:     ./apps/desktop/renderer/app/code-studio/page.tsx [Client Component Browser]
eh-code-studio-desktop:build:     ./apps/desktop/renderer/app/code-studio/page.tsx [Server Component]
eh-code-studio-desktop:build: 
eh-code-studio-desktop:build: https://nextjs.org/docs/messages/module-not-found
eh-code-studio-desktop:build: 
eh-code-studio-desktop:build: 
eh-code-studio-desktop:build: ./apps/desktop/renderer/components/code-studio/AIWorkspace.tsx:10:1
eh-code-studio-desktop:build: Module not found: Can't resolve '@/lib/use-code-studio-translations'
eh-code-studio-desktop:build:   [90m 8 |[0m [36mimport[0m { [33mSend[0m, [33mPlus[0m, [33mBrain[0m, [33mUsers[0m, [33mLoader2[0m, [33mX[0m } [36mfrom[0m [32m"lucide-react"[0m;
eh-code-studio-desktop:build:   [90m 9 |[0m [36mimport[0m { [36mtype[0m [33mAgentRole[0m, [33mAGENT_REGISTRY[0m, [33mALL_AGENT_ROLES[0m } [36mfrom[0m [32m"@/types/code-studio-agent"[0m;
eh-code-studio-desktop:build: [31m[1m>[0m [90m10 |[0m [36mimport[0m { useCodeStudioT } [36mfrom[0m [32m"@/lib/use-code-studio-translations"[0m;
eh-code-studio-desktop:build:   [90m   |[0m [31m[1m^^^^^^^^^^^^^^^^^^^^^^^^^^^^^^^^^^^^^^^^^^^^^^^^^^^^^^^^^^^^^^^^^^^^[0m
eh-code-studio-desktop:build:   [90m11 |[0m
eh-code-studio-desktop:build:   [90m12 |[0m [36mexport[0m [36minterface[0m [33mWorkspaceThread[0m {
eh-code-studio-desktop:build:   [90m13 |[0m   id: string;
eh-code-studio-desktop:build: 
eh-code-studio-desktop:build: Import map: aliased to relative './lib/use-code-studio-translations' inside of [project]/apps/desktop/renderer
eh-code-studio-desktop:build: 
eh-code-studio-desktop:build: 
eh-code-studio-desktop:build: Import trace:
eh-code-studio-desktop:build:   Client Component Browser:
eh-code-studio-desktop:build:     ./apps/desktop/renderer/components/code-studio/AIWorkspace.tsx [Client Component Browser]
eh-code-studio-desktop:build:     ./apps/desktop/renderer/components/code-studio/PanelImports.ts [Client Component Browser]
eh-code-studio-desktop:build:     ./apps/desktop/renderer/components/code-studio/CodeStudioShell.tsx [Client Component Browser]
eh-code-studio-desktop:build:     ./apps/desktop/renderer/app/code-studio/page.tsx [Client Component Browser]
eh-code-studio-desktop:build:     ./apps/desktop/renderer/app/code-studio/page.tsx [Server Component]
eh-code-studio-desktop:build: 
eh-code-studio-desktop:build: https://nextjs.org/docs/messages/module-not-found
eh-code-studio-desktop:build: 
eh-code-studio-desktop:build: 
eh-code-studio-desktop:build: ./apps/desktop/renderer/components/code-studio/CanvasPanel.tsx:9:1
eh-code-studio-desktop:build: Module not found: Can't resolve '@/lib/use-code-studio-translations'
eh-code-studio-desktop:build:   [90m 7 |[0m [36mimport[0m { useState, useRef, useCallback, useEffect, [36mtype[0m [33mMouseEvent[0m [36mas[0m [33mReactMouseEvent[0m, use...
eh-code-studio-desktop:build:   [90m 8 |[0m [36mimport[0m { [33mZoomIn[0m, [33mZoomOut[0m, [33mMaximize2[0m, [33mDownload[0m, [33mPlus[0m, [33mTrash2[0m, [33mMove[0m } [36mfrom[0m [32m"lucide-react"[0m;
eh-code-studio-desktop:build: [31m[1m>[0m [90m 9 |[0m [36mimport[0m { useCodeStudioT } [36mfrom[0m [32m"@/lib/use-code-studio-translations"[0m;
eh-code-studio-desktop:build:   [90m   |[0m [31m[1m^^^^^^^^^^^^^^^^^^^^^^^^^^^^^^^^^^^^^^^^^^^^^^^^^^^^^^^^^^^^^^^^^^^^[0m
eh-code-studio-desktop:build:   [90m10 |[0m
eh-code-studio-desktop:build:   [90m11 |[0m [36mexport[0m [36minterface[0m [33mCanvasNode[0m {
eh-code-studio-desktop:build:   [90m12 |[0m   id: string;
eh-code-studio-desktop:build: 
eh-code-studio-desktop:build: Import map: aliased to relative './lib/use-code-studio-translations' inside of [project]/apps/desktop/renderer
eh-code-studio-desktop:build: 
eh-code-studio-desktop:build: 
eh-code-studio-desktop:build: Import trace:
eh-code-studio-desktop:build:   Client Component Browser:
eh-code-studio-desktop:build:     ./apps/desktop/renderer/components/code-studio/CanvasPanel.tsx [Client Component Browser]
eh-code-studio-desktop:build:     ./apps/desktop/renderer/components/code-studio/PanelImports.ts [Client Component Browser]
eh-code-studio-desktop:build:     ./apps/desktop/renderer/components/code-studio/CodeStudioShell.tsx [Client Component Browser]
eh-code-studio-desktop:build:     ./apps/desktop/renderer/app/code-studio/page.tsx [Client Component Browser]
eh-code-studio-desktop:build:     ./apps/desktop/renderer/app/code-studio/page.tsx [Server Component]
eh-code-studio-desktop:build: 
eh-code-studio-desktop:build: https://nextjs.org/docs/messages/module-not-found
eh-code-studio-desktop:build: 
eh-code-studio-desktop:build: 
eh-code-studio-desktop:build: ./apps/desktop/renderer/components/code-studio/CollabPanel.tsx:51:1
eh-code-studio-desktop:build: Module not found: Can't resolve '@/lib/use-code-studio-translations'
eh-code-studio-desktop:build:   [90m49 |[0m   [36mtype[0m [33mCollaborationManager[0m,
eh-code-studio-desktop:build:   [90m50 |[0m } [36mfrom[0m [32m"@/lib/code-studio/features/collaboration"[0m;
eh-code-studio-desktop:build: [31m[1m>[0m [90m51 |[0m [36mimport[0m { useCodeStudioT } [36mfrom[0m [32m"@/lib/use-code-studio-translations"[0m;
eh-code-studio-desktop:build:   [90m   |[0m [31m[1m^^^^^^^^^^^^^^^^^^^^^^^^^^^^^^^^^^^^^^^^^^^^^^^^^^^^^^^^^^^^^^^^^^^^[0m
eh-code-studio-desktop:build:   [90m52 |[0m
eh-code-studio-desktop:build:   [90m53 |[0m [36minterface[0m [33mCollabUser[0m {
eh-code-studio-desktop:build:   [90m54 |[0m   id: string;
eh-code-studio-desktop:build: 
eh-code-studio-desktop:build: Import map: aliased to relative './lib/use-code-studio-translations' inside of [project]/apps/desktop/renderer
eh-code-studio-desktop:build: 
eh-code-studio-desktop:build: 
eh-code-studio-desktop:build: Import trace:
eh-code-studio-desktop:build:   Client Component Browser:
eh-code-studio-desktop:build:     ./apps/desktop/renderer/components/code-studio/CollabPanel.tsx [Client Component Browser]
eh-code-studio-desktop:build:     ./apps/desktop/renderer/components/code-studio/PanelImports.ts [Client Component Browser]
eh-code-studio-desktop:build:     ./apps/desktop/renderer/components/code-studio/CodeStudioShell.tsx [Client Component Browser]
eh-code-studio-desktop:build:     ./apps/desktop/renderer/app/code-studio/page.tsx [Client Component Browser]
eh-code-studio-desktop:build:     ./apps/desktop/renderer/app/code-studio/page.tsx [Server Component]
eh-code-studio-desktop:build: 
eh-code-studio-desktop:build: https://nextjs.org/docs/messages/module-not-found
eh-code-studio-desktop:build: 
eh-code-studio-desktop:build: 
eh-code-studio-desktop:build: ./apps/desktop/renderer/components/code-studio/MultiTerminal.tsx:9:1
eh-code-studio-desktop:build: Module not found: Can't resolve '@/lib/use-code-studio-translations'
eh-code-studio-desktop:build:   [90m 7 |[0m [36mimport[0m { useState, useCallback, useRef, useEffect } [36mfrom[0m [32m"react"[0m;
eh-code-studio-desktop:build:   [90m 8 |[0m [36mimport[0m { [33mPlus[0m, [33mX[0m, [33mTerminal[0m [36mas[0m [33mTerminalIcon[0m } [36mfrom[0m [32m"lucide-react"[0m;
eh-code-studio-desktop:build: [31m[1m>[0m [90m 9 |[0m [36mimport[0m { useCodeStudioT } [36mfrom[0m [32m"@/lib/use-code-studio-translations"[0m;
eh-code-studio-desktop:build:   [90m   |[0m [31m[1m^^^^^^^^^^^^^^^^^^^^^^^^^^^^^^^^^^^^^^^^^^^^^^^^^^^^^^^^^^^^^^^^^^^^[0m
eh-code-studio-desktop:build:   [90m10 |[0m
eh-code-studio-desktop:build:   [90m11 |[0m [36minterface[0m [33mTerminalTab[0m {
eh-code-studio-desktop:build:   [90m12 |[0m   id: string;
eh-code-studio-desktop:build: 
eh-code-studio-desktop:build: Import map: aliased to relative './lib/use-code-studio-translations' inside of [project]/apps/desktop/renderer
eh-code-studio-desktop:build: 
eh-code-studio-desktop:build: 
eh-code-studio-desktop:build: Import trace:
eh-code-studio-desktop:build:   Client Component Browser:
eh-code-studio-desktop:build:     ./apps/desktop/renderer/components/code-studio/MultiTerminal.tsx [Client Component Browser]
eh-code-studio-desktop:build:     ./apps/desktop/renderer/components/code-studio/PanelImports.ts [Client Component Browser]
eh-code-studio-desktop:build:     ./apps/desktop/renderer/components/code-studio/CodeStudioShell.tsx [Client Component Browser]
eh-code-studio-desktop:build:     ./apps/desktop/renderer/app/code-studio/page.tsx [Client Component Browser]
eh-code-studio-desktop:build:     ./apps/desktop/renderer/app/code-studio/page.tsx [Server Component]
eh-code-studio-desktop:build: 
eh-code-studio-desktop:build: https://nextjs.org/docs/messages/module-not-found
eh-code-studio-desktop:build: 
eh-code-studio-desktop:build: 
eh-code-studio-desktop:build: ./apps/desktop/renderer/components/code-studio/PackagePanel.tsx:13:1
eh-code-studio-desktop:build: Module not found: Can't resolve '@/lib/use-code-studio-translations'
eh-code-studio-desktop:build:   [90m11 |[0m } [36mfrom[0m [32m"lucide-react"[0m;
eh-code-studio-desktop:build:   [90m12 |[0m [36mimport[0m [36mtype[0m { [33mFileNode[0m } [36mfrom[0m [32m"@eh/quill-engine/types"[0m;
eh-code-studio-desktop:build: [31m[1m>[0m [90m13 |[0m [36mimport[0m { useCodeStudioT } [36mfrom[0m [32m"@/lib/use-code-studio-translations"[0m;
eh-code-studio-desktop:build:   [90m   |[0m [31m[1m^^^^^^^^^^^^^^^^^^^^^^^^^^^^^^^^^^^^^^^^^^^^^^^^^^^^^^^^^^^^^^^^^^^^[0m
eh-code-studio-desktop:build:   [90m14 |[0m
eh-code-studio-desktop:build:   [90m15 |[0m [36minterface[0m [33mPackageInfo[0m { name: string; version: string; description: string }
eh-code-studio-desktop:build:   [90m16 |[0m
eh-code-studio-desktop:build: 
eh-code-studio-desktop:build: Import map: aliased to relative './lib/use-code-studio-translations' inside of [project]/apps/desktop/renderer
eh-code-studio-desktop:build: 
eh-code-studio-desktop:build: 
eh-code-studio-desktop:build: Import trace:
eh-code-studio-desktop:build:   Client Component Browser:
eh-code-studio-desktop:build:     ./apps/desktop/renderer/components/code-studio/PackagePanel.tsx [Client Component Browser]
eh-code-studio-desktop:build:     ./apps/desktop/renderer/components/code-studio/PanelImports.ts [Client Component Browser]
eh-code-studio-desktop:build:     ./apps/desktop/renderer/components/code-studio/CodeStudioShell.tsx [Client Component Browser]
eh-code-studio-desktop:build:     ./apps/desktop/renderer/app/code-studio/page.tsx [Client Component Browser]
eh-code-studio-desktop:build:     ./apps/desktop/renderer/app/code-studio/page.tsx [Server Component]
eh-code-studio-desktop:build: 
eh-code-studio-desktop:build: https://nextjs.org/docs/messages/module-not-found
eh-code-studio-desktop:build: 
eh-code-studio-desktop:build: 
eh-code-studio-desktop:build: ./apps/desktop/renderer/components/code-studio/PreviewPanel.tsx:45:1
eh-code-studio-desktop:build: Module not found: Can't resolve '@/lib/use-code-studio-translations'
eh-code-studio-desktop:build:   [90m43 |[0m [36mimport[0m { createHMRBridge, [36mtype[0m [33mHMRBridge[0m, [36mtype[0m [33mHMREvent[0m } [36mfrom[0m [32m"@/lib/code-studio/features...[0m
eh-code-studio-desktop:build:   [90m44 |[0m [36mimport[0m [36mtype[0m { [33mFileNode[0m } [36mfrom[0m [32m"@eh/quill-engine/types"[0m;
eh-code-studio-desktop:build: [31m[1m>[0m [90m45 |[0m [36mimport[0m { useCodeStudioT } [36mfrom[0m [32m"@/lib/use-code-studio-translations"[0m;
eh-code-studio-desktop:build:   [90m   |[0m [31m[1m^^^^^^^^^^^^^^^^^^^^^^^^^^^^^^^^^^^^^^^^^^^^^^^^^^^^^^^^^^^^^^^^^^^^[0m
eh-code-studio-desktop:build:   [90m46 |[0m
eh-code-studio-desktop:build:   [90m47 |[0m [36mtype[0m [33mPreviewState[0m = [32m"idle"[0m | [32m"booting"[0m | [32m"installing"[0m | [32m"starting"[0m | [32m"ready"[0m | [32m"error"[0m;
eh-code-studio-desktop:build:   [90m48 |[0m [36mtype[0m [33mDeviceMode[0m = [32m"responsive"[0m | [32m"mobile"[0m | [32m"tablet"[0m | [32m"desktop"[0m;
eh-code-studio-desktop:build: 
eh-code-studio-desktop:build: Import map: aliased to relative './lib/use-code-studio-translations' inside of [project]/apps/desktop/renderer
eh-code-studio-desktop:build: 
eh-code-studio-desktop:build: 
eh-code-studio-desktop:build: Import trace:
eh-code-studio-desktop:build:   Client Component Browser:
eh-code-studio-desktop:build:     ./apps/desktop/renderer/components/code-studio/PreviewPanel.tsx [Client Component Browser]
eh-code-studio-desktop:build:     ./apps/desktop/renderer/components/code-studio/PanelImports.ts [Client Component Browser]
eh-code-studio-desktop:build:     ./apps/desktop/renderer/components/code-studio/CodeStudioShell.tsx [Client Component Browser]
eh-code-studio-desktop:build:     ./apps/desktop/renderer/app/code-studio/page.tsx [Client Component Browser]
eh-code-studio-desktop:build:     ./apps/desktop/renderer/app/code-studio/page.tsx [Server Component]
eh-code-studio-desktop:build: 
eh-code-studio-desktop:build: https://nextjs.org/docs/messages/module-not-found
eh-code-studio-desktop:build: 
eh-code-studio-desktop:build: 
eh-code-studio-desktop:build: ./apps/desktop/renderer/components/code-studio/SplitTerminal.tsx:9:1
eh-code-studio-desktop:build: Module not found: Can't resolve '@/lib/use-code-studio-translations'
eh-code-studio-desktop:build:   [90m 7 |[0m [36mimport[0m { useState, useCallback, useEffect, useRef } [36mfrom[0m [32m"react"[0m;
eh-code-studio-desktop:build:   [90m 8 |[0m [36mimport[0m { [33mPlus[0m, [33mX[0m, [33mTerminal[0m [36mas[0m [33mTerminalIcon[0m, [33mColumns2[0m, [33mRows2[0m } [36mfrom[0m [32m"lucide-react"[0m;
eh-code-studio-desktop:build: [31m[1m>[0m [90m 9 |[0m [36mimport[0m { useCodeStudioT } [36mfrom[0m [32m"@/lib/use-code-studio-translations"[0m;
eh-code-studio-desktop:build:   [90m   |[0m [31m[1m^^^^^^^^^^^^^^^^^^^^^^^^^^^^^^^^^^^^^^^^^^^^^^^^^^^^^^^^^^^^^^^^^^^^[0m
eh-code-studio-desktop:build:   [90m10 |[0m
eh-code-studio-desktop:build:   [90m11 |[0m [36minterface[0m [33mTermPane[0m { id: string; name: string }
eh-code-studio-desktop:build:   [90m12 |[0m
eh-code-studio-desktop:build: 
eh-code-studio-desktop:build: Import map: aliased to relative './lib/use-code-studio-translations' inside of [project]/apps/desktop/renderer
eh-code-studio-desktop:build: 
eh-code-studio-desktop:build: 
eh-code-studio-desktop:build: Import trace:
eh-code-studio-desktop:build:   Client Component Browser:
eh-code-studio-desktop:build:     ./apps/desktop/renderer/components/code-studio/SplitTerminal.tsx [Client Component Browser]
eh-code-studio-desktop:build:     ./apps/desktop/renderer/components/code-studio/PanelImports.ts [Client Component Browser]
eh-code-studio-desktop:build:     ./apps/desktop/renderer/components/code-studio/CodeStudioShell.tsx [Client Component Browser]
eh-code-studio-desktop:build:     ./apps/desktop/renderer/app/code-studio/page.tsx [Client Component Browser]
eh-code-studio-desktop:build:     ./apps/desktop/renderer/app/code-studio/page.tsx [Server Component]
eh-code-studio-desktop:build: 
eh-code-studio-desktop:build: https://nextjs.org/docs/messages/module-not-found
eh-code-studio-desktop:build: 
eh-code-studio-desktop:build: 
eh-code-studio-desktop:build: ./apps/desktop/renderer/components/code-studio/SymbolPalette.tsx:9:1
eh-code-studio-desktop:build: Module not found: Can't resolve '@/lib/use-code-studio-translations'
eh-code-studio-desktop:build:   [90m 7 |[0m [36mimport[0m { useState, useEffect, useCallback, useMemo, useRef, startTransition } [36mfrom[0m [32m"react"[0m;
eh-code-studio-desktop:build:   [90m 8 |[0m [36mimport[0m { [33mHash[0m, [33mFileText[0m, [33mX[0m, [33mSearch[0m } [36mfrom[0m [32m"lucide-react"[0m;
eh-code-studio-desktop:build: [31m[1m>[0m [90m 9 |[0m [36mimport[0m { useCodeStudioT } [36mfrom[0m [32m"@/lib/use-code-studio-translations"[0m;
eh-code-studio-desktop:build:   [90m   |[0m [31m[1m^^^^^^^^^^^^^^^^^^^^^^^^^^^^^^^^^^^^^^^^^^^^^^^^^^^^^^^^^^^^^^^^^^^^[0m
eh-code-studio-desktop:build:   [90m10 |[0m
eh-code-studio-desktop:build:   [90m11 |[0m [36mexport[0m [36minterface[0m [33mSymbolEntry[0m {
eh-code-studio-desktop:build:   [90m12 |[0m   name: string;
eh-code-studio-desktop:build: 
eh-code-studio-desktop:build: Import map: aliased to relative './lib/use-code-studio-translations' inside of [project]/apps/desktop/renderer
eh-code-studio-desktop:build: 
eh-code-studio-desktop:build: 
eh-code-studio-desktop:build: Import trace:
eh-code-studio-desktop:build:   Client Component Browser:
eh-code-studio-desktop:build:     ./apps/desktop/renderer/components/code-studio/SymbolPalette.tsx [Client Component Browser]
eh-code-studio-desktop:build:     ./apps/desktop/renderer/components/code-studio/PanelImports.ts [Client Component Browser]
eh-code-studio-desktop:build:     ./apps/desktop/renderer/components/code-studio/CodeStudioShell.tsx [Client Component Browser]
eh-code-studio-desktop:build:     ./apps/desktop/renderer/app/code-studio/page.tsx [Client Component Browser]
eh-code-studio-desktop:build:     ./apps/desktop/renderer/app/code-studio/page.tsx [Server Component]
eh-code-studio-desktop:build: 
eh-code-studio-desktop:build: https://nextjs.org/docs/messages/module-not-found
eh-code-studio-desktop:build: 
eh-code-studio-desktop:build: 
eh-code-studio-desktop:build: ./apps/desktop/renderer/components/code-studio/WelcomeTab.tsx:9:1
eh-code-studio-desktop:build: Module not found: Can't resolve '@/lib/use-code-studio-translations'
eh-code-studio-desktop:build:   [90m 7 |[0m [36mimport[0m { useCallback, useMemo, useState } [36mfrom[0m [32m"react"[0m;
eh-code-studio-desktop:build:   [90m 8 |[0m [36mimport[0m { [33mFileText[0m, [33mFolderOpen[0m, [33mGitBranch[0m, [33mLightbulb[0m, [33mClock[0m, [33mPlus[0m } [36mfrom[0m [32m"lucide-react"[0m;
eh-code-studio-desktop:build: [31m[1m>[0m [90m 9 |[0m [36mimport[0m { useCodeStudioT } [36mfrom[0m [32m"@/lib/use-code-studio-translations"[0m;
eh-code-studio-desktop:build:   [90m   |[0m [31m[1m^^^^^^^^^^^^^^^^^^^^^^^^^^^^^^^^^^^^^^^^^^^^^^^^^^^^^^^^^^^^^^^^^^^^[0m
eh-code-studio-desktop:build:   [90m10 |[0m
eh-code-studio-desktop:build:   [90m11 |[0m [36minterface[0m [33mRecentFileInfo[0m {
eh-code-studio-desktop:build:   [90m12 |[0m   fileId: string;
eh-code-studio-desktop:build: 
eh-code-studio-desktop:build: Import map: aliased to relative './lib/use-code-studio-translations' inside of [project]/apps/desktop/renderer
eh-code-studio-desktop:build: 
eh-code-studio-desktop:build: 
eh-code-studio-desktop:build: Import trace:
eh-code-studio-desktop:build:   Client Component Browser:
eh-code-studio-desktop:build:     ./apps/desktop/renderer/components/code-studio/WelcomeTab.tsx [Client Component Browser]
eh-code-studio-desktop:build:     ./apps/desktop/renderer/components/code-studio/PanelImports.ts [Client Component Browser]
eh-code-studio-desktop:build:     ./apps/desktop/renderer/components/code-studio/CodeStudioShell.tsx [Client Component Browser]
eh-code-studio-desktop:build:     ./apps/desktop/renderer/app/code-studio/page.tsx [Client Component Browser]
eh-code-studio-desktop:build:     ./apps/desktop/renderer/app/code-studio/page.tsx [Server Component]
eh-code-studio-desktop:build: 
eh-code-studio-desktop:build: https://nextjs.org/docs/messages/module-not-found
eh-code-studio-desktop:build: 
eh-code-studio-desktop:build: 
eh-code-studio-desktop:build: ./apps/desktop/renderer/components/ui/ActionBar.tsx:86:36
eh-code-studio-desktop:build: Module not found: Can't resolve '@/lib/web-features'
eh-code-studio-desktop:build:   [90m84 |[0m
eh-code-studio-desktop:build:   [90m85 |[0m   [36mconst[0m handlePrint = useCallback([36masync[0m () => {
eh-code-studio-desktop:build: [31m[1m>[0m [90m86 |[0m     [36mconst[0m { printContent } = [36mawait[0m [36mimport[0m([32m'@/lib/web-features'[0m);
eh-code-studio-desktop:build:   [90m   |[0m                                    [31m[1m^^^^^^^^^^^^^^^^^^^^^^^^^^^^[0m
eh-code-studio-desktop:build:   [90m87 |[0m     printContent(printElementId);
eh-code-studio-desktop:build:   [90m88 |[0m   }, [printElementId]);
eh-code-studio-desktop:build:   [90m89 |[0m
eh-code-studio-desktop:build: 
eh-code-studio-desktop:build: Import map: aliased to relative './lib/web-features' inside of [project]/apps/desktop/renderer
eh-code-studio-desktop:build: 
eh-code-studio-desktop:build: 
eh-code-studio-desktop:build: Import trace:
eh-code-studio-desktop:build:   Client Component Browser:
eh-code-studio-desktop:build:     ./apps/desktop/renderer/components/ui/ActionBar.tsx [Client Component Browser]
eh-code-studio-desktop:build:     ./apps/desktop/renderer/components/code-studio/AgentPanel.tsx [Client Component Browser]
eh-code-studio-desktop:build:     ./apps/desktop/renderer/components/code-studio/PanelImports.ts [Client Component Browser]
eh-code-studio-desktop:build:     ./apps/desktop/renderer/components/code-studio/CodeStudioShell.tsx [Client Component Browser]
eh-code-studio-desktop:build:     ./apps/desktop/renderer/app/code-studio/page.tsx [Client Component Browser]
eh-code-studio-desktop:build:     ./apps/desktop/renderer/app/code-studio/page.tsx [Server Component]
eh-code-studio-desktop:build: 
eh-code-studio-desktop:build: https://nextjs.org/docs/messages/module-not-found
eh-code-studio-desktop:build: 
eh-code-studio-desktop:build: 
eh-code-studio-desktop:build: ./apps/desktop/renderer/components/ui/ActionBar.tsx:92:36
eh-code-studio-desktop:build: Module not found: Can't resolve '@/lib/web-features'
eh-code-studio-desktop:build:   [90m90 |[0m   [36mconst[0m handleDeepLink = useCallback([36masync[0m () => {
eh-code-studio-desktop:build:   [90m91 |[0m     [36mif[0m (!deepLink) [36mreturn[0m;
eh-code-studio-desktop:build: [31m[1m>[0m [90m92 |[0m     [36mconst[0m { copyDeepLink } = [36mawait[0m [36mimport[0m([32m'@/lib/web-features'[0m);
eh-code-studio-desktop:build:   [90m   |[0m                                    [31m[1m^^^^^^^^^^^^^^^^^^^^^^^^^^^^[0m
eh-code-studio-desktop:build:   [90m93 |[0m     [36mawait[0m copyDeepLink(deepLink);
eh-code-studio-desktop:build:   [90m94 |[0m     setCopied([36mtrue[0m);
eh-code-studio-desktop:build:   [90m95 |[0m     setTimeout(() => setCopied([36mfalse[0m), [35m2000[0m);
eh-code-studio-desktop:build: 
eh-code-studio-desktop:build: Import map: aliased to relative './lib/web-features' inside of [project]/apps/desktop/renderer
eh-code-studio-desktop:build: 
eh-code-studio-desktop:build: 
eh-code-studio-desktop:build: Import trace:
eh-code-studio-desktop:build:   Client Component Browser:
eh-code-studio-desktop:build:     ./apps/desktop/renderer/components/ui/ActionBar.tsx [Client Component Browser]
eh-code-studio-desktop:build:     ./apps/desktop/renderer/components/code-studio/AgentPanel.tsx [Client Component Browser]
eh-code-studio-desktop:build:     ./apps/desktop/renderer/components/code-studio/PanelImports.ts [Client Component Browser]
eh-code-studio-desktop:build:     ./apps/desktop/renderer/components/code-studio/CodeStudioShell.tsx [Client Component Browser]
eh-code-studio-desktop:build:     ./apps/desktop/renderer/app/code-studio/page.tsx [Client Component Browser]
eh-code-studio-desktop:build:     ./apps/desktop/renderer/app/code-studio/page.tsx [Server Component]
eh-code-studio-desktop:build: 
eh-code-studio-desktop:build: https://nextjs.org/docs/messages/module-not-found
eh-code-studio-desktop:build: 
eh-code-studio-desktop:build: 
eh-code-studio-desktop:build: ./apps/desktop/renderer/lib/ai-providers.ts:9:1
eh-code-studio-desktop:build: Module not found: Can't resolve '@eh/quill-engine/ari-engine'
eh-code-studio-desktop:build:   [90m 7 |[0m [36mimport[0m { [33mL4[0m } [36mfrom[0m [32m'@/lib/i18n'[0m;
eh-code-studio-desktop:build:   [90m 8 |[0m [36mimport[0m { lazyFirebaseAuth } [36mfrom[0m [32m'@/lib/firebase'[0m;
eh-code-studio-desktop:build: [31m[1m>[0m [90m 9 |[0m [36mimport[0m { ariManager } [36mfrom[0m [32m'@eh/quill-engine/ari-engine'[0m;
eh-code-studio-desktop:build:   [90m   |[0m [31m[1m^^^^^^^^^^^^^^^^^^^^^^^^^^^^^^^^^^^^^^^^^^^^^^^^^^^^^^^^^[0m
eh-code-studio-desktop:build:   [90m10 |[0m
eh-code-studio-desktop:build:   [90m11 |[0m [90m/** Provider ID key tuple ??single source of truth for all provider keys */[0m
eh-code-studio-desktop:build:   [90m12 |[0m [36mconst[0m _PROVIDER_KEYS = [[32m"gemini"[0m, [32m"openai"[0m, [32m"claude"[0m, [32m"groq"[0m, [32m"mistral"[0m, [32m"ollama"[0m, [32m"lmstud...[0m
eh-code-studio-desktop:build: 
eh-code-studio-desktop:build: 
eh-code-studio-desktop:build: 
eh-code-studio-desktop:build: Import trace:
eh-code-studio-desktop:build:   Client Component Browser:
eh-code-studio-desktop:build:     ./apps/desktop/renderer/lib/ai-providers.ts [Client Component Browser]
eh-code-studio-desktop:build:     ./apps/desktop/renderer/components/code-studio/InlineEditWidget.tsx [Client Component Browser]
eh-code-studio-desktop:build:     ./apps/desktop/renderer/components/code-studio/PanelImports.ts [Client Component Browser]
eh-code-studio-desktop:build:     ./apps/desktop/renderer/components/code-studio/CodeStudioShell.tsx [Client Component Browser]
eh-code-studio-desktop:build:     ./apps/desktop/renderer/app/code-studio/page.tsx [Client Component Browser]
eh-code-studio-desktop:build:     ./apps/desktop/renderer/app/code-studio/page.tsx [Server Component]
eh-code-studio-desktop:build: 
eh-code-studio-desktop:build: https://nextjs.org/docs/messages/module-not-found
eh-code-studio-desktop:build: 
eh-code-studio-desktop:build: 
eh-code-studio-desktop:build: ./apps/desktop/renderer/lib/code-studio/ai/ai-features.ts:9:1
eh-code-studio-desktop:build: Module not found: Can't resolve '@eh/quill-engine/ari-engine'
eh-code-studio-desktop:build:   [90m 7 |[0m [36mimport[0m { logger } [36mfrom[0m [32m'../_stubs/logger'[0m;
eh-code-studio-desktop:build:   [90m 8 |[0m [36mimport[0m { buildQualityRulesPrompt, buildFPSuppressionPrompt } [36mfrom[0m [32m'@eh/quill-engine/qualit...[0m
eh-code-studio-desktop:build: [31m[1m>[0m [90m 9 |[0m [36mimport[0m { ariManager } [36mfrom[0m [32m'@eh/quill-engine/ari-engine'[0m;
eh-code-studio-desktop:build:   [90m   |[0m [31m[1m^^^^^^^^^^^^^^^^^^^^^^^^^^^^^^^^^^^^^^^^^^^^^^^^^^^^^^^^^[0m
eh-code-studio-desktop:build:   [90m10 |[0m
eh-code-studio-desktop:build:   [90m11 |[0m [90m// ============================================================[0m
eh-code-studio-desktop:build:   [90m12 |[0m [90m// PART 1 ??Types & Helpers[0m
eh-code-studio-desktop:build: 
eh-code-studio-desktop:build: 
eh-code-studio-desktop:build: 
eh-code-studio-desktop:build: Import trace:
eh-code-studio-desktop:build:   Client Component Browser:
eh-code-studio-desktop:build:     ./apps/desktop/renderer/lib/code-studio/ai/ai-features.ts [Client Component Browser]
eh-code-studio-desktop:build:     ./apps/desktop/renderer/components/code-studio/CodeStudioPanelManager.tsx [Client Component Browser]
eh-code-studio-desktop:build:     ./apps/desktop/renderer/components/code-studio/CodeStudioShell.tsx [Client Component Browser]
eh-code-studio-desktop:build:     ./apps/desktop/renderer/app/code-studio/page.tsx [Client Component Browser]
eh-code-studio-desktop:build:     ./apps/desktop/renderer/app/code-studio/page.tsx [Server Component]
eh-code-studio-desktop:build: 
eh-code-studio-desktop:build: https://nextjs.org/docs/messages/module-not-found
eh-code-studio-desktop:build: 
eh-code-studio-desktop:build: 
eh-code-studio-desktop:build: ./apps/desktop/renderer/components/code-studio/AuditPanel.tsx:6:1
eh-code-studio-desktop:build: Module not found: Can't resolve '@eh/quill-engine/audit/audit-types'
eh-code-studio-desktop:build:   [90m4 |[0m [36mimport[0m { useLang } [36mfrom[0m [32m'@/lib/LangContext'[0m;
eh-code-studio-desktop:build:   [90m5 |[0m [36mimport[0m [36mtype[0m { [33mAuditReport[0m, [33mAuditCategoryResult[0m, [33mAuditAreaResult[0m, [33mAuditSeverity[0m } [36mfrom[0m [32m'@eh/...[0m
eh-code-studio-desktop:build: [31m[1m>[0m [90m6 |[0m [36mimport[0m { [33mAUDIT_AREA_LABELS[0m, [33mCATEGORY_LABELS[0m } [36mfrom[0m [32m'@eh/quill-engine/audit/audit-types'[0m;
eh-code-studio-desktop:build:   [90m  |[0m [31m[1m^^^^^^^^^^^^^^^^^^^^^^^^^^^^^^^^^^^^^^^^^^^^^^^^^^^^^^^^^^^^^^^^^^^^^^^^^^^^^^^^^^^^^^^^[0m
eh-code-studio-desktop:build:   [90m7 |[0m [36mimport[0m { [33mScoreBar[0m } [36mfrom[0m [32m'@/components/code-studio/ui/ProgressBar'[0m;
eh-code-studio-desktop:build:   [90m8 |[0m
eh-code-studio-desktop:build:   [90m9 |[0m [90m// ============================================================[0m
eh-code-studio-desktop:build: 
eh-code-studio-desktop:build: 
eh-code-studio-desktop:build: 
eh-code-studio-desktop:build: Import trace:
eh-code-studio-desktop:build:   Client Component Browser:
eh-code-studio-desktop:build:     ./apps/desktop/renderer/components/code-studio/AuditPanel.tsx [Client Component Browser]
eh-code-studio-desktop:build:     ./apps/desktop/renderer/components/code-studio/PanelImports.ts [Client Component Browser]
eh-code-studio-desktop:build:     ./apps/desktop/renderer/components/code-studio/CodeStudioShell.tsx [Client Component Browser]
eh-code-studio-desktop:build:     ./apps/desktop/renderer/app/code-studio/page.tsx [Client Component Browser]
eh-code-studio-desktop:build:     ./apps/desktop/renderer/app/code-studio/page.tsx [Server Component]
eh-code-studio-desktop:build: 
eh-code-studio-desktop:build: https://nextjs.org/docs/messages/module-not-found
eh-code-studio-desktop:build: 
eh-code-studio-desktop:build: 
eh-code-studio-desktop:build: ./apps/desktop/renderer/lib/code-studio/harness/build-test-loop.ts:10:1
eh-code-studio-desktop:build: Module not found: Can't resolve '@eh/quill-engine/pipeline/ast-hollow-scanner'
eh-code-studio-desktop:build:   [90m 8 |[0m ...
eh-code-studio-desktop:build:   [90m 9 |[0m ...[36mpe[0m { [33mWebContainerInstance[0m } [36mfrom[0m [32m'@/lib/code-studio/features/webcontainer'[0m;
eh-code-studio-desktop:build: [31m[1m>[0m [90m10 |[0m ...scanForHollowCode, [36mtype[0m [33mHollowCodeFinding[0m } [36mfrom[0m [32m'@eh/quill-engine/pipeline/ast-hollow-...[0m
eh-code-studio-desktop:build:   [90m   |[0m    [31m[1m^^^^^^^^^^^^^^^^^^^^^^^^^^^^^^^^^^^^^^^^^^^^^^^^^^^^^^^^^^^^^^^^^^^^^^^^^^^^^^^^^^^^^^^^^^[0m
eh-code-studio-desktop:build:   [90m11 |[0m ...buildHarnessFeedback, [36mtype[0m [33mHarnessFeedback[0m } [36mfrom[0m [32m'@/lib/code-studio/harness/adversaria...[0m
eh-code-studio-desktop:build:   [90m12 |[0m ...
eh-code-studio-desktop:build:   [90m13 |[0m ...[36mterface[0m [33mHarnessResult[0m {
eh-code-studio-desktop:build: 
eh-code-studio-desktop:build: 
eh-code-studio-desktop:build: 
eh-code-studio-desktop:build: Import trace:
eh-code-studio-desktop:build:   Client Component Browser:
eh-code-studio-desktop:build:     ./apps/desktop/renderer/lib/code-studio/harness/build-test-loop.ts [Client Component Browser]
eh-code-studio-desktop:build:     ./apps/desktop/renderer/lib/code-studio/harness/index.ts [Client Component Browser]
eh-code-studio-desktop:build:     ./apps/desktop/renderer/components/code-studio/AgentPanel.tsx [Client Component Browser]
eh-code-studio-desktop:build:     ./apps/desktop/renderer/components/code-studio/PanelImports.ts [Client Component Browser]
eh-code-studio-desktop:build:     ./apps/desktop/renderer/components/code-studio/CodeStudioShell.tsx [Client Component Browser]
eh-code-studio-desktop:build:     ./apps/desktop/renderer/app/code-studio/page.tsx [Client Component Browser]
eh-code-studio-desktop:build:     ./apps/desktop/renderer/app/code-studio/page.tsx [Server Component]
eh-code-studio-desktop:build: 
eh-code-studio-desktop:build: https://nextjs.org/docs/messages/module-not-found
eh-code-studio-desktop:build: 
eh-code-studio-desktop:build: 
eh-code-studio-desktop:build: ./apps/desktop/renderer/components/code-studio/CodeStudioShell.tsx:17:1
eh-code-studio-desktop:build: Module not found: Can't resolve '@eh/quill-engine/pipeline/bugfinder'
eh-code-studio-desktop:build:   [90m15 |[0m [36mimport[0m { saveSettings, loadSettings, listProjects, switchProject } [36mfrom[0m [32m"@/lib/code-studio...[0m
eh-code-studio-desktop:build:   [90m16 |[0m [36mimport[0m { runStaticPipeline } [36mfrom[0m [32m"@eh/quill-engine/pipeline/pipeline"[0m;
eh-code-studio-desktop:build: [31m[1m>[0m [90m17 |[0m [36mimport[0m { findBugsStatic, [36mtype[0m [33mBugReport[0m } [36mfrom[0m [32m"@eh/quill-engine/pipeline/bugfinder"[0m;
eh-code-studio-desktop:build:   [90m   |[0m [31m[1m^^^^^^^^^^^^^^^^^^^^^^^^^^^^^^^^^^^^^^^^^^^^^^^^^^^^^^^^^^^^^^^^^^^^^^^^^^^^^^^^^^^^^[0m
eh-code-studio-desktop:build:   [90m18 |[0m [36mimport[0m { runStressReport, [36mtype[0m [33mStressReport[0m } [36mfrom[0m [32m"@eh/quill-engine/pipeline/stress-test"[0m;
eh-code-studio-desktop:build:   [90m19 |[0m [36mimport[0m { runVerificationLoop, [36mtype[0m [33mVerificationResult[0m } [36mfrom[0m [32m"@eh/quill-engine/pipeline/ve...[0m
eh-code-studio-desktop:build:   [90m20 |[0m [36mimport[0m { parseErrors } [36mfrom[0m [32m"@eh/quill-engine/pipeline/error-parser"[0m;
eh-code-studio-desktop:build: 
eh-code-studio-desktop:build: 
eh-code-studio-desktop:build: 
eh-code-studio-desktop:build: Import trace:
eh-code-studio-desktop:build:   Client Component Browser:
eh-code-studio-desktop:build:     ./apps/desktop/renderer/components/code-studio/CodeStudioShell.tsx [Client Component Browser]
eh-code-studio-desktop:build:     ./apps/desktop/renderer/app/code-studio/page.tsx [Client Component Browser]
eh-code-studio-desktop:build:     ./apps/desktop/renderer/app/code-studio/page.tsx [Server Component]
eh-code-studio-desktop:build: 
eh-code-studio-desktop:build: https://nextjs.org/docs/messages/module-not-found
eh-code-studio-desktop:build: 
eh-code-studio-desktop:build: 
eh-code-studio-desktop:build: ./apps/desktop/renderer/components/code-studio/RhythmPanel.tsx:9:1
eh-code-studio-desktop:build: Module not found: Can't resolve '@eh/quill-engine/pipeline/code-rhythm'
eh-code-studio-desktop:build:   [90m 7 |[0m [36mimport[0m { useState, useMemo, useCallback } [36mfrom[0m [32m'react'[0m;
eh-code-studio-desktop:build:   [90m 8 |[0m [36mimport[0m { [33mBarChart3[0m, [33mAlertTriangle[0m, [33mInfo[0m } [36mfrom[0m [32m'lucide-react'[0m;
eh-code-studio-desktop:build: [31m[1m>[0m [90m 9 |[0m [36mimport[0m {
eh-code-studio-desktop:build:   [90m   |[0m [31m[1m^^^^^^^[0m
eh-code-studio-desktop:build: [31m[1m>[0m [90m10 |[0m   analyzeCodeRhythm,
eh-code-studio-desktop:build:   [90m   |[0m [31m[1m^^^^^^^^^^^^^^^^^^^^[0m
eh-code-studio-desktop:build: [31m[1m>[0m [90m11 |[0m   [36mtype[0m [33mCodeRhythmResult[0m,
eh-code-studio-desktop:build:   [90m   |[0m [31m[1m^^^^^^^^^^^^^^^^^^^^^^^^[0m
eh-code-studio-desktop:build: [31m[1m>[0m [90m12 |[0m   [36mtype[0m [33mRhythmSection[0m,
eh-code-studio-desktop:build:   [90m   |[0m [31m[1m^^^^^^^^^^^^^^^^^^^^^[0m
eh-code-studio-desktop:build: [31m[1m>[0m [90m13 |[0m   [36mtype[0m [33mCodeLineType[0m,
eh-code-studio-desktop:build:   [90m   |[0m [31m[1m^^^^^^^^^^^^^^^^^^^^[0m
eh-code-studio-desktop:build: [31m[1m>[0m [90m14 |[0m } [36mfrom[0m [32m'@eh/quill-engine/pipeline/code-rhythm'[0m;
eh-code-studio-desktop:build:   [90m   |[0m [31m[1m^^^^^^^^^^^^^^^^^^^^^^^^^^^^^^^^^^^^^^^^^^^^^^^[0m
eh-code-studio-desktop:build:   [90m15 |[0m
eh-code-studio-desktop:build:   [90m16 |[0m [36minterface[0m [33mProps[0m {
eh-code-studio-desktop:build:   [90m17 |[0m   code?: string;
eh-code-studio-desktop:build: 
eh-code-studio-desktop:build: 
eh-code-studio-desktop:build: 
eh-code-studio-desktop:build: Import trace:
eh-code-studio-desktop:build:   Client Component Browser:
eh-code-studio-desktop:build:     ./apps/desktop/renderer/components/code-studio/RhythmPanel.tsx [Client Component Browser]
eh-code-studio-desktop:build:     ./apps/desktop/renderer/components/code-studio/PanelImports.ts [Client Component Browser]
eh-code-studio-desktop:build:     ./apps/desktop/renderer/components/code-studio/CodeStudioShell.tsx [Client Component Browser]
eh-code-studio-desktop:build:     ./apps/desktop/renderer/app/code-studio/page.tsx [Client Component Browser]
eh-code-studio-desktop:build:     ./apps/desktop/renderer/app/code-studio/page.tsx [Server Component]
eh-code-studio-desktop:build: 
eh-code-studio-desktop:build: https://nextjs.org/docs/messages/module-not-found
eh-code-studio-desktop:build: 
eh-code-studio-desktop:build: 
eh-code-studio-desktop:build: ./apps/desktop/renderer/components/code-studio/CognitiveLoadPanel.tsx:9:1
eh-code-studio-desktop:build: Module not found: Can't resolve '@eh/quill-engine/pipeline/cognitive-load'
eh-code-studio-desktop:build:   [90m 7 |[0m [36mimport[0m { useState, useMemo, useCallback } [36mfrom[0m [32m'react'[0m;
eh-code-studio-desktop:build:   [90m 8 |[0m [36mimport[0m { [33mBrain[0m, [33mAlertTriangle[0m, [33mCheckCircle[0m, [33mXCircle[0m } [36mfrom[0m [32m'lucide-react'[0m;
eh-code-studio-desktop:build: [31m[1m>[0m [90m 9 |[0m [36mimport[0m {
eh-code-studio-desktop:build:   [90m   |[0m [31m[1m^^^^^^^[0m
eh-code-studio-desktop:build: [31m[1m>[0m [90m10 |[0m   analyzeCognitiveLoad,
eh-code-studio-desktop:build:   [90m   |[0m [31m[1m^^^^^^^^^^^^^^^^^^^^^^^[0m
eh-code-studio-desktop:build: [31m[1m>[0m [90m11 |[0m   [36mtype[0m [33mCognitiveLoadResult[0m,
eh-code-studio-desktop:build:   [90m   |[0m [31m[1m^^^^^^^^^^^^^^^^^^^^^^^^^^^[0m
eh-code-studio-desktop:build: [31m[1m>[0m [90m12 |[0m   [36mtype[0m [33mFunctionMetrics[0m,
eh-code-studio-desktop:build:   [90m   |[0m [31m[1m^^^^^^^^^^^^^^^^^^^^^^^[0m
eh-code-studio-desktop:build: [31m[1m>[0m [90m13 |[0m } [36mfrom[0m [32m'@eh/quill-engine/pipeline/cognitive-load'[0m;
eh-code-studio-desktop:build:   [90m   |[0m [31m[1m^^^^^^^^^^^^^^^^^^^^^^^^^^^^^^^^^^^^^^^^^^^^^^^^^^[0m
eh-code-studio-desktop:build:   [90m14 |[0m
eh-code-studio-desktop:build:   [90m15 |[0m [36minterface[0m [33mProps[0m {
eh-code-studio-desktop:build:   [90m16 |[0m   code?: string;
eh-code-studio-desktop:build: 
eh-code-studio-desktop:build: 
eh-code-studio-desktop:build: 
eh-code-studio-desktop:build: Import trace:
eh-code-studio-desktop:build:   Client Component Browser:
eh-code-studio-desktop:build:     ./apps/desktop/renderer/components/code-studio/CognitiveLoadPanel.tsx [Client Component Browser]
eh-code-studio-desktop:build:     ./apps/desktop/renderer/components/code-studio/PanelImports.ts [Client Component Browser]
eh-code-studio-desktop:build:     ./apps/desktop/renderer/components/code-studio/CodeStudioShell.tsx [Client Component Browser]
eh-code-studio-desktop:build:     ./apps/desktop/renderer/app/code-studio/page.tsx [Client Component Browser]
eh-code-studio-desktop:build:     ./apps/desktop/renderer/app/code-studio/page.tsx [Server Component]
eh-code-studio-desktop:build: 
eh-code-studio-desktop:build: https://nextjs.org/docs/messages/module-not-found
eh-code-studio-desktop:build: 
eh-code-studio-desktop:build: 
eh-code-studio-desktop:build: ./apps/desktop/renderer/components/code-studio/ChatPanel.tsx:22:1
eh-code-studio-desktop:build: Module not found: Can't resolve '@eh/quill-engine/pipeline/design-lint'
eh-code-studio-desktop:build:   [90m20 |[0m ...[36mrt[0m { [33mDESIGN_LINTER_SPEC[0m } [36mfrom[0m [32m"@/lib/code-studio/core/design-linter"[0m;
eh-code-studio-desktop:build:   [90m21 |[0m ...[36mrt[0m { detectPreset, buildPresetPrompt } [36mfrom[0m [32m"@/lib/code-studio/core/design-presets"[0m;
eh-code-studio-desktop:build: [31m[1m>[0m [90m22 |[0m ...[36mrt[0m { runDesignLint, formatDesignLintReport } [36mfrom[0m [32m"@eh/quill-engine/pipeline/design-lint"[0m;
eh-code-studio-desktop:build:   [90m   |[0m    [31m[1m^^^^^^^^^^^^^^^^^^^^^^^^^^^^^^^^^^^^^^^^^^^^^^^^^^^^^^^^^^^^^^^^^^^^^^^^^^^^^^^^^^^^^^^^^^[0m
eh-code-studio-desktop:build:   [90m23 |[0m ...[36mrt[0m { parseNLCommand } [36mfrom[0m [32m"@/lib/code-studio/features/nl-terminal"[0m;
eh-code-studio-desktop:build:   [90m24 |[0m ...[36mrt[0m { buildQualityRulesPrompt } [36mfrom[0m [32m"@eh/quill-engine/quality-rules-from-catalog"[0m;
eh-code-studio-desktop:build:   [90m25 |[0m ...
eh-code-studio-desktop:build: 
eh-code-studio-desktop:build: 
eh-code-studio-desktop:build: 
eh-code-studio-desktop:build: Import trace:
eh-code-studio-desktop:build:   Client Component Browser:
eh-code-studio-desktop:build:     ./apps/desktop/renderer/components/code-studio/ChatPanel.tsx [Client Component Browser]
eh-code-studio-desktop:build:     ./apps/desktop/renderer/components/code-studio/PanelImports.ts [Client Component Browser]
eh-code-studio-desktop:build:     ./apps/desktop/renderer/components/code-studio/CodeStudioShell.tsx [Client Component Browser]
eh-code-studio-desktop:build:     ./apps/desktop/renderer/app/code-studio/page.tsx [Client Component Browser]
eh-code-studio-desktop:build:     ./apps/desktop/renderer/app/code-studio/page.tsx [Server Component]
eh-code-studio-desktop:build: 
eh-code-studio-desktop:build: https://nextjs.org/docs/messages/module-not-found
eh-code-studio-desktop:build: 
eh-code-studio-desktop:build: 
eh-code-studio-desktop:build: ./apps/desktop/renderer/components/code-studio/CodeStudioShell.tsx:20:1
eh-code-studio-desktop:build: Module not found: Can't resolve '@eh/quill-engine/pipeline/error-parser'
eh-code-studio-desktop:build:   [90m18 |[0m [36mimport[0m { runStressReport, [36mtype[0m [33mStressReport[0m } [36mfrom[0m [32m"@eh/quill-engine/pipeline/stress-test"[0m;
eh-code-studio-desktop:build:   [90m19 |[0m [36mimport[0m { runVerificationLoop, [36mtype[0m [33mVerificationResult[0m } [36mfrom[0m [32m"@eh/quill-engine/pipeline/ve...[0m
eh-code-studio-desktop:build: [31m[1m>[0m [90m20 |[0m [36mimport[0m { parseErrors } [36mfrom[0m [32m"@eh/quill-engine/pipeline/error-parser"[0m;
eh-code-studio-desktop:build:   [90m   |[0m [31m[1m^^^^^^^^^^^^^^^^^^^^^^^^^^^^^^^^^^^^^^^^^^^^^^^^^^^^^^^^^^^^^^^^^^^^^[0m
eh-code-studio-desktop:build:   [90m21 |[0m [36mimport[0m { [33mPANEL_REGISTRY[0m, getPanelLabel, getGroupLabel, [36mtype[0m [33mRightPanel[0m, [36mtype[0m [33mPanelGroup[0m, [36mt...[0m
eh-code-studio-desktop:build:   [90m22 |[0m [36mimport[0m { useSessionRestore, [36mtype[0m [33mSessionSnapshot[0m } [36mfrom[0m [32m"@/hooks/useSessionRestore"[0m;
eh-code-studio-desktop:build:   [90m23 |[0m [36mimport[0m { useLang } [36mfrom[0m [32m"@/lib/LangContext"[0m;
eh-code-studio-desktop:build: 
eh-code-studio-desktop:build: 
eh-code-studio-desktop:build: 
eh-code-studio-desktop:build: Import trace:
eh-code-studio-desktop:build:   Client Component Browser:
eh-code-studio-desktop:build:     ./apps/desktop/renderer/components/code-studio/CodeStudioShell.tsx [Client Component Browser]
eh-code-studio-desktop:build:     ./apps/desktop/renderer/app/code-studio/page.tsx [Client Component Browser]
eh-code-studio-desktop:build:     ./apps/desktop/renderer/app/code-studio/page.tsx [Server Component]
eh-code-studio-desktop:build: 
eh-code-studio-desktop:build: https://nextjs.org/docs/messages/module-not-found
eh-code-studio-desktop:build: 
eh-code-studio-desktop:build: 
eh-code-studio-desktop:build: ./apps/desktop/renderer/components/code-studio/AutopilotPanel.tsx:14:1
eh-code-studio-desktop:build: Module not found: Can't resolve '@eh/quill-engine/pipeline/gen-verify-fix-loop'
eh-code-studio-desktop:build:   [90m12 |[0m   [33mGitCommit[0m, [33mBrainCircuit[0m, [33mEye[0m, [33mFlaskConical[0m, [33mRefreshCw[0m,
eh-code-studio-desktop:build:   [90m13 |[0m } [36mfrom[0m [32m"lucide-react"[0m;
eh-code-studio-desktop:build: [31m[1m>[0m [90m14 |[0m [36mimport[0m { runGenVerifyFixLoop } [36mfrom[0m [32m"@eh/quill-engine/pipeline/gen-verify-fix-loop"[0m;
eh-code-studio-desktop:build:   [90m   |[0m [31m[1m^^^^^^^^^^^^^^^^^^^^^^^^^^^^^^^^^^^^^^^^^^^^^^^^^^^^^^^^^^^^^^^^^^^^^^^^^^^^^^^^^^^^[0m
eh-code-studio-desktop:build:   [90m15 |[0m [36mimport[0m [36mtype[0m { [33mGenVerifyFixResult[0m, [33mGenVerifyFixIteration[0m } [36mfrom[0m [32m"@eh/quill-engine/pipeline/...[0m
eh-code-studio-desktop:build:   [90m16 |[0m [36mimport[0m { useLang } [36mfrom[0m [32m"@/lib/LangContext"[0m;
eh-code-studio-desktop:build:   [90m17 |[0m [36mimport[0m { [33mL4[0m } [36mfrom[0m [32m"@/lib/i18n"[0m;
eh-code-studio-desktop:build: 
eh-code-studio-desktop:build: 
eh-code-studio-desktop:build: 
eh-code-studio-desktop:build: Import trace:
eh-code-studio-desktop:build:   Client Component Browser:
eh-code-studio-desktop:build:     ./apps/desktop/renderer/components/code-studio/AutopilotPanel.tsx [Client Component Browser]
eh-code-studio-desktop:build:     ./apps/desktop/renderer/components/code-studio/PanelImports.ts [Client Component Browser]
eh-code-studio-desktop:build:     ./apps/desktop/renderer/components/code-studio/CodeStudioShell.tsx [Client Component Browser]
eh-code-studio-desktop:build:     ./apps/desktop/renderer/app/code-studio/page.tsx [Client Component Browser]
eh-code-studio-desktop:build:     ./apps/desktop/renderer/app/code-studio/page.tsx [Server Component]
eh-code-studio-desktop:build: 
eh-code-studio-desktop:build: https://nextjs.org/docs/messages/module-not-found
eh-code-studio-desktop:build: 
eh-code-studio-desktop:build: 
eh-code-studio-desktop:build: ./apps/desktop/renderer/components/code-studio/MigrationAuditPanel.tsx:9:1
eh-code-studio-desktop:build: Module not found: Can't resolve '@eh/quill-engine/pipeline/migration-audit'
eh-code-studio-desktop:build:   [90m 7 |[0m [36mimport[0m { useState, useMemo, useCallback } [36mfrom[0m [32m'react'[0m;
eh-code-studio-desktop:build:   [90m 8 |[0m [36mimport[0m { [33mGitCompare[0m, [33mCheckCircle[0m, [33mXCircle[0m, [33mAlertTriangle[0m, [33mPlus[0m, [33mCopy[0m } [36mfrom[0m [32m'lucide-react'[0m;
eh-code-studio-desktop:build: [31m[1m>[0m [90m 9 |[0m [36mimport[0m {
eh-code-studio-desktop:build:   [90m   |[0m [31m[1m^^^^^^^[0m
eh-code-studio-desktop:build: [31m[1m>[0m [90m10 |[0m   auditMigration,
eh-code-studio-desktop:build:   [90m   |[0m [31m[1m^^^^^^^^^^^^^^^^^[0m
eh-code-studio-desktop:build: [31m[1m>[0m [90m11 |[0m   [36mtype[0m [33mMigrationAuditResult[0m,
eh-code-studio-desktop:build:   [90m   |[0m [31m[1m^^^^^^^^^^^^^^^^^^^^^^^^^^^^[0m
eh-code-studio-desktop:build: [31m[1m>[0m [90m12 |[0m   [36mtype[0m [33mFunctionSignature[0m,
eh-code-studio-desktop:build:   [90m   |[0m [31m[1m^^^^^^^^^^^^^^^^^^^^^^^^^[0m
eh-code-studio-desktop:build: [31m[1m>[0m [90m13 |[0m } [36mfrom[0m [32m'@eh/quill-engine/pipeline/migration-audit'[0m;
eh-code-studio-desktop:build:   [90m   |[0m [31m[1m^^^^^^^^^^^^^^^^^^^^^^^^^^^^^^^^^^^^^^^^^^^^^^^^^^^[0m
eh-code-studio-desktop:build:   [90m14 |[0m
eh-code-studio-desktop:build:   [90m15 |[0m [90m// ============================================================[0m
eh-code-studio-desktop:build:   [90m16 |[0m [90m// PART 2 ??Signature Display[0m
eh-code-studio-desktop:build: 
eh-code-studio-desktop:build: 
eh-code-studio-desktop:build: 
eh-code-studio-desktop:build: Import trace:
eh-code-studio-desktop:build:   Client Component Browser:
eh-code-studio-desktop:build:     ./apps/desktop/renderer/components/code-studio/MigrationAuditPanel.tsx [Client Component Browser]
eh-code-studio-desktop:build:     ./apps/desktop/renderer/components/code-studio/PanelImports.ts [Client Component Browser]
eh-code-studio-desktop:build:     ./apps/desktop/renderer/components/code-studio/CodeStudioShell.tsx [Client Component Browser]
eh-code-studio-desktop:build:     ./apps/desktop/renderer/app/code-studio/page.tsx [Client Component Browser]
eh-code-studio-desktop:build:     ./apps/desktop/renderer/app/code-studio/page.tsx [Server Component]
eh-code-studio-desktop:build: 
eh-code-studio-desktop:build: https://nextjs.org/docs/messages/module-not-found
eh-code-studio-desktop:build: 
eh-code-studio-desktop:build: 
eh-code-studio-desktop:build: ./apps/desktop/renderer/components/code-studio/CodeStudioShell.tsx:16:1
eh-code-studio-desktop:build: Module not found: Can't resolve '@eh/quill-engine/pipeline/pipeline'
eh-code-studio-desktop:build:   [90m14 |[0m [36mimport[0m { [33mDEFAULT_SETTINGS[0m, detectLanguage, fileIconColor } [36mfrom[0m [32m"@eh/quill-engine/types"[0m;
eh-code-studio-desktop:build:   [90m15 |[0m [36mimport[0m { saveSettings, loadSettings, listProjects, switchProject } [36mfrom[0m [32m"@/lib/code-studio...[0m
eh-code-studio-desktop:build: [31m[1m>[0m [90m16 |[0m [36mimport[0m { runStaticPipeline } [36mfrom[0m [32m"@eh/quill-engine/pipeline/pipeline"[0m;
eh-code-studio-desktop:build:   [90m   |[0m [31m[1m^^^^^^^^^^^^^^^^^^^^^^^^^^^^^^^^^^^^^^^^^^^^^^^^^^^^^^^^^^^^^^^^^^^^^^^[0m
eh-code-studio-desktop:build:   [90m17 |[0m [36mimport[0m { findBugsStatic, [36mtype[0m [33mBugReport[0m } [36mfrom[0m [32m"@eh/quill-engine/pipeline/bugfinder"[0m;
eh-code-studio-desktop:build:   [90m18 |[0m [36mimport[0m { runStressReport, [36mtype[0m [33mStressReport[0m } [36mfrom[0m [32m"@eh/quill-engine/pipeline/stress-test"[0m;
eh-code-studio-desktop:build:   [90m19 |[0m [36mimport[0m { runVerificationLoop, [36mtype[0m [33mVerificationResult[0m } [36mfrom[0m [32m"@eh/quill-engine/pipeline/ve...[0m
eh-code-studio-desktop:build: 
eh-code-studio-desktop:build: 
eh-code-studio-desktop:build: 
eh-code-studio-desktop:build: Import trace:
eh-code-studio-desktop:build:   Client Component Browser:
eh-code-studio-desktop:build:     ./apps/desktop/renderer/components/code-studio/CodeStudioShell.tsx [Client Component Browser]
eh-code-studio-desktop:build:     ./apps/desktop/renderer/app/code-studio/page.tsx [Client Component Browser]
eh-code-studio-desktop:build:     ./apps/desktop/renderer/app/code-studio/page.tsx [Server Component]
eh-code-studio-desktop:build: 
eh-code-studio-desktop:build: https://nextjs.org/docs/messages/module-not-found
eh-code-studio-desktop:build: 
eh-code-studio-desktop:build: 
eh-code-studio-desktop:build: ./apps/desktop/renderer/components/code-studio/ReviewBoard.tsx:12:1
eh-code-studio-desktop:build: Module not found: Can't resolve '@eh/quill-engine/pipeline/pipeline'
eh-code-studio-desktop:build:   [90m10 |[0m   [33mPlay[0m, [33mCheckCircle[0m, [33mLoader2[0m, [33mAlertTriangle[0m,
eh-code-studio-desktop:build:   [90m11 |[0m } [36mfrom[0m [32m'lucide-react'[0m;
eh-code-studio-desktop:build: [31m[1m>[0m [90m12 |[0m [36mimport[0m { runStaticPipeline, [36mtype[0m [33mPipelineResult[0m } [36mfrom[0m [32m'@eh/quill-engine/pipeline/pipeline'[0m;
eh-code-studio-desktop:build:   [90m   |[0m [31m[1m^^^^^^^^^^^^^^^^^^^^^^^^^^^^^^^^^^^^^^^^^^^^^^^^^^^^^^^^^^^^^^^^^^^^^^^^^^^^^^^^^^^^^^^^^^^^[0m
eh-code-studio-desktop:build:   [90m13 |[0m
eh-code-studio-desktop:build:   [90m14 |[0m [90m/** Status of an individual reviewer run */[0m
eh-code-studio-desktop:build:   [90m15 |[0m [36mtype[0m [33mReviewerStatus[0m = [32m'pending'[0m | [32m'reviewing'[0m | [32m'done'[0m;
eh-code-studio-desktop:build: 
eh-code-studio-desktop:build: 
eh-code-studio-desktop:build: 
eh-code-studio-desktop:build: Import trace:
eh-code-studio-desktop:build:   Client Component Browser:
eh-code-studio-desktop:build:     ./apps/desktop/renderer/components/code-studio/ReviewBoard.tsx [Client Component Browser]
eh-code-studio-desktop:build:     ./apps/desktop/renderer/components/code-studio/PanelImports.ts [Client Component Browser]
eh-code-studio-desktop:build:     ./apps/desktop/renderer/components/code-studio/CodeStudioShell.tsx [Client Component Browser]
eh-code-studio-desktop:build:     ./apps/desktop/renderer/app/code-studio/page.tsx [Client Component Browser]
eh-code-studio-desktop:build:     ./apps/desktop/renderer/app/code-studio/page.tsx [Server Component]
eh-code-studio-desktop:build: 
eh-code-studio-desktop:build: https://nextjs.org/docs/messages/module-not-found
eh-code-studio-desktop:build: 
eh-code-studio-desktop:build: 
eh-code-studio-desktop:build: ./apps/desktop/renderer/components/code-studio/PipelinePanel.tsx:47:1
eh-code-studio-desktop:build: Module not found: Can't resolve '@eh/quill-engine/pipeline/pipeline-utils'
eh-code-studio-desktop:build:   [90m45 |[0m [36mimport[0m { useLang } [36mfrom[0m [32m"@/lib/LangContext"[0m;
eh-code-studio-desktop:build:   [90m46 |[0m [36mimport[0m { [33mL4[0m } [36mfrom[0m [32m"@/lib/i18n"[0m;
eh-code-studio-desktop:build: [31m[1m>[0m [90m47 |[0m [36mimport[0m { generateReport } [36mfrom[0m [32m"@eh/quill-engine/pipeline/pipeline-utils"[0m;
eh-code-studio-desktop:build:   [90m   |[0m [31m[1m^^^^^^^^^^^^^^^^^^^^^^^^^^^^^^^^^^^^^^^^^^^^^^^^^^^^^^^^^^^^^^^^^^^^^^^^^^[0m
eh-code-studio-desktop:build:   [90m48 |[0m
eh-code-studio-desktop:build:   [90m49 |[0m [90m// ============================================================[0m
eh-code-studio-desktop:build:   [90m50 |[0m [90m// PART 1-B ??Progress Streaming Types[0m
eh-code-studio-desktop:build: 
eh-code-studio-desktop:build: 
eh-code-studio-desktop:build: 
eh-code-studio-desktop:build: Import trace:
eh-code-studio-desktop:build:   Client Component Browser:
eh-code-studio-desktop:build:     ./apps/desktop/renderer/components/code-studio/PipelinePanel.tsx [Client Component Browser]
eh-code-studio-desktop:build:     ./apps/desktop/renderer/components/code-studio/PanelImports.ts [Client Component Browser]
eh-code-studio-desktop:build:     ./apps/desktop/renderer/components/code-studio/CodeStudioShell.tsx [Client Component Browser]
eh-code-studio-desktop:build:     ./apps/desktop/renderer/app/code-studio/page.tsx [Client Component Browser]
eh-code-studio-desktop:build:     ./apps/desktop/renderer/app/code-studio/page.tsx [Server Component]
eh-code-studio-desktop:build: 
eh-code-studio-desktop:build: https://nextjs.org/docs/messages/module-not-found
eh-code-studio-desktop:build: 
eh-code-studio-desktop:build: 
eh-code-studio-desktop:build: ./apps/desktop/renderer/components/code-studio/ReviewCenter.tsx:14:1
eh-code-studio-desktop:build: Module not found: Can't resolve '@eh/quill-engine/pipeline/pipeline-utils'
eh-code-studio-desktop:build:   [90m12 |[0m ... [32m"lucide-react"[0m;
eh-code-studio-desktop:build:   [90m13 |[0m ... [36mtype[0m { [33mTeamResult[0m, [33mFinding[0m, [33mSeverity[0m } [36mfrom[0m [32m"@eh/quill-engine/pipeline/pipeline-teams"[0m;
eh-code-studio-desktop:build: [31m[1m>[0m [90m14 |[0m ... { getReviewChecklist, [36mtype[0m [33mChecklistItem[0m } [36mfrom[0m [32m"@eh/quill-engine/pipeline/pipeline-ut...[0m
eh-code-studio-desktop:build:   [90m   |[0m    [31m[1m^^^^^^^^^^^^^^^^^^^^^^^^^^^^^^^^^^^^^^^^^^^^^^^^^^^^^^^^^^^^^^^^^^^^^^^^^^^^^^^^^^^^^^^^^^[0m
eh-code-studio-desktop:build:   [90m15 |[0m ...
eh-code-studio-desktop:build:   [90m16 |[0m ...[33meviewTab[0m = [32m"problems"[0m | [32m"pipeline"[0m | [32m"checklist"[0m | [32m"bugfinder"[0m;
eh-code-studio-desktop:build:   [90m17 |[0m ...
eh-code-studio-desktop:build: 
eh-code-studio-desktop:build: 
eh-code-studio-desktop:build: 
eh-code-studio-desktop:build: Import trace:
eh-code-studio-desktop:build:   Client Component Browser:
eh-code-studio-desktop:build:     ./apps/desktop/renderer/components/code-studio/ReviewCenter.tsx [Client Component Browser]
eh-code-studio-desktop:build:     ./apps/desktop/renderer/components/code-studio/PanelImports.ts [Client Component Browser]
eh-code-studio-desktop:build:     ./apps/desktop/renderer/components/code-studio/CodeStudioShell.tsx [Client Component Browser]
eh-code-studio-desktop:build:     ./apps/desktop/renderer/app/code-studio/page.tsx [Client Component Browser]
eh-code-studio-desktop:build:     ./apps/desktop/renderer/app/code-studio/page.tsx [Server Component]
eh-code-studio-desktop:build: 
eh-code-studio-desktop:build: https://nextjs.org/docs/messages/module-not-found
eh-code-studio-desktop:build: 
eh-code-studio-desktop:build: 
eh-code-studio-desktop:build: ./apps/desktop/renderer/components/code-studio/CodeStudioShell.tsx:18:1
eh-code-studio-desktop:build: Module not found: Can't resolve '@eh/quill-engine/pipeline/stress-test'
eh-code-studio-desktop:build:   [90m16 |[0m ...[36mport[0m { runStaticPipeline } [36mfrom[0m [32m"@eh/quill-engine/pipeline/pipeline"[0m;
eh-code-studio-desktop:build:   [90m17 |[0m ...[36mport[0m { findBugsStatic, [36mtype[0m [33mBugReport[0m } [36mfrom[0m [32m"@eh/quill-engine/pipeline/bugfinder"[0m;
eh-code-studio-desktop:build: [31m[1m>[0m [90m18 |[0m ...[36mport[0m { runStressReport, [36mtype[0m [33mStressReport[0m } [36mfrom[0m [32m"@eh/quill-engine/pipeline/stress-test"[0m;
eh-code-studio-desktop:build:   [90m   |[0m    [31m[1m^^^^^^^^^^^^^^^^^^^^^^^^^^^^^^^^^^^^^^^^^^^^^^^^^^^^^^^^^^^^^^^^^^^^^^^^^^^^^^^^^^^^^^^^^^[0m
eh-code-studio-desktop:build:   [90m19 |[0m ...[36mport[0m { runVerificationLoop, [36mtype[0m [33mVerificationResult[0m } [36mfrom[0m [32m"@eh/quill-engine/pipeline/v...[0m
eh-code-studio-desktop:build:   [90m20 |[0m ...[36mport[0m { parseErrors } [36mfrom[0m [32m"@eh/quill-engine/pipeline/error-parser"[0m;
eh-code-studio-desktop:build:   [90m21 |[0m ...[36mport[0m { [33mPANEL_REGISTRY[0m, getPanelLabel, getGroupLabel, [36mtype[0m [33mRightPanel[0m, [36mtype[0m [33mPanelGroup[0m, [36m...[0m
eh-code-studio-desktop:build: 
eh-code-studio-desktop:build: 
eh-code-studio-desktop:build: 
eh-code-studio-desktop:build: Import trace:
eh-code-studio-desktop:build:   Client Component Browser:
eh-code-studio-desktop:build:     ./apps/desktop/renderer/components/code-studio/CodeStudioShell.tsx [Client Component Browser]
eh-code-studio-desktop:build:     ./apps/desktop/renderer/app/code-studio/page.tsx [Client Component Browser]
eh-code-studio-desktop:build:     ./apps/desktop/renderer/app/code-studio/page.tsx [Server Component]
eh-code-studio-desktop:build: 
eh-code-studio-desktop:build: https://nextjs.org/docs/messages/module-not-found
eh-code-studio-desktop:build: 
eh-code-studio-desktop:build: 
eh-code-studio-desktop:build: ./apps/desktop/renderer/components/code-studio/CodeStudioShell.tsx:19:1
eh-code-studio-desktop:build: Module not found: Can't resolve '@eh/quill-engine/pipeline/verification-loop'
eh-code-studio-desktop:build:   [90m17 |[0m ...indBugsStatic, [36mtype[0m [33mBugReport[0m } [36mfrom[0m [32m"@eh/quill-engine/pipeline/bugfinder"[0m;
eh-code-studio-desktop:build:   [90m18 |[0m ...unStressReport, [36mtype[0m [33mStressReport[0m } [36mfrom[0m [32m"@eh/quill-engine/pipeline/stress-test"[0m;
eh-code-studio-desktop:build: [31m[1m>[0m [90m19 |[0m ...unVerificationLoop, [36mtype[0m [33mVerificationResult[0m } [36mfrom[0m [32m"@eh/quill-engine/pipeline/verificat...[0m
eh-code-studio-desktop:build:   [90m   |[0m    [31m[1m^^^^^^^^^^^^^^^^^^^^^^^^^^^^^^^^^^^^^^^^^^^^^^^^^^^^^^^^^^^^^^^^^^^^^^^^^^^^^^^^^^^^^^^^^^[0m
eh-code-studio-desktop:build:   [90m20 |[0m ...arseErrors } [36mfrom[0m [32m"@eh/quill-engine/pipeline/error-parser"[0m;
eh-code-studio-desktop:build:   [90m21 |[0m ...[33mANEL_REGISTRY[0m, getPanelLabel, getGroupLabel, [36mtype[0m [33mRightPanel[0m, [36mtype[0m [33mPanelGroup[0m, [36mtype[0m [33mPan...[0m
eh-code-studio-desktop:build:   [90m22 |[0m ...seSessionRestore, [36mtype[0m [33mSessionSnapshot[0m } [36mfrom[0m [32m"@/hooks/useSessionRestore"[0m;
eh-code-studio-desktop:build: 
eh-code-studio-desktop:build: 
eh-code-studio-desktop:build: 
eh-code-studio-desktop:build: Import trace:
eh-code-studio-desktop:build:   Client Component Browser:
eh-code-studio-desktop:build:     ./apps/desktop/renderer/components/code-studio/CodeStudioShell.tsx [Client Component Browser]
eh-code-studio-desktop:build:     ./apps/desktop/renderer/app/code-studio/page.tsx [Client Component Browser]
eh-code-studio-desktop:build:     ./apps/desktop/renderer/app/code-studio/page.tsx [Server Component]
eh-code-studio-desktop:build: 
eh-code-studio-desktop:build: https://nextjs.org/docs/messages/module-not-found
eh-code-studio-desktop:build: 
eh-code-studio-desktop:build: 
eh-code-studio-desktop:build: ./apps/desktop/renderer/components/code-studio/ChatPanel.tsx:24:1
eh-code-studio-desktop:build: Module not found: Can't resolve '@eh/quill-engine/quality-rules-from-catalog'
eh-code-studio-desktop:build:   [90m22 |[0m [36mimport[0m { runDesignLint, formatDesignLintReport } [36mfrom[0m [32m"@eh/quill-engine/pipeline/design-li...[0m
eh-code-studio-desktop:build:   [90m23 |[0m [36mimport[0m { parseNLCommand } [36mfrom[0m [32m"@/lib/code-studio/features/nl-terminal"[0m;
eh-code-studio-desktop:build: [31m[1m>[0m [90m24 |[0m [36mimport[0m { buildQualityRulesPrompt } [36mfrom[0m [32m"@eh/quill-engine/quality-rules-from-catalog"[0m;
eh-code-studio-desktop:build:   [90m   |[0m [31m[1m^^^^^^^^^^^^^^^^^^^^^^^^^^^^^^^^^^^^^^^^^^^^^^^^^^^^^^^^^^^^^^^^^^^^^^^^^^^^^^^^^^^^^^[0m
eh-code-studio-desktop:build:   [90m25 |[0m
eh-code-studio-desktop:build:   [90m26 |[0m [36minterface[0m [33mChatSession[0m {
eh-code-studio-desktop:build:   [90m27 |[0m   id: string;
eh-code-studio-desktop:build: 
eh-code-studio-desktop:build: 
eh-code-studio-desktop:build: 
eh-code-studio-desktop:build: Import trace:
eh-code-studio-desktop:build:   Client Component Browser:
eh-code-studio-desktop:build:     ./apps/desktop/renderer/components/code-studio/ChatPanel.tsx [Client Component Browser]
eh-code-studio-desktop:build:     ./apps/desktop/renderer/components/code-studio/PanelImports.ts [Client Component Browser]
eh-code-studio-desktop:build:     ./apps/desktop/renderer/components/code-studio/CodeStudioShell.tsx [Client Component Browser]
eh-code-studio-desktop:build:     ./apps/desktop/renderer/app/code-studio/page.tsx [Client Component Browser]
eh-code-studio-desktop:build:     ./apps/desktop/renderer/app/code-studio/page.tsx [Server Component]
eh-code-studio-desktop:build: 
eh-code-studio-desktop:build: https://nextjs.org/docs/messages/module-not-found
eh-code-studio-desktop:build: 
eh-code-studio-desktop:build: 
eh-code-studio-desktop:build: ./apps/desktop/renderer/lib/code-studio/ai/ai-features.ts:8:1
eh-code-studio-desktop:build: Module not found: Can't resolve '@eh/quill-engine/quality-rules-from-catalog'
eh-code-studio-desktop:build:   [90m 6 |[0m ...amChat, getActiveProvider, [33mPROVIDERS[0m } [36mfrom[0m [32m'../_stubs/ai-providers'[0m;
eh-code-studio-desktop:build:   [90m 7 |[0m ...er } [36mfrom[0m [32m'../_stubs/logger'[0m;
eh-code-studio-desktop:build: [31m[1m>[0m [90m 8 |[0m ...dQualityRulesPrompt, buildFPSuppressionPrompt } [36mfrom[0m [32m'@eh/quill-engine/quality-rules-fr...[0m
eh-code-studio-desktop:build:   [90m   |[0m    [31m[1m^^^^^^^^^^^^^^^^^^^^^^^^^^^^^^^^^^^^^^^^^^^^^^^^^^^^^^^^^^^^^^^^^^^^^^^^^^^^^^^^^^^^^^^^^^[0m
eh-code-studio-desktop:build:   [90m 9 |[0m ...anager } [36mfrom[0m [32m'@eh/quill-engine/ari-engine'[0m;
eh-code-studio-desktop:build:   [90m10 |[0m ...
eh-code-studio-desktop:build:   [90m11 |[0m ...[90m==================================================[0m
eh-code-studio-desktop:build: 
eh-code-studio-desktop:build: 
eh-code-studio-desktop:build: 
eh-code-studio-desktop:build: Import trace:
eh-code-studio-desktop:build:   Client Component Browser:
eh-code-studio-desktop:build:     ./apps/desktop/renderer/lib/code-studio/ai/ai-features.ts [Client Component Browser]
eh-code-studio-desktop:build:     ./apps/desktop/renderer/components/code-studio/CodeStudioPanelManager.tsx [Client Component Browser]
eh-code-studio-desktop:build:     ./apps/desktop/renderer/components/code-studio/CodeStudioShell.tsx [Client Component Browser]
eh-code-studio-desktop:build:     ./apps/desktop/renderer/app/code-studio/page.tsx [Client Component Browser]
eh-code-studio-desktop:build:     ./apps/desktop/renderer/app/code-studio/page.tsx [Server Component]
eh-code-studio-desktop:build: 
eh-code-studio-desktop:build: https://nextjs.org/docs/messages/module-not-found
eh-code-studio-desktop:build: 
eh-code-studio-desktop:build: 
eh-code-studio-desktop:build: ./apps/desktop/renderer/components/code-studio/CodeStudioPanelManager.tsx:26:1
eh-code-studio-desktop:build: Module not found: Can't resolve '@eh/quill-engine/types'
eh-code-studio-desktop:build:   [90m24 |[0m [36mimport[0m [36mtype[0m { [33mRightPanel[0m } [36mfrom[0m [32m"@/lib/code-studio/core/panel-registry"[0m;
eh-code-studio-desktop:build:   [90m25 |[0m [36mimport[0m { getVisiblePanels } [36mfrom[0m [32m"@/lib/code-studio/core/panel-registry"[0m;
eh-code-studio-desktop:build: [31m[1m>[0m [90m26 |[0m [36mimport[0m { detectLanguage } [36mfrom[0m [32m"@eh/quill-engine/types"[0m;
eh-code-studio-desktop:build:   [90m   |[0m [31m[1m^^^^^^^^^^^^^^^^^^^^^^^^^^^^^^^^^^^^^^^^^^^^^^^^^^^^^^^^[0m
eh-code-studio-desktop:build:   [90m27 |[0m [36mimport[0m [36mtype[0m { [33mBugReport[0m } [36mfrom[0m [32m"@eh/quill-engine/pipeline/bugfinder"[0m;
eh-code-studio-desktop:build:   [90m28 |[0m [36mimport[0m [36mtype[0m { [33mStressReport[0m } [36mfrom[0m [32m"@eh/quill-engine/pipeline/stress-test"[0m;
eh-code-studio-desktop:build:   [90m29 |[0m [36mimport[0m [36mtype[0m { [33mVerificationResult[0m } [36mfrom[0m [32m"@eh/quill-engine/pipeline/verification-loop"[0m;
eh-code-studio-desktop:build: 
eh-code-studio-desktop:build: 
eh-code-studio-desktop:build: 
eh-code-studio-desktop:build: Import trace:
eh-code-studio-desktop:build:   Client Component Browser:
eh-code-studio-desktop:build:     ./apps/desktop/renderer/components/code-studio/CodeStudioPanelManager.tsx [Client Component Browser]
eh-code-studio-desktop:build:     ./apps/desktop/renderer/components/code-studio/CodeStudioShell.tsx [Client Component Browser]
eh-code-studio-desktop:build:     ./apps/desktop/renderer/app/code-studio/page.tsx [Client Component Browser]
eh-code-studio-desktop:build:     ./apps/desktop/renderer/app/code-studio/page.tsx [Server Component]
eh-code-studio-desktop:build: 
eh-code-studio-desktop:build: https://nextjs.org/docs/messages/module-not-found
eh-code-studio-desktop:build: 
eh-code-studio-desktop:build: 
eh-code-studio-desktop:build: ./apps/desktop/renderer/components/code-studio/CodeStudioShell.tsx:14:1
eh-code-studio-desktop:build: Module not found: Can't resolve '@eh/quill-engine/types'
eh-code-studio-desktop:build:   [90m12 |[0m ... [36mfrom[0m [32m"lucide-react"[0m;
eh-code-studio-desktop:build:   [90m13 |[0m ...[36mmport[0m [36mtype[0m { [33mFileNode[0m, [33mOpenFile[0m, [33mCodeStudioSettings[0m } [36mfrom[0m [32m"@eh/quill-engine/types"[0m;
eh-code-studio-desktop:build: [31m[1m>[0m [90m14 |[0m ...[36mmport[0m { [33mDEFAULT_SETTINGS[0m, detectLanguage, fileIconColor } [36mfrom[0m [32m"@eh/quill-engine/types"[0m;
eh-code-studio-desktop:build:   [90m   |[0m    [31m[1m^^^^^^^^^^^^^^^^^^^^^^^^^^^^^^^^^^^^^^^^^^^^^^^^^^^^^^^^^^^^^^^^^^^^^^^^^^^^^^^^^^^^^^^^^[0m
eh-code-studio-desktop:build:   [90m15 |[0m ...[36mmport[0m { saveSettings, loadSettings, listProjects, switchProject } [36mfrom[0m [32m"@/lib/code-stud...[0m
eh-code-studio-desktop:build:   [90m16 |[0m ...[36mmport[0m { runStaticPipeline } [36mfrom[0m [32m"@eh/quill-engine/pipeline/pipeline"[0m;
eh-code-studio-desktop:build:   [90m17 |[0m ...[36mmport[0m { findBugsStatic, [36mtype[0m [33mBugReport[0m } [36mfrom[0m [32m"@eh/quill-engine/pipeline/bugfinder"[0m;
eh-code-studio-desktop:build: 
eh-code-studio-desktop:build: 
eh-code-studio-desktop:build: 
eh-code-studio-desktop:build: Import trace:
eh-code-studio-desktop:build:   Client Component Browser:
eh-code-studio-desktop:build:     ./apps/desktop/renderer/components/code-studio/CodeStudioShell.tsx [Client Component Browser]
eh-code-studio-desktop:build:     ./apps/desktop/renderer/app/code-studio/page.tsx [Client Component Browser]
eh-code-studio-desktop:build:     ./apps/desktop/renderer/app/code-studio/page.tsx [Server Component]
eh-code-studio-desktop:build: 
eh-code-studio-desktop:build: https://nextjs.org/docs/messages/module-not-found
eh-code-studio-desktop:build: 
eh-code-studio-desktop:build: 
eh-code-studio-desktop:build: ./apps/desktop/renderer/components/code-studio/ComposerPanel.tsx:10:1
eh-code-studio-desktop:build: Module not found: Can't resolve '@eh/quill-engine/types'
eh-code-studio-desktop:build:   [90m 8 |[0m [36mimport[0m { [33mFileText[0m, [33mSend[0m, [33mCheck[0m, [33mX[0m, [33mChevronDown[0m, [33mChevronRight[0m, [33mLoader2[0m, [33mEye[0m } [36mfrom[0m [32m"lucide-...[0m
eh-code-studio-desktop:build:   [90m 9 |[0m [36mimport[0m [36mtype[0m { [33mFileNode[0m } [36mfrom[0m [32m"@eh/quill-engine/types"[0m;
eh-code-studio-desktop:build: [31m[1m>[0m [90m10 |[0m [36mimport[0m { fileIconColor } [36mfrom[0m [32m"@eh/quill-engine/types"[0m;
eh-code-studio-desktop:build:   [90m   |[0m [31m[1m^^^^^^^^^^^^^^^^^^^^^^^^^^^^^^^^^^^^^^^^^^^^^^^^^^^^^^^[0m
eh-code-studio-desktop:build:   [90m11 |[0m [36mimport[0m [36mtype[0m { [33mComposerMode[0m } [36mfrom[0m [32m"@/lib/code-studio/core/composer-state"[0m;
eh-code-studio-desktop:build:   [90m12 |[0m [36mimport[0m { useLang } [36mfrom[0m [32m"@/lib/LangContext"[0m;
eh-code-studio-desktop:build:   [90m13 |[0m [36mimport[0m { [33mL4[0m } [36mfrom[0m [32m"@/lib/i18n"[0m;
eh-code-studio-desktop:build: 
eh-code-studio-desktop:build: 
eh-code-studio-desktop:build: 
eh-code-studio-desktop:build: Import trace:
eh-code-studio-desktop:build:   Client Component Browser:
eh-code-studio-desktop:build:     ./apps/desktop/renderer/components/code-studio/ComposerPanel.tsx [Client Component Browser]
eh-code-studio-desktop:build:     ./apps/desktop/renderer/components/code-studio/PanelImports.ts [Client Component Browser]
eh-code-studio-desktop:build:     ./apps/desktop/renderer/components/code-studio/CodeStudioShell.tsx [Client Component Browser]
eh-code-studio-desktop:build:     ./apps/desktop/renderer/app/code-studio/page.tsx [Client Component Browser]
eh-code-studio-desktop:build:     ./apps/desktop/renderer/app/code-studio/page.tsx [Server Component]
eh-code-studio-desktop:build: 
eh-code-studio-desktop:build: https://nextjs.org/docs/messages/module-not-found
eh-code-studio-desktop:build: 
eh-code-studio-desktop:build: 
eh-code-studio-desktop:build: ./apps/desktop/renderer/components/code-studio/FileExplorer.tsx:17:1
eh-code-studio-desktop:build: Module not found: Can't resolve '@eh/quill-engine/types'
eh-code-studio-desktop:build:   [90m15 |[0m [36mimport[0m { [33mInputDialog[0m } [36mfrom[0m [32m"./InputDialog"[0m;
eh-code-studio-desktop:build:   [90m16 |[0m [36mimport[0m [36mtype[0m { [33mFileNode[0m } [36mfrom[0m [32m"@eh/quill-engine/types"[0m;
eh-code-studio-desktop:build: [31m[1m>[0m [90m17 |[0m [36mimport[0m { fileIconColor } [36mfrom[0m [32m"@eh/quill-engine/types"[0m;
eh-code-studio-desktop:build:   [90m   |[0m [31m[1m^^^^^^^^^^^^^^^^^^^^^^^^^^^^^^^^^^^^^^^^^^^^^^^^^^^^^^^[0m
eh-code-studio-desktop:build:   [90m18 |[0m
eh-code-studio-desktop:build:   [90m19 |[0m [36minterface[0m [33mProps[0m {
eh-code-studio-desktop:build:   [90m20 |[0m   files: [33mFileNode[0m[];
eh-code-studio-desktop:build: 
eh-code-studio-desktop:build: 
eh-code-studio-desktop:build: 
eh-code-studio-desktop:build: Import trace:
eh-code-studio-desktop:build:   Client Component Browser:
eh-code-studio-desktop:build:     ./apps/desktop/renderer/components/code-studio/FileExplorer.tsx [Client Component Browser]
eh-code-studio-desktop:build:     ./apps/desktop/renderer/components/code-studio/PanelImports.ts [Client Component Browser]
eh-code-studio-desktop:build:     ./apps/desktop/renderer/components/code-studio/CodeStudioShell.tsx [Client Component Browser]
eh-code-studio-desktop:build:     ./apps/desktop/renderer/app/code-studio/page.tsx [Client Component Browser]
eh-code-studio-desktop:build:     ./apps/desktop/renderer/app/code-studio/page.tsx [Server Component]
eh-code-studio-desktop:build: 
eh-code-studio-desktop:build: https://nextjs.org/docs/messages/module-not-found
eh-code-studio-desktop:build: 
eh-code-studio-desktop:build: 
eh-code-studio-desktop:build: ./apps/desktop/renderer/components/code-studio/QuickOpen.tsx:10:1
eh-code-studio-desktop:build: Module not found: Can't resolve '@eh/quill-engine/types'
eh-code-studio-desktop:build:   [90m 8 |[0m [36mimport[0m { [33mFileCode[0m, [33mSearch[0m, [33mClock[0m } [36mfrom[0m [32m"lucide-react"[0m;
eh-code-studio-desktop:build:   [90m 9 |[0m [36mimport[0m [36mtype[0m { [33mFileNode[0m } [36mfrom[0m [32m"@eh/quill-engine/types"[0m;
eh-code-studio-desktop:build: [31m[1m>[0m [90m10 |[0m [36mimport[0m { fileIconColor } [36mfrom[0m [32m"@eh/quill-engine/types"[0m;
eh-code-studio-desktop:build:   [90m   |[0m [31m[1m^^^^^^^^^^^^^^^^^^^^^^^^^^^^^^^^^^^^^^^^^^^^^^^^^^^^^^^[0m
eh-code-studio-desktop:build:   [90m11 |[0m
eh-code-studio-desktop:build:   [90m12 |[0m [36minterface[0m [33mProps[0m {
eh-code-studio-desktop:build:   [90m13 |[0m   files: [33mFileNode[0m[];
eh-code-studio-desktop:build: 
eh-code-studio-desktop:build: 
eh-code-studio-desktop:build: 
eh-code-studio-desktop:build: Import trace:
eh-code-studio-desktop:build:   Client Component Browser:
eh-code-studio-desktop:build:     ./apps/desktop/renderer/components/code-studio/QuickOpen.tsx [Client Component Browser]
eh-code-studio-desktop:build:     ./apps/desktop/renderer/components/code-studio/PanelImports.ts [Client Component Browser]
eh-code-studio-desktop:build:     ./apps/desktop/renderer/components/code-studio/CodeStudioShell.tsx [Client Component Browser]
eh-code-studio-desktop:build:     ./apps/desktop/renderer/app/code-studio/page.tsx [Client Component Browser]
eh-code-studio-desktop:build:     ./apps/desktop/renderer/app/code-studio/page.tsx [Server Component]
eh-code-studio-desktop:build: 
eh-code-studio-desktop:build: https://nextjs.org/docs/messages/module-not-found
eh-code-studio-desktop:build: 
eh-code-studio-desktop:build: 
eh-code-studio-desktop:build: ./apps/desktop/renderer/components/code-studio/RecentFiles.tsx:5:1
eh-code-studio-desktop:build: Module not found: Can't resolve '@eh/quill-engine/types'
eh-code-studio-desktop:build:   [90m3 |[0m [36mimport[0m { useState } [36mfrom[0m [32m"react"[0m;
eh-code-studio-desktop:build:   [90m4 |[0m [36mimport[0m { [33mFileText[0m, [33mTrash2[0m, [33mClock[0m, [33mX[0m } [36mfrom[0m [32m"lucide-react"[0m;
eh-code-studio-desktop:build: [31m[1m>[0m [90m5 |[0m [36mimport[0m { fileIconColor } [36mfrom[0m [32m"@eh/quill-engine/types"[0m;
eh-code-studio-desktop:build:   [90m  |[0m [31m[1m^^^^^^^^^^^^^^^^^^^^^^^^^^^^^^^^^^^^^^^^^^^^^^^^^^^^^^^[0m
eh-code-studio-desktop:build:   [90m6 |[0m
eh-code-studio-desktop:build:   [90m7 |[0m [36minterface[0m [33mRecentFileEntry[0m {
eh-code-studio-desktop:build:   [90m8 |[0m   fileId: string;
eh-code-studio-desktop:build: 
eh-code-studio-desktop:build: 
eh-code-studio-desktop:build: 
eh-code-studio-desktop:build: Import trace:
eh-code-studio-desktop:build:   Client Component Browser:
eh-code-studio-desktop:build:     ./apps/desktop/renderer/components/code-studio/RecentFiles.tsx [Client Component Browser]
eh-code-studio-desktop:build:     ./apps/desktop/renderer/components/code-studio/PanelImports.ts [Client Component Browser]
eh-code-studio-desktop:build:     ./apps/desktop/renderer/components/code-studio/CodeStudioShell.tsx [Client Component Browser]
eh-code-studio-desktop:build:     ./apps/desktop/renderer/app/code-studio/page.tsx [Client Component Browser]
eh-code-studio-desktop:build:     ./apps/desktop/renderer/app/code-studio/page.tsx [Server Component]
eh-code-studio-desktop:build: 
eh-code-studio-desktop:build: https://nextjs.org/docs/messages/module-not-found
eh-code-studio-desktop:build: 
eh-code-studio-desktop:build: 
eh-code-studio-desktop:build: ./apps/desktop/renderer/hooks/useCodeStudioFileSystem.ts:13:1
eh-code-studio-desktop:build: Module not found: Can't resolve '@eh/quill-engine/types'
eh-code-studio-desktop:build:   [90m11 |[0m [36mimport[0m { useState, useCallback, useRef } [36mfrom[0m [32m'react'[0m;
eh-code-studio-desktop:build:   [90m12 |[0m [36mimport[0m [36mtype[0m { [33mFileNode[0m } [36mfrom[0m [32m'@eh/quill-engine/types'[0m;
eh-code-studio-desktop:build: [31m[1m>[0m [90m13 |[0m [36mimport[0m { detectLanguage } [36mfrom[0m [32m'@eh/quill-engine/types'[0m;
eh-code-studio-desktop:build:   [90m   |[0m [31m[1m^^^^^^^^^^^^^^^^^^^^^^^^^^^^^^^^^^^^^^^^^^^^^^^^^^^^^^^^[0m
eh-code-studio-desktop:build:   [90m14 |[0m [36mimport[0m { saveFileTree, loadFileTree } [36mfrom[0m [32m'@/lib/code-studio/core/store'[0m;
eh-code-studio-desktop:build:   [90m15 |[0m
eh-code-studio-desktop:build:   [90m16 |[0m [36minterface[0m [33mUseCodeStudioFileSystemReturn[0m {
eh-code-studio-desktop:build: 
eh-code-studio-desktop:build: 
eh-code-studio-desktop:build: 
eh-code-studio-desktop:build: Import trace:
eh-code-studio-desktop:build:   Client Component Browser:
eh-code-studio-desktop:build:     ./apps/desktop/renderer/hooks/useCodeStudioFileSystem.ts [Client Component Browser]
eh-code-studio-desktop:build:     ./apps/desktop/renderer/components/code-studio/CodeStudioShell.tsx [Client Component Browser]
eh-code-studio-desktop:build:     ./apps/desktop/renderer/app/code-studio/page.tsx [Client Component Browser]
eh-code-studio-desktop:build:     ./apps/desktop/renderer/app/code-studio/page.tsx [Server Component]
eh-code-studio-desktop:build: 
eh-code-studio-desktop:build: https://nextjs.org/docs/messages/module-not-found
eh-code-studio-desktop:build: 
eh-code-studio-desktop:build: 
eh-code-studio-desktop:build: ./apps/desktop/renderer/components/code-studio/ChatPanel.tsx:12:1
eh-code-studio-desktop:build: Module not found: Can't resolve 'framer-motion'
eh-code-studio-desktop:build:   [90m10 |[0m   [33mTrash2[0m, [33mPlus[0m, [33mCheck[0m, [33mZap[0m, [33mStethoscope[0m, [33mCode2[0m,
eh-code-studio-desktop:build:   [90m11 |[0m } [36mfrom[0m [32m"lucide-react"[0m;
eh-code-studio-desktop:build: [31m[1m>[0m [90m12 |[0m [36mimport[0m { motion } [36mfrom[0m [32m"framer-motion"[0m;
eh-code-studio-desktop:build:   [90m   |[0m [31m[1m^^^^^^^^^^^^^^^^^^^^^^^^^^^^^^^^^^^^^^^[0m
eh-code-studio-desktop:build:   [90m13 |[0m [36mimport[0m { [33mNOD_SYSTEM_PROMPT[0m, [33mNOD_SYSTEM_PROMPT_EN[0m } [36mfrom[0m [32m"@/lib/code-studio/ai/nod"[0m;
eh-code-studio-desktop:build:   [90m14 |[0m [36mimport[0m { useCodeStudioChat } [36mfrom[0m [32m"@/hooks/useCodeStudioChat"[0m;
eh-code-studio-desktop:build:   [90m15 |[0m [36mimport[0m { useLang } [36mfrom[0m [32m"@/lib/LangContext"[0m;
eh-code-studio-desktop:build: 
eh-code-studio-desktop:build: 
eh-code-studio-desktop:build: 
eh-code-studio-desktop:build: Import trace:
eh-code-studio-desktop:build:   Client Component Browser:
eh-code-studio-desktop:build:     ./apps/desktop/renderer/components/code-studio/ChatPanel.tsx [Client Component Browser]
eh-code-studio-desktop:build:     ./apps/desktop/renderer/components/code-studio/PanelImports.ts [Client Component Browser]
eh-code-studio-desktop:build:     ./apps/desktop/renderer/components/code-studio/CodeStudioShell.tsx [Client Component Browser]
eh-code-studio-desktop:build:     ./apps/desktop/renderer/app/code-studio/page.tsx [Client Component Browser]
eh-code-studio-desktop:build:     ./apps/desktop/renderer/app/code-studio/page.tsx [Server Component]
eh-code-studio-desktop:build: 
eh-code-studio-desktop:build: https://nextjs.org/docs/messages/module-not-found
eh-code-studio-desktop:build: 
eh-code-studio-desktop:build: 
eh-code-studio-desktop:build: ./apps/desktop/renderer/components/code-studio/WelcomeScreen.tsx:8:1
eh-code-studio-desktop:build: Module not found: Can't resolve 'framer-motion'
eh-code-studio-desktop:build:   [90m 6 |[0m
eh-code-studio-desktop:build:   [90m 7 |[0m [36mimport[0m { useEffect, useState } [36mfrom[0m [32m"react"[0m;
eh-code-studio-desktop:build: [31m[1m>[0m [90m 8 |[0m [36mimport[0m { motion, [33mAnimatePresence[0m } [36mfrom[0m [32m"framer-motion"[0m;
eh-code-studio-desktop:build:   [90m   |[0m [31m[1m^^^^^^^^^^^^^^^^^^^^^^^^^^^^^^^^^^^^^^^^^^^^^^^^^^^^^^^^[0m
eh-code-studio-desktop:build:   [90m 9 |[0m [36mimport[0m { [33mCode2[0m, [33mPlay[0m, [33mFolderOpen[0m, [33mChevronDown[0m, [33mShield[0m } [36mfrom[0m [32m"lucide-react"[0m;
eh-code-studio-desktop:build:   [90m10 |[0m [36mimport[0m { useLang } [36mfrom[0m [32m"@/lib/LangContext"[0m;
eh-code-studio-desktop:build:   [90m11 |[0m [36mimport[0m { [33mL4[0m } [36mfrom[0m [32m"@/lib/i18n"[0m;
eh-code-studio-desktop:build: 
eh-code-studio-desktop:build: 
eh-code-studio-desktop:build: 
eh-code-studio-desktop:build: Import trace:
eh-code-studio-desktop:build:   Client Component Browser:
eh-code-studio-desktop:build:     ./apps/desktop/renderer/components/code-studio/WelcomeScreen.tsx [Client Component Browser]
eh-code-studio-desktop:build:     ./apps/desktop/renderer/components/code-studio/CodeStudioShell.tsx [Client Component Browser]
eh-code-studio-desktop:build:     ./apps/desktop/renderer/app/code-studio/page.tsx [Client Component Browser]
eh-code-studio-desktop:build:     ./apps/desktop/renderer/app/code-studio/page.tsx [Server Component]
eh-code-studio-desktop:build: 
eh-code-studio-desktop:build: https://nextjs.org/docs/messages/module-not-found
eh-code-studio-desktop:build: 
eh-code-studio-desktop:build: 
eh-code-studio-desktop:build:     at <unknown> (./apps/desktop/renderer/hooks/useCodeStudioChat.ts:12:1)
eh-code-studio-desktop:build:     at <unknown> (https://nextjs.org/docs/messages/module-not-found)
eh-code-studio-desktop:build:     at <unknown> (./apps/desktop/renderer/hooks/useCodeStudioComposer.ts:6:1)
eh-code-studio-desktop:build:     at <unknown> (https://nextjs.org/docs/messages/module-not-found)
eh-code-studio-desktop:build:     at <unknown> (./apps/desktop/renderer/hooks/useCodeStudioPanels.ts:13:1)
eh-code-studio-desktop:build:     at <unknown> (https://nextjs.org/docs/messages/module-not-found)
eh-code-studio-desktop:build:     at <unknown> (./apps/desktop/renderer/lib/code-studio/ai/agents.ts:5:1)
eh-code-studio-desktop:build:     at <unknown> (https://nextjs.org/docs/messages/module-not-found)
eh-code-studio-desktop:build:     at <unknown> (./apps/desktop/renderer/lib/code-studio/ai/agents.ts:14:1)
eh-code-studio-desktop:build:     at <unknown> (https://nextjs.org/docs/messages/module-not-found)
eh-code-studio-desktop:build:     at <unknown> (./apps/desktop/renderer/lib/code-studio/ai/ai-features.ts:6:1)
eh-code-studio-desktop:build:     at <unknown> (https://nextjs.org/docs/messages/module-not-found)
eh-code-studio-desktop:build:     at <unknown> (./apps/desktop/renderer/lib/code-studio/ai/ghost.ts:9:1)
eh-code-studio-desktop:build:     at <unknown> (https://nextjs.org/docs/messages/module-not-found)
eh-code-studio-desktop:build:     at <unknown> (./apps/desktop/renderer/lib/code-studio/features/app-generator.ts:5:1)
eh-code-studio-desktop:build:     at <unknown> (https://nextjs.org/docs/messages/module-not-found)
eh-code-studio-desktop:build:     at <unknown> (./apps/desktop/renderer/hooks/useCodeStudioComposer.ts:7:1)
eh-code-studio-desktop:build:     at <unknown> (https://nextjs.org/docs/messages/module-not-found)
eh-code-studio-desktop:build:     at <unknown> (./apps/desktop/renderer/lib/ai-providers.ts:6:1)
eh-code-studio-desktop:build:     at <unknown> (https://nextjs.org/docs/messages/module-not-found)
eh-code-studio-desktop:build:     at <unknown> (./apps/desktop/renderer/lib/code-studio/ai/ai-features.ts:7:1)
eh-code-studio-desktop:build:     at <unknown> (https://nextjs.org/docs/messages/module-not-found)
eh-code-studio-desktop:build:     at <unknown> (./apps/desktop/renderer/lib/code-studio/core/composer-state.ts:1:1)
eh-code-studio-desktop:build:     at <unknown> (https://nextjs.org/docs/messages/module-not-found)
eh-code-studio-desktop:build:     at <unknown> (./apps/desktop/renderer/lib/code-studio/core/cross-file.ts:9:1)
eh-code-studio-desktop:build:     at <unknown> (https://nextjs.org/docs/messages/module-not-found)
eh-code-studio-desktop:build:     at <unknown> (./apps/desktop/renderer/lib/code-studio/core/store.ts:7:1)
eh-code-studio-desktop:build:     at <unknown> (https://nextjs.org/docs/messages/module-not-found)
eh-code-studio-desktop:build:     at <unknown> (./apps/desktop/renderer/lib/code-studio/features/git.ts:7:1)
eh-code-studio-desktop:build:     at <unknown> (https://nextjs.org/docs/messages/module-not-found)
eh-code-studio-desktop:build:     at <unknown> (./apps/desktop/renderer/lib/env.ts:5:1)
eh-code-studio-desktop:build:     at <unknown> (https://nextjs.org/docs/messages/module-not-found)
eh-code-studio-desktop:build:     at <unknown> (./apps/desktop/renderer/lib/code-studio/harness/index.ts:11:1)
eh-code-studio-desktop:build:     at <unknown> (https://nextjs.org/docs/messages/module-not-found)
eh-code-studio-desktop:build:     at <unknown> (./apps/desktop/renderer/lib/code-studio/harness/index.ts:75:39)
eh-code-studio-desktop:build:     at <unknown> (https://nextjs.org/docs/messages/module-not-found)
eh-code-studio-desktop:build:     at <unknown> (./apps/desktop/renderer/lib/code-studio/harness/headless-first.ts:7:1)
eh-code-studio-desktop:build:     at <unknown> (https://nextjs.org/docs/messages/module-not-found)
eh-code-studio-desktop:build:     at <unknown> (./apps/desktop/renderer/lib/code-studio/harness/index.ts:14:1)
eh-code-studio-desktop:build:     at <unknown> (https://nextjs.org/docs/messages/module-not-found)
eh-code-studio-desktop:build:     at <unknown> (./apps/desktop/renderer/lib/code-studio/harness/index.ts:99:38)
eh-code-studio-desktop:build:     at <unknown> (https://nextjs.org/docs/messages/module-not-found)
eh-code-studio-desktop:build:     at <unknown> (./apps/desktop/renderer/lib/code-studio/harness/headless-first.ts:8:1)
eh-code-studio-desktop:build:     at <unknown> (https://nextjs.org/docs/messages/module-not-found)
eh-code-studio-desktop:build:     at <unknown> (./apps/desktop/renderer/lib/code-studio/harness/index.ts:17:1)
eh-code-studio-desktop:build:     at <unknown> (https://nextjs.org/docs/messages/module-not-found)
eh-code-studio-desktop:build:     at <unknown> (./apps/desktop/renderer/lib/code-studio/harness/index.ts:100:38)
eh-code-studio-desktop:build:     at <unknown> (https://nextjs.org/docs/messages/module-not-found)
eh-code-studio-desktop:build:     at <unknown> (./apps/desktop/renderer/lib/code-studio/harness/index.ts:29:1)
eh-code-studio-desktop:build:     at <unknown> (https://nextjs.org/docs/messages/module-not-found)
eh-code-studio-desktop:build:     at <unknown> (./apps/desktop/renderer/lib/code-studio/harness/index.ts:181:70)
eh-code-studio-desktop:build:     at <unknown> (https://nextjs.org/docs/messages/module-not-found)
eh-code-studio-desktop:build:     at <unknown> (./apps/desktop/renderer/lib/i18n.ts:2:1)
eh-code-studio-desktop:build:     at <unknown> (https://nextjs.org/docs/messages/module-not-found)
eh-code-studio-desktop:build:     at <unknown> (./apps/desktop/renderer/lib/ai-providers.ts:5:1)
eh-code-studio-desktop:build:     at <unknown> (https://nextjs.org/docs/messages/module-not-found)
eh-code-studio-desktop:build:     at <unknown> (./apps/desktop/renderer/lib/code-studio/core/store.ts:6:1)
eh-code-studio-desktop:build:     at <unknown> (https://nextjs.org/docs/messages/module-not-found)
eh-code-studio-desktop:build:     at <unknown> (./apps/desktop/renderer/app/layout.tsx:9:1)
eh-code-studio-desktop:build:     at <unknown> (https://nextjs.org/docs/messages/module-not-found)
eh-code-studio-desktop:build:     at <unknown> (./apps/desktop/renderer/app/layout.tsx:8:1)
eh-code-studio-desktop:build:     at <unknown> (https://nextjs.org/docs/messages/module-not-found)
eh-code-studio-desktop:build:     at <unknown> (./apps/desktop/renderer/app/layout.tsx:4:1)
eh-code-studio-desktop:build:     at <unknown> (https://nextjs.org/docs/messages/module-not-found)
eh-code-studio-desktop:build:     at <unknown> (./apps/desktop/renderer/app/error.tsx:5:1)
eh-code-studio-desktop:build:     at <unknown> (https://nextjs.org/docs/messages/module-not-found)
eh-code-studio-desktop:build:     at <unknown> (./apps/desktop/renderer/app/not-found.tsx:4:1)
eh-code-studio-desktop:build:     at <unknown> (https://nextjs.org/docs/messages/module-not-found)
eh-code-studio-desktop:build:     at <unknown> (./apps/desktop/renderer/app/layout.tsx:10:1)
eh-code-studio-desktop:build:     at <unknown> (https://nextjs.org/docs/messages/module-not-found)
eh-code-studio-desktop:build:     at <unknown> (./apps/desktop/renderer/app/code-studio/page.tsx:8:1)
eh-code-studio-desktop:build:     at <unknown> (https://nextjs.org/docs/messages/module-not-found)
eh-code-studio-desktop:build:     at <unknown> (./apps/desktop/renderer/app/layout.tsx:5:1)
eh-code-studio-desktop:build:     at <unknown> (https://nextjs.org/docs/messages/module-not-found)
eh-code-studio-desktop:build:     at <unknown> (https://nextjs.org/docs/messages/module-not-found)
eh-code-studio-desktop:build:     at <unknown> (./apps/desktop/renderer/components/code-studio/PanelImports.ts:218:9)
eh-code-studio-desktop:build:     at <unknown> (https://nextjs.org/docs/messages/module-not-found)
eh-code-studio-desktop:build:     at <unknown> (https://nextjs.org/docs/messages/module-not-found)
eh-code-studio-desktop:build:     at <unknown> (./apps/desktop/renderer/components/code-studio/CodeStudioEditor.tsx:37:37)
eh-code-studio-desktop:build:     at <unknown> (https://nextjs.org/docs/messages/module-not-found)
eh-code-studio-desktop:build:     at <unknown> (./apps/desktop/renderer/app/layout.tsx:3:1)
eh-code-studio-desktop:build:     at <unknown> (https://nextjs.org/docs/messages/module-not-found)
eh-code-studio-desktop:build:     at <unknown> (./apps/desktop/renderer/app/layout.tsx:7:1)
eh-code-studio-desktop:build:     at <unknown> (https://nextjs.org/docs/messages/module-not-found)
eh-code-studio-desktop:build:     at <unknown> (./apps/desktop/renderer/components/code-studio/AgentPanel.tsx:296:27)
eh-code-studio-desktop:build:     at <unknown> (https://nextjs.org/docs/messages/module-not-found)
eh-code-studio-desktop:build:     at <unknown> (./apps/desktop/renderer/components/code-studio/CodeStudioPanelManager.tsx:509:9)
eh-code-studio-desktop:build:     at <unknown> (https://nextjs.org/docs/messages/module-not-found)
eh-code-studio-desktop:build:     at <unknown> (./apps/desktop/renderer/app/code-studio/layout.tsx:2:1)
eh-code-studio-desktop:build:     at <unknown> (https://nextjs.org/docs/messages/module-not-found)
eh-code-studio-desktop:build:     at <unknown> (./apps/desktop/renderer/lib/ai-providers.ts:8:1)
eh-code-studio-desktop:build:     at <unknown> (https://nextjs.org/docs/messages/module-not-found)
eh-code-studio-desktop:build:     at <unknown> (./apps/desktop/renderer/components/code-studio/DependencyGraph.tsx:19:1)
eh-code-studio-desktop:build:     at <unknown> (https://nextjs.org/docs/messages/module-not-found)
eh-code-studio-desktop:build:     at <unknown> (./apps/desktop/renderer/components/code-studio/SettingsPanel.tsx:10:1)
eh-code-studio-desktop:build:     at <unknown> (https://nextjs.org/docs/messages/module-not-found)
eh-code-studio-desktop:build:     at <unknown> (./apps/desktop/renderer/components/code-studio/AgentPanel.tsx:19:1)
eh-code-studio-desktop:build:     at <unknown> (https://nextjs.org/docs/messages/module-not-found)
eh-code-studio-desktop:build:     at <unknown> (./apps/desktop/renderer/app/code-studio/page.tsx:6:1)
eh-code-studio-desktop:build:     at <unknown> (https://nextjs.org/docs/messages/module-not-found)
eh-code-studio-desktop:build:     at <unknown> (./apps/desktop/renderer/components/code-studio/CodeStudioShell.tsx:24:1)
eh-code-studio-desktop:build:     at <unknown> (https://nextjs.org/docs/messages/module-not-found)
eh-code-studio-desktop:build:     at <unknown> (./apps/desktop/renderer/components/code-studio/WelcomeScreen.tsx:12:1)
eh-code-studio-desktop:build:     at <unknown> (https://nextjs.org/docs/messages/module-not-found)
eh-code-studio-desktop:build:     at <unknown> (./apps/desktop/renderer/components/code-studio/AIWorkspace.tsx:10:1)
eh-code-studio-desktop:build:     at <unknown> (https://nextjs.org/docs/messages/module-not-found)
eh-code-studio-desktop:build:     at <unknown> (./apps/desktop/renderer/components/code-studio/CanvasPanel.tsx:9:1)
eh-code-studio-desktop:build:     at <unknown> (https://nextjs.org/docs/messages/module-not-found)
eh-code-studio-desktop:build:     at <unknown> (./apps/desktop/renderer/components/code-studio/CollabPanel.tsx:51:1)
eh-code-studio-desktop:build:     at <unknown> (https://nextjs.org/docs/messages/module-not-found)
eh-code-studio-desktop:build:     at <unknown> (./apps/desktop/renderer/components/code-studio/MultiTerminal.tsx:9:1)
eh-code-studio-desktop:build:     at <unknown> (https://nextjs.org/docs/messages/module-not-found)
eh-code-studio-desktop:build:     at <unknown> (./apps/desktop/renderer/components/code-studio/PackagePanel.tsx:13:1)
eh-code-studio-desktop:build:     at <unknown> (https://nextjs.org/docs/messages/module-not-found)
eh-code-studio-desktop:build:     at <unknown> (./apps/desktop/renderer/components/code-studio/PreviewPanel.tsx:45:1)
eh-code-studio-desktop:build:     at <unknown> (https://nextjs.org/docs/messages/module-not-found)
eh-code-studio-desktop:build:     at <unknown> (./apps/desktop/renderer/components/code-studio/SplitTerminal.tsx:9:1)
eh-code-studio-desktop:build:     at <unknown> (https://nextjs.org/docs/messages/module-not-found)
eh-code-studio-desktop:build:     at <unknown> (./apps/desktop/renderer/components/code-studio/SymbolPalette.tsx:9:1)
eh-code-studio-desktop:build:     at <unknown> (https://nextjs.org/docs/messages/module-not-found)
eh-code-studio-desktop:build:     at <unknown> (./apps/desktop/renderer/components/code-studio/WelcomeTab.tsx:9:1)
eh-code-studio-desktop:build:     at <unknown> (https://nextjs.org/docs/messages/module-not-found)
eh-code-studio-desktop:build:     at <unknown> (./apps/desktop/renderer/components/ui/ActionBar.tsx:86:36)
eh-code-studio-desktop:build:     at <unknown> (https://nextjs.org/docs/messages/module-not-found)
eh-code-studio-desktop:build:     at <unknown> (./apps/desktop/renderer/components/ui/ActionBar.tsx:92:36)
eh-code-studio-desktop:build:     at <unknown> (https://nextjs.org/docs/messages/module-not-found)
eh-code-studio-desktop:build:     at <unknown> (./apps/desktop/renderer/lib/ai-providers.ts:9:1)
eh-code-studio-desktop:build:     at <unknown> (https://nextjs.org/docs/messages/module-not-found)
eh-code-studio-desktop:build:     at <unknown> (./apps/desktop/renderer/lib/code-studio/ai/ai-features.ts:9:1)
eh-code-studio-desktop:build:     at <unknown> (https://nextjs.org/docs/messages/module-not-found)
eh-code-studio-desktop:build:     at <unknown> (./apps/desktop/renderer/components/code-studio/AuditPanel.tsx:6:1)
eh-code-studio-desktop:build:     at <unknown> (https://nextjs.org/docs/messages/module-not-found)
eh-code-studio-desktop:build:     at <unknown> (./apps/desktop/renderer/lib/code-studio/harness/build-test-loop.ts:10:1)
eh-code-studio-desktop:build:     at <unknown> (https://nextjs.org/docs/messages/module-not-found)
eh-code-studio-desktop:build:     at <unknown> (./apps/desktop/renderer/components/code-studio/CodeStudioShell.tsx:17:1)
eh-code-studio-desktop:build:     at <unknown> (https://nextjs.org/docs/messages/module-not-found)
eh-code-studio-desktop:build:     at <unknown> (./apps/desktop/renderer/components/code-studio/RhythmPanel.tsx:9:1)
eh-code-studio-desktop:build:     at <unknown> (https://nextjs.org/docs/messages/module-not-found)
eh-code-studio-desktop:build:     at <unknown> (./apps/desktop/renderer/components/code-studio/CognitiveLoadPanel.tsx:9:1)
eh-code-studio-desktop:build:     at <unknown> (https://nextjs.org/docs/messages/module-not-found)
eh-code-studio-desktop:build:     at <unknown> (./apps/desktop/renderer/components/code-studio/ChatPanel.tsx:22:1)
eh-code-studio-desktop:build:     at <unknown> (https://nextjs.org/docs/messages/module-not-found)
eh-code-studio-desktop:build:     at <unknown> (./apps/desktop/renderer/components/code-studio/CodeStudioShell.tsx:20:1)
eh-code-studio-desktop:build:     at <unknown> (https://nextjs.org/docs/messages/module-not-found)
eh-code-studio-desktop:build:     at <unknown> (./apps/desktop/renderer/components/code-studio/AutopilotPanel.tsx:14:1)
eh-code-studio-desktop:build:     at <unknown> (https://nextjs.org/docs/messages/module-not-found)
eh-code-studio-desktop:build:     at <unknown> (./apps/desktop/renderer/components/code-studio/MigrationAuditPanel.tsx:9:1)
eh-code-studio-desktop:build:     at <unknown> (https://nextjs.org/docs/messages/module-not-found)
eh-code-studio-desktop:build:     at <unknown> (./apps/desktop/renderer/components/code-studio/CodeStudioShell.tsx:16:1)
eh-code-studio-desktop:build:     at <unknown> (https://nextjs.org/docs/messages/module-not-found)
eh-code-studio-desktop:build:     at <unknown> (./apps/desktop/renderer/components/code-studio/ReviewBoard.tsx:12:1)
eh-code-studio-desktop:build:     at <unknown> (https://nextjs.org/docs/messages/module-not-found)
eh-code-studio-desktop:build:     at <unknown> (./apps/desktop/renderer/components/code-studio/PipelinePanel.tsx:47:1)
eh-code-studio-desktop:build:     at <unknown> (https://nextjs.org/docs/messages/module-not-found)
eh-code-studio-desktop:build:     at <unknown> (./apps/desktop/renderer/components/code-studio/ReviewCenter.tsx:14:1)
eh-code-studio-desktop:build:     at <unknown> (https://nextjs.org/docs/messages/module-not-found)
eh-code-studio-desktop:build:     at <unknown> (./apps/desktop/renderer/components/code-studio/CodeStudioShell.tsx:18:1)
eh-code-studio-desktop:build:     at <unknown> (https://nextjs.org/docs/messages/module-not-found)
eh-code-studio-desktop:build:     at <unknown> (./apps/desktop/renderer/components/code-studio/CodeStudioShell.tsx:19:1)
eh-code-studio-desktop:build:     at <unknown> (https://nextjs.org/docs/messages/module-not-found)
eh-code-studio-desktop:build:     at <unknown> (./apps/desktop/renderer/components/code-studio/ChatPanel.tsx:24:1)
eh-code-studio-desktop:build:     at <unknown> (https://nextjs.org/docs/messages/module-not-found)
eh-code-studio-desktop:build:     at <unknown> (./apps/desktop/renderer/lib/code-studio/ai/ai-features.ts:8:1)
eh-code-studio-desktop:build:     at <unknown> (https://nextjs.org/docs/messages/module-not-found)
eh-code-studio-desktop:build:     at <unknown> (./apps/desktop/renderer/components/code-studio/CodeStudioPanelManager.tsx:26:1)
eh-code-studio-desktop:build:     at <unknown> (https://nextjs.org/docs/messages/module-not-found)
eh-code-studio-desktop:build:     at <unknown> (./apps/desktop/renderer/components/code-studio/CodeStudioShell.tsx:14:1)
eh-code-studio-desktop:build:     at <unknown> (https://nextjs.org/docs/messages/module-not-found)
eh-code-studio-desktop:build:     at <unknown> (./apps/desktop/renderer/components/code-studio/ComposerPanel.tsx:10:1)
eh-code-studio-desktop:build:     at <unknown> (https://nextjs.org/docs/messages/module-not-found)
eh-code-studio-desktop:build:     at <unknown> (./apps/desktop/renderer/components/code-studio/FileExplorer.tsx:17:1)
eh-code-studio-desktop:build:     at <unknown> (https://nextjs.org/docs/messages/module-not-found)
eh-code-studio-desktop:build:     at <unknown> (./apps/desktop/renderer/components/code-studio/QuickOpen.tsx:10:1)
eh-code-studio-desktop:build:     at <unknown> (https://nextjs.org/docs/messages/module-not-found)
eh-code-studio-desktop:build:     at <unknown> (./apps/desktop/renderer/components/code-studio/RecentFiles.tsx:5:1)
eh-code-studio-desktop:build:     at <unknown> (https://nextjs.org/docs/messages/module-not-found)
eh-code-studio-desktop:build:     at <unknown> (./apps/desktop/renderer/hooks/useCodeStudioFileSystem.ts:13:1)
eh-code-studio-desktop:build:     at <unknown> (https://nextjs.org/docs/messages/module-not-found)
eh-code-studio-desktop:build:     at <unknown> (./apps/desktop/renderer/components/code-studio/ChatPanel.tsx:12:1)
eh-code-studio-desktop:build:     at <unknown> (https://nextjs.org/docs/messages/module-not-found)
eh-code-studio-desktop:build:     at <unknown> (./apps/desktop/renderer/components/code-studio/WelcomeScreen.tsx:8:1)
eh-code-studio-desktop:build:     at <unknown> (https://nextjs.org/docs/messages/module-not-found)
eh-code-studio-desktop:build: ?덭LIFECYCLE??Command failed with exit code 1.
 ERROR  eh-code-studio-desktop#build: command (C:\eh-universe-web\apps\desktop) C:\Users\sung4\AppData\Local\pnpm\.tools\pnpm\9.15.0\bin\pnpm.CMD run build exited (1)

 Tasks:    3 successful, 4 total
Cached:    3 cached, 4 total
  Time:    4.086s 
Failed:    eh-code-studio-desktop#build

 ERROR  run failed: command  exited (1)
